Archive member included because of file (symbol)

/home/z80/programs/code-sourcery/2011.03-42/bin/../lib/gcc/arm-none-eabi/4.5.2/thumb2/libgcc.a(_aeabi_ldivmod.o)
                              build/obj/sweep_ctrl.o (__aeabi_ldivmod)
/home/z80/programs/code-sourcery/2011.03-42/bin/../lib/gcc/arm-none-eabi/4.5.2/thumb2/libgcc.a(bpabi.o)
                              /home/z80/programs/code-sourcery/2011.03-42/bin/../lib/gcc/arm-none-eabi/4.5.2/thumb2/libgcc.a(_aeabi_ldivmod.o) (__gnu_ldivmod_helper)
/home/z80/programs/code-sourcery/2011.03-42/bin/../lib/gcc/arm-none-eabi/4.5.2/thumb2/libgcc.a(_dvmd_tls.o)
                              /home/z80/programs/code-sourcery/2011.03-42/bin/../lib/gcc/arm-none-eabi/4.5.2/thumb2/libgcc.a(_aeabi_ldivmod.o) (__aeabi_ldiv0)
/home/z80/programs/code-sourcery/2011.03-42/bin/../lib/gcc/arm-none-eabi/4.5.2/thumb2/libgcc.a(_divdi3.o)
                              /home/z80/programs/code-sourcery/2011.03-42/bin/../lib/gcc/arm-none-eabi/4.5.2/thumb2/libgcc.a(bpabi.o) (__divdi3)
/home/z80/programs/code-sourcery/2011.03-42/bin/../lib/gcc/arm-none-eabi/4.5.2/thumb2/libgcc.a(_udivdi3.o)
                              /home/z80/programs/code-sourcery/2011.03-42/bin/../lib/gcc/arm-none-eabi/4.5.2/thumb2/libgcc.a(bpabi.o) (__udivdi3)
/home/z80/programs/code-sourcery/2011.03-42/bin/../lib/gcc/arm-none-eabi/4.5.2/thumb2/libgcc.a(_udivsi3.o)
                              /home/z80/programs/code-sourcery/2011.03-42/bin/../lib/gcc/arm-none-eabi/4.5.2/thumb2/libgcc.a(_divdi3.o) (__aeabi_uidiv)
/home/z80/programs/code-sourcery/2011.03-42/bin/../lib/gcc/arm-none-eabi/4.5.2/../../../../arm-none-eabi/lib/thumb2/libc.a(lib_a-memset.o)
                              build/obj/syscalls.o (memset)
/home/z80/programs/code-sourcery/2011.03-42/bin/../lib/gcc/arm-none-eabi/4.5.2/../../../../arm-none-eabi/lib/thumb2/libc.a(lib_a-strcasecmp.o)
                              build/obj/shell.o (strcasecmp)
/home/z80/programs/code-sourcery/2011.03-42/bin/../lib/gcc/arm-none-eabi/4.5.2/../../../../arm-none-eabi/lib/thumb2/libc.a(lib_a-strchr.o)
                              build/obj/shell.o (strchr)
/home/z80/programs/code-sourcery/2011.03-42/bin/../lib/gcc/arm-none-eabi/4.5.2/../../../../arm-none-eabi/lib/thumb2/libc.a(lib_a-strspn.o)
                              build/obj/shell.o (strspn)
/home/z80/programs/code-sourcery/2011.03-42/bin/../lib/gcc/arm-none-eabi/4.5.2/../../../../arm-none-eabi/lib/thumb2/libc.a(lib_a-ctype_.o)
                              /home/z80/programs/code-sourcery/2011.03-42/bin/../lib/gcc/arm-none-eabi/4.5.2/../../../../arm-none-eabi/lib/thumb2/libc.a(lib_a-strcasecmp.o) (__ctype_ptr__)

Discarded input sections

 .text          0x00000000        0x0 build/obj/crt0.o
 .data          0x00000000        0x0 build/obj/crt0.o
 .bss           0x00000000        0x0 build/obj/crt0.o
 .text.__early_init
                0x00000000       0x10 build/obj/crt0.o
 .text          0x00000000        0x0 build/obj/vectors.o
 .data          0x00000000        0x0 build/obj/vectors.o
 .bss           0x00000000        0x0 build/obj/vectors.o
 .text          0x00000000        0x0 build/obj/chcore.o
 .data          0x00000000        0x0 build/obj/chcore.o
 .bss           0x00000000        0x0 build/obj/chcore.o
 .text          0x00000000        0x0 build/obj/chcore_v7m.o
 .data          0x00000000        0x0 build/obj/chcore_v7m.o
 .bss           0x00000000        0x0 build/obj/chcore_v7m.o
 .text          0x00000000        0x0 build/obj/nvic.o
 .data          0x00000000        0x0 build/obj/nvic.o
 .bss           0x00000000        0x0 build/obj/nvic.o
 .text.nvicDisableVector
                0x00000000       0x40 build/obj/nvic.o
 .text          0x00000000        0x0 build/obj/chsys.o
 .data          0x00000000        0x0 build/obj/chsys.o
 .bss           0x00000000        0x0 build/obj/chsys.o
 .text          0x00000000        0x0 build/obj/chdebug.o
 .data          0x00000000        0x0 build/obj/chdebug.o
 .bss           0x00000000        0x0 build/obj/chdebug.o
 .text.dbg_check_disable
                0x00000000       0x30 build/obj/chdebug.o
 .text.dbg_check_suspend
                0x00000000       0x30 build/obj/chdebug.o
 .text          0x00000000        0x0 build/obj/chlists.o
 .data          0x00000000        0x0 build/obj/chlists.o
 .bss           0x00000000        0x0 build/obj/chlists.o
 .text          0x00000000        0x0 build/obj/chvt.o
 .data          0x00000000        0x0 build/obj/chvt.o
 .bss           0x00000000        0x0 build/obj/chvt.o
 .text.chTimeIsWithin
                0x00000000       0x30 build/obj/chvt.o
 .text          0x00000000        0x0 build/obj/chschd.o
 .data          0x00000000        0x0 build/obj/chschd.o
 .bss           0x00000000        0x0 build/obj/chschd.o
 .text.chSchRescheduleS
                0x00000000       0x30 build/obj/chschd.o
 .text          0x00000000        0x0 build/obj/chthreads.o
 .data          0x00000000        0x0 build/obj/chthreads.o
[...]
Memory Configuration

Name             Origin             Length             Attributes
flash            0x08005000         0x0001b000
ram              0x20000000         0x00005000
*default*        0x00000000         0xffffffff

Linker script and memory map

LOAD build/obj/crt0.o
LOAD build/obj/vectors.o
LOAD build/obj/chcore.o
LOAD build/obj/chcore_v7m.o
LOAD build/obj/nvic.o
LOAD build/obj/chsys.o
LOAD build/obj/chdebug.o
LOAD build/obj/chlists.o
LOAD build/obj/chvt.o
LOAD build/obj/chschd.o
LOAD build/obj/chthreads.o
LOAD build/obj/chdynamic.o
LOAD build/obj/chregistry.o
LOAD build/obj/chsem.o
LOAD build/obj/chmtx.o
LOAD build/obj/chcond.o
LOAD build/obj/chevents.o
LOAD build/obj/chmsg.o
LOAD build/obj/chmboxes.o
LOAD build/obj/chqueues.o
LOAD build/obj/chmemcore.o
LOAD build/obj/chheap.o
LOAD build/obj/chmempools.o
LOAD build/obj/test.o
LOAD build/obj/testthd.o
LOAD build/obj/testsem.o
LOAD build/obj/testmtx.o
LOAD build/obj/testmsg.o
LOAD build/obj/testmbox.o
LOAD build/obj/testevt.o
LOAD build/obj/testheap.o
LOAD build/obj/testpools.o
LOAD build/obj/testdyn.o
LOAD build/obj/testqueues.o
LOAD build/obj/testbmk.o
LOAD build/obj/hal.o
LOAD build/obj/adc.o
LOAD build/obj/can.o
LOAD build/obj/ext.o
LOAD build/obj/gpt.o
LOAD build/obj/i2c.o
LOAD build/obj/icu.o
LOAD build/obj/mac.o
LOAD build/obj/pal.o
LOAD build/obj/pwm.o
LOAD build/obj/sdc.o
LOAD build/obj/serial.o
LOAD build/obj/spi.o
LOAD build/obj/uart.o
LOAD build/obj/usb.o
LOAD build/obj/tm.o
LOAD build/obj/mmc_spi.o
LOAD build/obj/serial_usb.o
LOAD build/obj/rtc.o
LOAD build/obj/stm32_dma.o
LOAD build/obj/hal_lld.o
LOAD build/obj/adc_lld.o
LOAD build/obj/can_lld.o
LOAD build/obj/ext_lld.o
LOAD build/obj/gpt_lld.o
LOAD build/obj/i2c_lld.o
LOAD build/obj/icu_lld.o
LOAD build/obj/mac_lld.o
LOAD build/obj/pwm_lld.o
LOAD build/obj/serial_lld.o
LOAD build/obj/sdc_lld.o
LOAD build/obj/spi_lld.o
LOAD build/obj/uart_lld.o
LOAD build/obj/pal_lld.o
LOAD build/obj/usb_lld.o
LOAD build/obj/rtc_lld.o
LOAD build/obj/board.o
LOAD build/obj/evtimer.o
LOAD build/obj/syscalls.o
LOAD build/obj/shell.o
LOAD build/obj/chprintf.o
LOAD build/obj/iwdg.o
LOAD build/obj/iwdg_lld.o
LOAD build/obj/main.o
LOAD build/obj/cpu_io.o
LOAD build/obj/led_ctrl.o
LOAD build/obj/sweep_ctrl.o
LOAD build/obj/adc_ctrl.o
LOAD build/obj/dac_ctrl.o
LOAD build/obj/timer_ctrl.o
LOAD build/obj/temp_ctrl.o
LOAD build/obj/output_ctrl.o
LOAD build/obj/dfu_ctrl.o
START GROUP
LOAD /home/z80/programs/code-sourcery/2011.03-42/bin/../lib/gcc/arm-none-eabi/4.5.2/thumb2/libgcc.a
LOAD /home/z80/programs/code-sourcery/2011.03-42/bin/../lib/gcc/arm-none-eabi/4.5.2/../../../../arm-none-eabi/lib/thumb2/libc.a
END GROUP
                0x00000400                __main_stack_size__ = 0x400
                0x00000400                __process_stack_size__ = 0x400
                0x20000000                __ram_start__ = 0x20000000
                0x00005000                __ram_size__ = 0x5000
                0x20005000                __ram_end__ = (__ram_start__ + __ram_size__)
                0x00000000                . = 0x0
                0x00000000                _text = .

startup         0x08005000       0xec
 *(vectors)
 vectors        0x08005000       0xec build/obj/vectors.o
                0x08005000                _vectors

constructors    0x080050ec        0x0
                0x080050ec                PROVIDE (__init_array_start, .)
 *(SORT(.init_array.*))
 *(.init_array)
                0x080050ec                PROVIDE (__init_array_end, .)

destructors     0x080050ec        0x0
                0x080050ec                PROVIDE (__fini_array_start, .)
 *(.fini_array)
 *(SORT(.fini_array.*))
                0x080050ec                PROVIDE (__fini_array_end, .)

.text           0x080050f0     0x5834
 *(.text.startup.*)
 *(.text)
 .text          0x080050f0       0x38 /home/z80/programs/code-sourcery/2011.03-42/bin/../lib/gcc/arm-none-eabi/4.5.2/thumb2/libgcc.a(_aeabi_ldivmod.o)
                0x080050f0                __aeabi_ldivmod
 *fill*         0x08005128        0x8 00
 .text          0x08005130       0x60 /home/z80/programs/code-sourcery/2011.03-42/bin/../lib/gcc/arm-none-eabi/4.5.2/thumb2/libgcc.a(bpabi.o)
                0x08005130                __gnu_ldivmod_helper
                0x08005160                __gnu_uldivmod_helper
 .text          0x08005190        0x4 /home/z80/programs/code-sourcery/2011.03-42/bin/../lib/gcc/arm-none-eabi/4.5.2/thumb2/libgcc.a(_dvmd_tls.o)
                0x08005190                __aeabi_ldiv0
                0x08005190                __aeabi_idiv0
 *fill*         0x08005194        0xc 00
 .text          0x080051a0      0x360 /home/z80/programs/code-sourcery/2011.03-42/bin/../lib/gcc/arm-none-eabi/4.5.2/thumb2/libgcc.a(_divdi3.o)
                0x080051a0                __divdi3
 .text          0x08005500      0x308 /home/z80/programs/code-sourcery/2011.03-42/bin/../lib/gcc/arm-none-eabi/4.5.2/thumb2/libgcc.a(_udivdi3.o)
                0x08005500                __udivdi3
 *fill*         0x08005808        0x8 00
 .text          0x08005810      0x278 /home/z80/programs/code-sourcery/2011.03-42/bin/../lib/gcc/arm-none-eabi/4.5.2/thumb2/libgcc.a(_udivsi3.o)
                0x08005810                __udivsi3
                0x08005810                __aeabi_uidiv
                0x08005a6c                __aeabi_uidivmod
 *(.text.*)
 *fill*         0x08005a88        0x8 00
 .text.__late_init
                0x08005a90       0x10 build/obj/crt0.o
                0x08005a90                __late_init
 .text._default_exit
                0x08005aa0       0x10 build/obj/crt0.o
                0x08005aa0                _default_exit
 .text.ResetHandler
                0x08005ab0      0x1d0 build/obj/crt0.o
                0x08005ab0                ResetHandler
 .text._unhandled_exception
                0x08005c80       0x10 build/obj/vectors.o
                0x08005c80                VectorAC
                0x08005c80                NMIVector
                0x08005c80                Vector8C
                0x08005c80                VectorDC
                0x08005c80                VectorC8
                0x08005c80                Vector94
                0x08005c80                VectorA8
                0x08005c80                VectorB4
                0x08005c80                UsageFaultVector
                0x08005c80                DebugMonitorVector
                0x08005c80                Vector40
                0x08005c80                PendSVVector
                0x08005c80                VectorCC
                0x08005c80                Vector54
                0x08005c80                Vector98
                0x08005c80                Vector24
                0x08005c80                BusFaultVector
                0x08005c80                VectorD0
                0x08005c80                VectorE4
                0x08005c80                HardFaultVector
                0x08005c80                MemManageVector
                0x08005c80                VectorA0
                0x08005c80                VectorC4
                0x08005c80                VectorB0
                0x08005c80                Vector90
                0x08005c80                Vector1C
                0x08005c80                Vector48
                0x08005c80                Vector4C
                0x08005c80                _unhandled_exception
                0x08005c80                Vector88
                0x08005c80                Vector50
                0x08005c80                Vector28
                0x08005c80                VectorB8
                0x08005c80                Vector34
                0x08005c80                Vector20
 .text.port_halt
                0x08005c90       0x10 build/obj/chcore.o
                0x08005c90                port_halt
 .text._port_switch_from_isr
                0x08005ca0       0x10 build/obj/chcore_v7m.o
                0x08005ca0                _port_switch_from_isr
 .text.SVCallVector
                0x08005cb0       0x20 build/obj/chcore_v7m.o
                0x08005cb0                SVCallVector
 .text._port_init
                0x08005cd0       0x40 build/obj/chcore_v7m.o
                0x08005cd0                _port_init
 .text._port_irq_epilogue
                0x08005d10       0x70 build/obj/chcore_v7m.o
                0x08005d10                _port_irq_epilogue
 .text.SysTickVector
                0x08005d80       0x30 build/obj/chcore_v7m.o
                0x08005d80                SysTickVector
 .text._port_switch
                0x08005db0       0x10 build/obj/chcore_v7m.o
                0x08005db0                _port_switch
 .text._port_thread_start
                0x08005dc0       0x20 build/obj/chcore_v7m.o
                0x08005dc0                _port_thread_start
 .text.nvicEnableVector
                0x08005de0       0x50 build/obj/nvic.o
                0x08005de0                nvicEnableVector
 .text.nvicSetSystemHandlerPriority
                0x08005e30       0x30 build/obj/nvic.o
                0x08005e30                nvicSetSystemHandlerPriority
 .text._idle_thread
                0x08005e60       0x20 build/obj/chsys.o
                0x08005e60                _idle_thread
 .text.chSysInit
                0x08005e80       0x70 build/obj/chsys.o
                0x08005e80                chSysInit
 .text.chSysTimerHandlerI
                0x08005ef0       0x60 build/obj/chsys.o
                0x08005ef0                chSysTimerHandlerI
 .text.dbg_check_enable
                0x08005f50       0x30 build/obj/chdebug.o
                0x08005f50                dbg_check_enable
 .text.dbg_check_lock
                0x08005f80       0x40 build/obj/chdebug.o
                0x08005f80                dbg_check_lock
 .text.dbg_check_unlock
                0x08005fc0       0x40 build/obj/chdebug.o
                0x08005fc0                dbg_check_unlock
 .text.dbg_check_lock_from_isr
                0x08006000       0x40 build/obj/chdebug.o
                0x08006000                dbg_check_lock_from_isr
 .text.dbg_check_unlock_from_isr
                0x08006040       0x40 build/obj/chdebug.o
                0x08006040                dbg_check_unlock_from_isr
 .text.dbg_check_enter_isr
                0x08006080       0x40 build/obj/chdebug.o
                0x08006080                dbg_check_enter_isr
 .text.dbg_check_leave_isr
                0x080060c0       0x40 build/obj/chdebug.o
                0x080060c0                dbg_check_leave_isr
 .text.chDbgCheckClassI
                0x08006100       0x30 build/obj/chdebug.o
                0x08006100                chDbgCheckClassI
 .text.chDbgCheckClassS
                0x08006130       0x30 build/obj/chdebug.o
                0x08006130                chDbgCheckClassS
 .text._trace_init
                0x08006160       0x20 build/obj/chdebug.o
                0x08006160                _trace_init
 .text.dbg_trace
                0x08006180       0x50 build/obj/chdebug.o
                0x08006180                dbg_trace
 .text.chDbgPanic
                0x080061d0       0x10 build/obj/chdebug.o
                0x080061d0                chDbgPanic
 .text._vt_init
                0x080061e0       0x20 build/obj/chvt.o
                0x080061e0                _vt_init
 .text.chVTSetI
                0x08006200       0x60 build/obj/chvt.o
                0x08006200                chVTSetI
 .text.chVTResetI
                0x08006260       0x50 build/obj/chvt.o
                0x08006260                chVTResetI
 .text._scheduler_init
                0x080062b0       0x20 build/obj/chschd.o
                0x080062b0                _scheduler_init
 .text.chSchReadyI
                0x080062d0       0x40 build/obj/chschd.o
                0x080062d0                chSchReadyI
 .text.wakeup   0x08006310       0x40 build/obj/chschd.o
 .text.chSchGoSleepS
                0x08006350       0x50 build/obj/chschd.o
                0x08006350                chSchGoSleepS
 .text.chSchGoSleepTimeoutS
                0x080063a0       0x50 build/obj/chschd.o
                0x080063a0                chSchGoSleepTimeoutS
 .text.chSchWakeupS
                0x080063f0       0x60 build/obj/chschd.o
                0x080063f0                chSchWakeupS
 .text.chSchDoReschedule
                0x08006450       0x50 build/obj/chschd.o
                0x08006450                chSchDoReschedule
 .text._thread_init
                0x080064a0       0x50 build/obj/chthreads.o
                0x080064a0                _thread_init
 .text.chThdCreateI
                0x080064f0       0x80 build/obj/chthreads.o
                0x080064f0                chThdCreateI
 .text.chThdCreateStatic
                0x08006570       0x90 build/obj/chthreads.o
                0x08006570                chThdCreateStatic
 .text.chThdSleep
                0x08006600       0x30 build/obj/chthreads.o
                0x08006600                chThdSleep
 .text.chThdExitS
                0x08006630       0x50 build/obj/chthreads.o
                0x08006630                chThdExitS
 .text.chThdExit
                0x08006680       0x20 build/obj/chthreads.o
                0x08006680                chThdExit
 .text.chMtxInit
                0x080066a0       0x30 build/obj/chmtx.o
                0x080066a0                chMtxInit
 .text.chMtxLockS
                0x080066d0      0x100 build/obj/chmtx.o
                0x080066d0                chMtxLockS
 .text.chMtxLock
                0x080067d0       0x20 build/obj/chmtx.o
                0x080067d0                chMtxLock
 .text.chMtxUnlock
                0x080067f0       0xa0 build/obj/chmtx.o
                0x080067f0                chMtxUnlock
 .text.chEvtSignalFlagsI
                0x08006890       0x50 build/obj/chevents.o
                0x08006890                chEvtSignalFlagsI
 .text.chEvtBroadcastFlagsI
                0x080068e0       0x40 build/obj/chevents.o
                0x080068e0                chEvtBroadcastFlagsI
 .text.qwait    0x08006920       0x30 build/obj/chqueues.o
 .text.chIQInit
                0x08006950       0x20 build/obj/chqueues.o
                0x08006950                chIQInit
 .text.chIQPutI
                0x08006970       0x60 build/obj/chqueues.o
                0x08006970                chIQPutI
 .text.chIQGetTimeout
                0x080069d0       0x60 build/obj/chqueues.o
                0x080069d0                chIQGetTimeout
 .text.chIQReadTimeout
                0x08006a30       0x90 build/obj/chqueues.o
                0x08006a30                chIQReadTimeout
 .text.chOQInit
                0x08006ac0       0x20 build/obj/chqueues.o
                0x08006ac0                chOQInit
 .text.chOQPutTimeout
                0x08006ae0       0x70 build/obj/chqueues.o
                0x08006ae0                chOQPutTimeout
 .text.chOQGetI
                0x08006b50       0x50 build/obj/chqueues.o
                0x08006b50                chOQGetI
 .text.chOQWriteTimeout
                0x08006ba0       0xb0 build/obj/chqueues.o
                0x08006ba0                chOQWriteTimeout
 .text._core_init
                0x08006c50       0x30 build/obj/chmemcore.o
                0x08006c50                _core_init
 .text.halInit  0x08006c80       0x30 build/obj/hal.o
                0x08006c80                halInit
 .text.extInit  0x08006cb0       0x10 build/obj/ext.o
                0x08006cb0                extInit
 .text.extObjectInit
                0x08006cc0       0x10 build/obj/ext.o
                0x08006cc0                extObjectInit
 .text.extStart
                0x08006cd0       0x50 build/obj/ext.o
                0x08006cd0                extStart
 .text.extChannelEnable
                0x08006d20       0x50 build/obj/ext.o
                0x08006d20                extChannelEnable
 .text.extChannelDisable
                0x08006d70       0x50 build/obj/ext.o
                0x08006d70                extChannelDisable
 .text.gptInit  0x08006dc0       0x10 build/obj/gpt.o
                0x08006dc0                gptInit
 .text.gptObjectInit
                0x08006dd0       0x10 build/obj/gpt.o
                0x08006dd0                gptObjectInit
 .text.gptStart
                0x08006de0       0x50 build/obj/gpt.o
                0x08006de0                gptStart
 .text.gptStartContinuousI
                0x08006e30       0x40 build/obj/gpt.o
                0x08006e30                gptStartContinuousI
 .text.gptStartContinuous
                0x08006e70       0x30 build/obj/gpt.o
                0x08006e70                gptStartContinuous
 .text.i2cInit  0x08006ea0       0x10 build/obj/i2c.o
                0x08006ea0                i2cInit
 .text.i2cObjectInit
                0x08006eb0       0x10 build/obj/i2c.o
                0x08006eb0                i2cObjectInit
 .text.i2cStart
                0x08006ec0       0x50 build/obj/i2c.o
                0x08006ec0                i2cStart
 .text.i2cMasterTransmitTimeout
                0x08006f10       0xa0 build/obj/i2c.o
                0x08006f10                i2cMasterTransmitTimeout
 .text.putwouldblock
                0x08006fb0       0x10 build/obj/serial.o
 .text.getwouldblock
                0x08006fc0       0x10 build/obj/serial.o
 .text.getflags
                0x08006fd0       0x30 build/obj/serial.o
 .text.readt    0x08007000       0x10 build/obj/serial.o
 .text.reads    0x08007010       0x10 build/obj/serial.o
 .text.writet   0x08007020       0x10 build/obj/serial.o
 .text.writes   0x08007030       0x10 build/obj/serial.o
 .text.gett     0x08007040       0x10 build/obj/serial.o
 .text.putt     0x08007050       0x10 build/obj/serial.o
 .text.sdInit   0x08007060       0x10 build/obj/serial.o
                0x08007060                sdInit
 .text.sdObjectInit
                0x08007070       0x50 build/obj/serial.o
                0x08007070                sdObjectInit
 .text.sdStart  0x080070c0       0x50 build/obj/serial.o
                0x080070c0                sdStart
 .text.sdIncomingDataI
                0x08007110       0x60 build/obj/serial.o
                0x08007110                sdIncomingDataI
 .text.spiInit  0x08007170       0x10 build/obj/spi.o
                0x08007170                spiInit
 .text.spiObjectInit
                0x08007180       0x10 build/obj/spi.o
                0x08007180                spiObjectInit
 .text.spiStart
                0x08007190       0x50 build/obj/spi.o
                0x08007190                spiStart
 .text.Vector6C
                0x080071e0       0x30 build/obj/stm32_dma.o
                0x080071e0                Vector6C
 .text.Vector70
                0x08007210       0x30 build/obj/stm32_dma.o
                0x08007210                Vector70
 .text.Vector74
                0x08007240       0x40 build/obj/stm32_dma.o
                0x08007240                Vector74
 .text.Vector78
                0x08007280       0x40 build/obj/stm32_dma.o
                0x08007280                Vector78
 .text.Vector7C
                0x080072c0       0x40 build/obj/stm32_dma.o
                0x080072c0                Vector7C
 .text.Vector80
                0x08007300       0x40 build/obj/stm32_dma.o
                0x08007300                Vector80
 .text.Vector84
                0x08007340       0x40 build/obj/stm32_dma.o
                0x08007340                Vector84
 .text.dmaInit  0x08007380       0x60 build/obj/stm32_dma.o
                0x08007380                dmaInit
 .text.dmaStreamAllocate
                0x080073e0       0xa0 build/obj/stm32_dma.o
                0x080073e0                dmaStreamAllocate
 .text.hal_lld_init
                0x08007480       0xa0 build/obj/hal_lld.o
                0x08007480                hal_lld_init
 .text.stm32_clock_init
                0x08007520       0x90 build/obj/hal_lld.o
                0x08007520                stm32_clock_init
 .text.Vector58
                0x080075b0       0x30 build/obj/ext_lld.o
                0x080075b0                Vector58
 .text.Vector5C
                0x080075e0       0x30 build/obj/ext_lld.o
                0x080075e0                Vector5C
 .text.Vector60
                0x08007610       0x30 build/obj/ext_lld.o
                0x08007610                Vector60
 .text.Vector64
                0x08007640       0x30 build/obj/ext_lld.o
                0x08007640                Vector64
 .text.Vector68
                0x08007670       0x30 build/obj/ext_lld.o
                0x08007670                Vector68
 .text.Vector9C
                0x080076a0       0x80 build/obj/ext_lld.o
                0x080076a0                Vector9C
 .text.VectorE0
                0x08007720       0x90 build/obj/ext_lld.o
                0x08007720                VectorE0
 .text.Vector44
                0x080077b0       0x30 build/obj/ext_lld.o
                0x080077b0                Vector44
 .text.VectorE8
                0x080077e0       0x30 build/obj/ext_lld.o
                0x080077e0                VectorE8
 .text.ext_lld_init
                0x08007810       0x10 build/obj/ext_lld.o
                0x08007810                ext_lld_init
 .text.ext_lld_start
                0x08007820      0x170 build/obj/ext_lld.o
                0x08007820                ext_lld_start
 .text.ext_lld_channel_enable
                0x08007990       0x60 build/obj/ext_lld.o
                0x08007990                ext_lld_channel_enable
 .text.ext_lld_channel_disable
                0x080079f0       0x30 build/obj/ext_lld.o
                0x080079f0                ext_lld_channel_disable
 .text.VectorA4
                0x08007a20       0x40 build/obj/gpt_lld.o
                0x08007a20                VectorA4
 .text.gpt_lld_init
                0x08007a60       0x20 build/obj/gpt_lld.o
                0x08007a60                gpt_lld_init
 .text.gpt_lld_start
                0x08007a80       0x80 build/obj/gpt_lld.o
                0x08007a80                gpt_lld_start
 .text.gpt_lld_start_timer
                0x08007b00       0x20 build/obj/gpt_lld.o
                0x08007b00                gpt_lld_start_timer
 .text.i2c_lld_abort_operation
                0x08007b20       0x50 build/obj/i2c_lld.o
 .text.i2c_lld_safety_timeout
                0x08007b70       0x30 build/obj/i2c_lld.o
 .text.i2c_lld_serve_tx_end_irq
                0x08007ba0       0x40 build/obj/i2c_lld.o
 .text.i2c_lld_serve_rx_end_irq
                0x08007be0       0x80 build/obj/i2c_lld.o
 .text.VectorBC
                0x08007c60      0x1c0 build/obj/i2c_lld.o
                0x08007c60                VectorBC
 .text.VectorC0
                0x08007e20      0x180 build/obj/i2c_lld.o
                0x08007e20                VectorC0
 .text.i2c_lld_init
                0x08007fa0       0x30 build/obj/i2c_lld.o
                0x08007fa0                i2c_lld_init
 .text.i2c_lld_start
                0x08007fd0      0x2d0 build/obj/i2c_lld.o
                0x08007fd0                i2c_lld_start
 .text.i2c_lld_master_transmit_timeout
                0x080082a0      0x130 build/obj/i2c_lld.o
                0x080082a0                i2c_lld_master_transmit_timeout
 .text.notify1  0x080083d0       0x20 build/obj/serial_lld.o
 .text.notify2  0x080083f0       0x20 build/obj/serial_lld.o
 .text.serve_interrupt
                0x08008410      0x160 build/obj/serial_lld.o
 .text.VectorD4
                0x08008570       0x20 build/obj/serial_lld.o
                0x08008570                VectorD4
 .text.VectorD8
                0x08008590       0x20 build/obj/serial_lld.o
                0x08008590                VectorD8
 .text.sd_lld_init
                0x080085b0       0x40 build/obj/serial_lld.o
                0x080085b0                sd_lld_init
 .text.sd_lld_start
                0x080085f0       0xa0 build/obj/serial_lld.o
                0x080085f0                sd_lld_start
 .text.spi_lld_serve_tx_interrupt
                0x08008690       0x10 build/obj/spi_lld.o
 .text.spi_lld_serve_rx_interrupt
                0x080086a0       0x70 build/obj/spi_lld.o
 .text.spi_lld_init
                0x08008710       0x70 build/obj/spi_lld.o
                0x08008710                spi_lld_init
 .text.spi_lld_start
                0x08008780      0x110 build/obj/spi_lld.o
                0x08008780                spi_lld_start
 .text.spi_lld_select
                0x08008890       0x10 build/obj/spi_lld.o
                0x08008890                spi_lld_select
 .text.spi_lld_unselect
                0x080088a0       0x10 build/obj/spi_lld.o
                0x080088a0                spi_lld_unselect
 .text.spi_lld_send
                0x080088b0       0x40 build/obj/spi_lld.o
                0x080088b0                spi_lld_send
 .text.spi_lld_receive
                0x080088f0       0x40 build/obj/spi_lld.o
                0x080088f0                spi_lld_receive
 .text._pal_lld_init
                0x08008930       0x70 build/obj/pal_lld.o
                0x08008930                _pal_lld_init
 .text._pal_lld_setgroupmode
                0x080089a0      0x150 build/obj/pal_lld.o
                0x080089a0                _pal_lld_setgroupmode
 .text.__early_init
                0x08008af0       0x10 build/obj/board.o
                0x08008af0                __early_init
 .text.boardInit
                0x08008b00       0x10 build/obj/board.o
                0x08008b00                boardInit
 .text.main     0x08008b10       0x40 build/obj/main.o
                0x08008b10                main
 .text.writeResult
                0x08008b50       0x30 build/obj/cpu_io.o
 .text.writeEom
                0x08008b80       0x10 build/obj/cpu_io.o
 .text.firmware_upgrade
                0x08008b90       0x20 build/obj/cpu_io.o
 .text.firmware_version
                0x08008bb0       0x50 build/obj/cpu_io.o
 .text.hardware_version
                0x08008c00       0xa0 build/obj/cpu_io.o
 .text.set_output
                0x08008ca0       0x10 build/obj/cpu_io.o
 .text.get_sweep_data
                0x08008cb0      0x100 build/obj/cpu_io.o
 .text.get_sweep_en
                0x08008db0       0x20 build/obj/cpu_io.o
 .text.set_sweep_en
                0x08008dd0       0x10 build/obj/cpu_io.o
 .text.set_sweep_time
                0x08008de0       0x40 build/obj/cpu_io.o
 .text.set_sweep_range
                0x08008e20       0x40 build/obj/cpu_io.o
 .text.set_trigger_en
                0x08008e60       0x10 build/obj/cpu_io.o
 .text.get_temp
                0x08008e70       0x20 build/obj/cpu_io.o
 .text.get_osc_data
                0x08008e90      0x100 build/obj/cpu_io.o
 .text.set_osc_period
                0x08008f90       0x20 build/obj/cpu_io.o
 .text.set_osc_signals
                0x08008fb0       0x10 build/obj/cpu_io.o
 .text.get_adc  0x08008fc0       0xa0 build/obj/cpu_io.o
 .text.set_dac2
                0x08009060       0x20 build/obj/cpu_io.o
 .text.set_dac1
                0x08009080       0x20 build/obj/cpu_io.o
 .text.set_led  0x080090a0       0x10 build/obj/cpu_io.o
 .text.initCpuIo
                0x080090b0       0x50 build/obj/cpu_io.o
                0x080090b0                initCpuIo
 .text.processCpuIo
                0x08009100      0x100 build/obj/cpu_io.o
                0x08009100                processCpuIo
 .text.ledsThread
                0x08009200       0x70 build/obj/led_ctrl.o
 .text.initLed  0x08009270       0x60 build/obj/led_ctrl.o
                0x08009270                initLed
 .text.setLeds  0x080092d0       0x20 build/obj/led_ctrl.o
                0x080092d0                setLeds
 .text.recordAdc
                0x080092f0       0xa0 build/obj/sweep_ctrl.o
 .text.extCb    0x08009390       0x20 build/obj/sweep_ctrl.o
 .text.initSweep
                0x080093b0       0x50 build/obj/sweep_ctrl.o
                0x080093b0                initSweep
 .text.setSweepRange
                0x08009400       0x20 build/obj/sweep_ctrl.o
                0x08009400                setSweepRange
 .text.setSweepTime
                0x08009420       0x20 build/obj/sweep_ctrl.o
                0x08009420                setSweepTime
 .text.processSweepI
                0x08009440      0x100 build/obj/sweep_ctrl.o
                0x08009440                processSweepI
 .text.setSweepEn
                0x08009540       0x40 build/obj/sweep_ctrl.o
                0x08009540                setSweepEn
 .text.sweepEn  0x08009580       0x30 build/obj/sweep_ctrl.o
                0x08009580                sweepEn
 .text.setTrigEn
                0x080095b0       0x20 build/obj/sweep_ctrl.o
                0x080095b0                setTrigEn
 .text.sweepQueue
                0x080095d0       0x10 build/obj/sweep_ctrl.o
                0x080095d0                sweepQueue
 .text.onSpiComplete
                0x080095e0      0x230 build/obj/adc_ctrl.o
 .text.initAdc  0x08009810       0xa0 build/obj/adc_ctrl.o
                0x08009810                initAdc
 .text.queryAdcI
                0x080098b0       0x30 build/obj/adc_ctrl.o
                0x080098b0                queryAdcI
 .text.adcQueue
                0x080098e0       0x10 build/obj/adc_ctrl.o
                0x080098e0                adcQueue
 .text.instantAdcI
                0x080098f0       0x20 build/obj/adc_ctrl.o
                0x080098f0                instantAdcI
 .text.instantAdc
                0x08009910       0x20 build/obj/adc_ctrl.o
                0x08009910                instantAdc
 .text.setOscSignals
                0x08009930       0x30 build/obj/adc_ctrl.o
                0x08009930                setOscSignals
 .text.setOscPeriod
                0x08009960       0x30 build/obj/adc_ctrl.o
                0x08009960                setOscPeriod
 .text.onDacSpiComplete
                0x08009990       0x30 build/obj/dac_ctrl.o
 .text.setDacI  0x080099c0       0x30 build/obj/dac_ctrl.o
                0x080099c0                setDacI
 .text.setDac   0x080099f0       0x60 build/obj/dac_ctrl.o
                0x080099f0                setDac
 .text.initDac  0x08009a50       0xc0 build/obj/dac_ctrl.o
                0x08009a50                initDac
 .text.setDac1  0x08009b10       0x20 build/obj/dac_ctrl.o
                0x08009b10                setDac1
 .text.setDac2  0x08009b30       0x20 build/obj/dac_ctrl.o
                0x08009b30                setDac2
 .text.processDacI
                0x08009b50       0xd0 build/obj/dac_ctrl.o
                0x08009b50                processDacI
 .text.currentDacs
                0x08009c20       0x30 build/obj/dac_ctrl.o
                0x08009c20                currentDacs
 .text.gptCb    0x08009c50       0x20 build/obj/timer_ctrl.o
 .text.initTimer
                0x08009c70       0x20 build/obj/timer_ctrl.o
                0x08009c70                initTimer
 .text.initTemp
                0x08009c90       0x70 build/obj/temp_ctrl.o
                0x08009c90                initTemp
 .text.processTemp
                0x08009d00       0x70 build/obj/temp_ctrl.o
                0x08009d00                processTemp
 .text.lastTemp
                0x08009d70       0x20 build/obj/temp_ctrl.o
                0x08009d70                lastTemp
 .text.initOutput
                0x08009d90       0x40 build/obj/output_ctrl.o
                0x08009d90                initOutput
 .text.setOutput
                0x08009dd0       0x30 build/obj/output_ctrl.o
                0x08009dd0                setOutput
 .text.firmwareUpgrade
                0x08009e00       0x30 build/obj/dfu_ctrl.o
                0x08009e00                firmwareUpgrade
 *(.rodata)
 *(.rodata.*)
 .rodata.str1.4
                0x08009e30        0xd build/obj/chsys.o
                                 0x10 (size before relaxing)
 *fill*         0x08009e3d        0x3 00
 .rodata.str1.4
                0x08009e40       0x56 build/obj/chdebug.o
                                 0x58 (size before relaxing)
 *fill*         0x08009e96        0xa 00
 .rodata.str1.4
                0x08009ea0       0x31 build/obj/chvt.o
                                 0x34 (size before relaxing)
 *fill*         0x08009ed1        0xf 00
 .rodata.str1.4
                0x08009ee0       0x23 build/obj/chschd.o
                                 0x24 (size before relaxing)
 *fill*         0x08009f03        0xd 00
 .rodata.str1.4
                0x08009f10       0x84 build/obj/chthreads.o
 *fill*         0x08009f94        0xc 00
 .rodata.str1.4
                0x08009fa0       0xab build/obj/chmtx.o
                                 0xac (size before relaxing)
 *fill*         0x0800a04b        0x5 00
 .rodata.str1.4
                0x0800a050       0x90 build/obj/chevents.o
 .rodata.str1.4
                0x0800a0e0       0x29 build/obj/chqueues.o
                                 0x2c (size before relaxing)
 *fill*         0x0800a109        0x7 00
 .rodata.str1.4
                0x0800a110       0x9c build/obj/ext.o
 *fill*         0x0800a1ac        0x4 00
 .rodata.str1.4
                0x0800a1b0       0xd9 build/obj/gpt.o
                                 0xdc (size before relaxing)
 *fill*         0x0800a289        0x7 00
 .rodata.str1.4
                0x0800a290       0xc3 build/obj/i2c.o
                                 0xc4 (size before relaxing)
 *fill*         0x0800a353        0xd 00
 .rodata.str1.4
                0x0800a360       0x5f build/obj/serial.o
                                 0x60 (size before relaxing)
 *fill*         0x0800a3bf        0x1 00
 .rodata.vmt    0x0800a3c0       0x24 build/obj/serial.o
 *fill*         0x0800a3e4        0xc 00
 .rodata.str1.4
                0x0800a3f0      0x12e build/obj/spi.o
                                0x130 (size before relaxing)
 *fill*         0x0800a51e        0x2 00
 .rodata.str1.4
                0x0800a520       0x31 build/obj/stm32_dma.o
                                 0x34 (size before relaxing)
 *fill*         0x0800a551        0xf 00
 .rodata._stm32_dma_streams
                0x0800a560       0x54 build/obj/stm32_dma.o
                0x0800a560                _stm32_dma_streams
 *fill*         0x0800a5b4        0xc 00
 .rodata.str1.4
                0x0800a5c0       0x14 build/obj/gpt_lld.o
 *fill*         0x0800a5d4        0xc 00
 .rodata.str1.4
                0x0800a5e0      0x130 build/obj/i2c_lld.o
 .rodata.default_config
                0x0800a710        0xc build/obj/serial_lld.o
 *fill*         0x0800a71c        0x4 00
 .rodata.str1.4
                0x0800a720       0x50 build/obj/spi_lld.o
 .rodata.cfgtab.6055
                0x0800a770       0x14 build/obj/pal_lld.o
 *fill*         0x0800a784        0xc 00
 .rodata.pal_default_config
                0x0800a790       0x3c build/obj/board.o
                0x0800a790                pal_default_config
 *fill*         0x0800a7cc        0x4 00
 .rodata.funcs  0x0800a7d0       0x48 build/obj/cpu_io.o
 *fill*         0x0800a818        0x8 00
 .rodata.str1.4
                0x0800a820       0x18 build/obj/cpu_io.o
 *fill*         0x0800a838        0x8 00
 .rodata.str1.4
                0x0800a840        0x4 build/obj/led_ctrl.o
 *fill*         0x0800a844        0xc 00
 .rodata.extcfg
                0x0800a850       0xa0 build/obj/sweep_ctrl.o
 .rodata.hs_spicfg
                0x0800a8f0        0xc build/obj/adc_ctrl.o
 *fill*         0x0800a8fc        0x4 00
 .rodata.gptCfg
                0x0800a900        0x8 build/obj/timer_ctrl.o
 *fill*         0x0800a908        0x8 00
 .rodata.i2cfg1
                0x0800a910        0xc build/obj/temp_ctrl.o
 *fill*         0x0800a91c        0x4 00
 .rodata.C.0.7048
                0x0800a920        0x4 build/obj/temp_ctrl.o
 *(.glue_7t)
 .glue_7t       0x00000000        0x0 linker stubs
 *(.glue_7)
 .glue_7        0x00000000        0x0 linker stubs
 *(.gcc*)

.vfp11_veneer   0x0800a924        0x0
 .vfp11_veneer  0x00000000        0x0 linker stubs

.v4_bx          0x0800a924        0x0
 .v4_bx         0x00000000        0x0 linker stubs

.ARM.extab
 *(.ARM.extab* .gnu.linkonce.armextab.*)

.ARM.exidx      0x0800a924        0x8
                0x0800a924                PROVIDE (__exidx_start, .)
 *(.ARM.exidx* .gnu.linkonce.armexidx.*)
 .ARM.exidx     0x0800a924        0x8 /home/z80/programs/code-sourcery/2011.03-42/bin/../lib/gcc/arm-none-eabi/4.5.2/thumb2/libgcc.a(_divdi3.o)
 .ARM.exidx     0x0800a92c        0x0 /home/z80/programs/code-sourcery/2011.03-42/bin/../lib/gcc/arm-none-eabi/4.5.2/thumb2/libgcc.a(_udivdi3.o)
                                  0x8 (size before relaxing)
                0x0800a92c                PROVIDE (__exidx_end, .)

.eh_frame_hdr
 *(.eh_frame_hdr)

.eh_frame
 *(.eh_frame)

.textalign      0x0800a92c        0x4
                0x0800a930                . = ALIGN (0x8)
 *fill*         0x0800a92c        0x4 00
                0x0800a930                . = ALIGN (0x4)
                0x0800a930                _etext = .
                0x0800a930                _textdata = _etext

.stacks         0x20000000      0x800
                0x20000000                . = ALIGN (0x8)
                0x20000000                __main_stack_base__ = .
                0x20000400                . = (. + __main_stack_size__)
 *fill*         0x20000000      0x400 00
                0x20000400                . = ALIGN (0x8)
                0x20000400                __main_stack_end__ = .
                0x20000400                __process_stack_base__ = .
                0x20000400                __main_thread_stack_base__ = .
                0x20000800                . = (. + __process_stack_size__)
 *fill*         0x20000400      0x400 00
                0x20000800                . = ALIGN (0x8)
                0x20000800                __process_stack_end__ = .
                0x20000800                __main_thread_stack_end__ = .

.data           0x20000800       0x44 load address 0x0800a930
                0x20000800                . = ALIGN (0x4)
                0x20000800                PROVIDE (_data, .)
 *(.data)
                0x20000800                . = ALIGN (0x4)
 *(.data.*)
 .data.instantAdcData
                0x20000800       0x10 build/obj/adc_ctrl.o
 .data.signalMask
                0x20000810        0x4 build/obj/adc_ctrl.o
                0x20000810                signalMask
 .data.period   0x20000814        0x4 build/obj/adc_ctrl.o
                0x20000814                period
 .data.dacValues
                0x20000818       0x10 build/obj/dac_ctrl.o
                0x20000818                dacValues
 .data.newValues
                0x20000828       0x10 build/obj/dac_ctrl.o
                0x20000828                newValues
 .data.hs_spicfg
                0x20000838        0xc build/obj/dac_ctrl.o
                0x20000844                . = ALIGN (0x4)
 *(.ramtext)
                0x20000844                . = ALIGN (0x4)
                0x20000844                PROVIDE (_edata, .)

.bss            0x20000848     0x1508 load address 0x0800a974
                0x20000848                . = ALIGN (0x4)
                0x20000848                PROVIDE (_bss_start, .)
 *(.bss)
                0x20000848                . = ALIGN (0x4)
 *(.bss.*)
 .bss.mainthread.4646
                0x20000848       0x48 build/obj/chsys.o
 .bss._idle_thread_wa
                0x20000890       0xc0 build/obj/chsys.o
                0x20000890                _idle_thread_wa
 .bss.dbg_isr_cnt
                0x20000950        0x4 build/obj/chdebug.o
                0x20000950                dbg_isr_cnt
 .bss.dbg_trace_buffer
                0x20000954      0x408 build/obj/chdebug.o
                0x20000954                dbg_trace_buffer
 .bss.dbg_lock_cnt
                0x20000d5c        0x4 build/obj/chdebug.o
                0x20000d5c                dbg_lock_cnt
 .bss.dbg_panic_msg
                0x20000d60        0x4 build/obj/chdebug.o
                0x20000d60                dbg_panic_msg
 .bss.vtlist    0x20000d64       0x10 build/obj/chvt.o
                0x20000d64                vtlist
 .bss.rlist     0x20000d74       0x20 build/obj/chschd.o
                0x20000d74                rlist
 .bss.endmem    0x20000d94        0x4 build/obj/chmemcore.o
 .bss.nextmem   0x20000d98        0x4 build/obj/chmemcore.o
 .bss.dma_isr_redir
                0x20000d9c       0x38 build/obj/stm32_dma.o
 .bss.dma_streams_mask
                0x20000dd4        0x4 build/obj/stm32_dma.o
 .bss.EXTD1     0x20000dd8        0x8 build/obj/ext_lld.o
                0x20000dd8                EXTD1
 .bss.GPTD1     0x20000de0       0x10 build/obj/gpt_lld.o
                0x20000de0                GPTD1
 .bss.I2CD1     0x20000df0       0x48 build/obj/i2c_lld.o
                0x20000df0                I2CD1
 .bss.SD1       0x20000e38      0x454 build/obj/serial_lld.o
                0x20000e38                SD1
 .bss.SD2       0x2000128c      0x454 build/obj/serial_lld.o
                0x2000128c                SD2
 .bss.dummytx   0x200016e0        0x2 build/obj/spi_lld.o
 *fill*         0x200016e2        0x2 00
 .bss.SPID1     0x200016e4       0x1c build/obj/spi_lld.o
                0x200016e4                SPID1
 .bss.SPID2     0x20001700       0x1c build/obj/spi_lld.o
                0x20001700                SPID2
 .bss.dummyrx   0x2000171c        0x2 build/obj/spi_lld.o
 *fill*         0x2000171e        0x2 00
 .bss.out_index.6487
                0x20001720        0x4 build/obj/cpu_io.o
 .bss.buffer    0x20001724       0x20 build/obj/cpu_io.o
 .bss.args      0x20001744       0x20 build/obj/cpu_io.o
 .bss.slash.6486
                0x20001764        0x1 build/obj/cpu_io.o
 *fill*         0x20001765        0x3 00
 .bss.mutex     0x20001768       0x10 build/obj/led_ctrl.o
 .bss.value     0x20001778        0x4 build/obj/led_ctrl.o
 *fill*         0x2000177c        0x4 00
 .bss.waLeds    0x20001780      0x1b0 build/obj/led_ctrl.o
 .bss.sweep_queue_buffer
                0x20001930      0x140 build/obj/sweep_ctrl.o
                0x20001930                sweep_queue_buffer
 .bss.swDacFrom
                0x20001a70       0x10 build/obj/sweep_ctrl.o
 .bss.sweepCmdQueue
                0x20001a80       0x20 build/obj/sweep_ctrl.o
                0x20001a80                sweepCmdQueue
 .bss.swPeriod  0x20001aa0        0x4 build/obj/sweep_ctrl.o
 .bss.swPtsCnt  0x20001aa4        0x4 build/obj/sweep_ctrl.o
 .bss.swDacTo   0x20001aa8       0x10 build/obj/sweep_ctrl.o
 .bss.sweepCmdBuffer
                0x20001ab8        0x4 build/obj/sweep_ctrl.o
                0x20001ab8                sweepCmdBuffer
 .bss.swPtIndex
                0x20001abc        0x4 build/obj/sweep_ctrl.o
 .bss.sweep_queue
                0x20001ac0       0x20 build/obj/sweep_ctrl.o
                0x20001ac0                sweep_queue
 .bss.swEnabled
                0x20001ae0        0x1 build/obj/sweep_ctrl.o
 *fill*         0x20001ae1        0x3 00
 .bss.swElapsed
                0x20001ae4        0x4 build/obj/sweep_ctrl.o
 .bss.swNextPtTime
                0x20001ae8        0x4 build/obj/sweep_ctrl.o
 .bss.adcPointer
                0x20001aec        0x4 build/obj/adc_ctrl.o
                0x20001aec                adcPointer
 .bss.adcFiltered
                0x20001af0       0x50 build/obj/adc_ctrl.o
                0x20001af0                adcFiltered
 .bss.adc_queue
                0x20001b40       0x20 build/obj/adc_ctrl.o
                0x20001b40                adc_queue
 .bss.adcRaw    0x20001b60       0x50 build/obj/adc_ctrl.o
                0x20001b60                adcRaw
 .bss.adc_rx_buffer
                0x20001bb0        0x4 build/obj/adc_ctrl.o
                0x20001bb0                adc_rx_buffer
 .bss.adcIndex  0x20001bb4        0x4 build/obj/adc_ctrl.o
 .bss.elapsed   0x20001bb8        0x4 build/obj/adc_ctrl.o
                0x20001bb8                elapsed
 .bss.adc_queue_buffer
                0x20001bbc      0x140 build/obj/adc_ctrl.o
                0x20001bbc                adc_queue_buffer
 .bss.dac_tx_buffer
                0x20001cfc        0x4 build/obj/dac_ctrl.o
                0x20001cfc                dac_tx_buffer
 .bss.dac_queue
                0x20001d00       0x20 build/obj/dac_ctrl.o
                0x20001d00                dac_queue
 .bss.dac_queue_buffer
                0x20001d20       0x18 build/obj/dac_ctrl.o
                0x20001d20                dac_queue_buffer
 .bss.i.6118    0x20001d38        0x1 build/obj/dac_ctrl.o
 *fill*         0x20001d39        0x3 00
 .bss.mutex     0x20001d3c       0x10 build/obj/temp_ctrl.o
 .bss.temperature
                0x20001d4c        0x2 build/obj/temp_ctrl.o
                0x20001d50                . = ALIGN (0x4)
 *fill*         0x20001d4e        0x2 00
 *(COMMON)
                0x20001d50                . = ALIGN (0x4)
                0x20001d50                PROVIDE (_bss_end, .)
                0x20001d50                PROVIDE (end, .)
                0x20001d50                _end = .
                0x20001d50                __heap_base__ = _end
                0x20005000                __heap_end__ = __ram_end__
OUTPUT(build/digitizer.elf elf32-littlearm)

.debug_abbrev   0x00000000     0x73b3
 .debug_abbrev  0x00000000       0xd9 build/obj/crt0.o
 .debug_abbrev  0x000000d9       0x74 build/obj/vectors.o
 .debug_abbrev  0x0000014d       0x41 build/obj/chcore.o
 .debug_abbrev  0x0000018e      0x1b4 build/obj/chcore_v7m.o
 .debug_abbrev  0x00000342       0xec build/obj/nvic.o
 .debug_abbrev  0x0000042e      0x17c build/obj/chsys.o
 .debug_abbrev  0x000005aa      0x210 build/obj/chdebug.o
 .debug_abbrev  0x000007ba       0x2a build/obj/chlists.o
 .debug_abbrev  0x000007e4      0x13d build/obj/chvt.o
 .debug_abbrev  0x00000921      0x264 build/obj/chschd.o
 .debug_abbrev  0x00000b85      0x2d8 build/obj/chthreads.o
 .debug_abbrev  0x00000e5d       0x2a build/obj/chdynamic.o
 .debug_abbrev  0x00000e87      0x12e build/obj/chregistry.o
 .debug_abbrev  0x00000fb5      0x265 build/obj/chsem.o
 .debug_abbrev  0x0000121a      0x226 build/obj/chmtx.o
 .debug_abbrev  0x00001440      0x22f build/obj/chcond.o
 .debug_abbrev  0x0000166f      0x1c8 build/obj/chevents.o
 .debug_abbrev  0x00001837      0x1ab build/obj/chmsg.o
 .debug_abbrev  0x000019e2      0x1be build/obj/chmboxes.o
 .debug_abbrev  0x00001ba0      0x291 build/obj/chqueues.o
 .debug_abbrev  0x00001e31       0xee build/obj/chmemcore.o
 .debug_abbrev  0x00001f1f       0x2a build/obj/chheap.o
 .debug_abbrev  0x00001f49       0x2a build/obj/chmempools.o
 .debug_abbrev  0x00001f73      0x3c8 build/obj/test.o
 .debug_abbrev  0x0000233b      0x1b3 build/obj/testthd.o
 .debug_abbrev  0x000024ee      0x248 build/obj/testsem.o
 .debug_abbrev  0x00002736      0x294 build/obj/testmtx.o
 .debug_abbrev  0x000029ca      0x164 build/obj/testmsg.o
 .debug_abbrev  0x00002b2e      0x1ac build/obj/testmbox.o
 .debug_abbrev  0x00002cda      0x222 build/obj/testevt.o
 .debug_abbrev  0x00002efc       0x82 build/obj/testheap.o
 .debug_abbrev  0x00002f7e       0x82 build/obj/testpools.o
 .debug_abbrev  0x00003000       0x82 build/obj/testdyn.o
 .debug_abbrev  0x00003082      0x210 build/obj/testqueues.o
 .debug_abbrev  0x00003292      0x2c2 build/obj/testbmk.o
 .debug_abbrev  0x00003554      0x174 build/obj/hal.o
 .debug_abbrev  0x000036c8       0x4f build/obj/adc.o
 .debug_abbrev  0x00003717       0x4f build/obj/can.o
 .debug_abbrev  0x00003766      0x157 build/obj/ext.o
 .debug_abbrev  0x000038bd      0x160 build/obj/gpt.o
 .debug_abbrev  0x00003a1d      0x237 build/obj/i2c.o
 .debug_abbrev  0x00003c54       0x4f build/obj/icu.o
 .debug_abbrev  0x00003ca3       0x4f build/obj/mac.o
 .debug_abbrev  0x00003cf2       0xfc build/obj/pal.o
 .debug_abbrev  0x00003dee       0x4f build/obj/pwm.o
 .debug_abbrev  0x00003e3d       0x4f build/obj/sdc.o
 .debug_abbrev  0x00003e8c      0x24e build/obj/serial.o
 .debug_abbrev  0x000040da      0x1cd build/obj/spi.o
 .debug_abbrev  0x000042a7       0x4f build/obj/uart.o
 .debug_abbrev  0x000042f6       0x4f build/obj/usb.o
 .debug_abbrev  0x00004345       0x4f build/obj/tm.o
 .debug_abbrev  0x00004394       0x4f build/obj/mmc_spi.o
 .debug_abbrev  0x000043e3       0x4f build/obj/serial_usb.o
 .debug_abbrev  0x00004432       0x4f build/obj/rtc.o
 .debug_abbrev  0x00004481      0x18a build/obj/stm32_dma.o
 .debug_abbrev  0x0000460b       0xf6 build/obj/hal_lld.o
 .debug_abbrev  0x00004701       0x4f build/obj/adc_lld.o
 .debug_abbrev  0x00004750       0x4f build/obj/can_lld.o
 .debug_abbrev  0x0000479f      0x1eb build/obj/ext_lld.o
 .debug_abbrev  0x0000498a      0x222 build/obj/gpt_lld.o
 .debug_abbrev  0x00004bac      0x33b build/obj/i2c_lld.o
 .debug_abbrev  0x00004ee7       0x4f build/obj/icu_lld.o
 .debug_abbrev  0x00004f36       0x4f build/obj/mac_lld.o
 .debug_abbrev  0x00004f85       0x4f build/obj/pwm_lld.o
 .debug_abbrev  0x00004fd4      0x2e5 build/obj/serial_lld.o
 .debug_abbrev  0x000052b9       0x4f build/obj/sdc_lld.o
 .debug_abbrev  0x00005308      0x22f build/obj/spi_lld.o
 .debug_abbrev  0x00005537       0x4f build/obj/uart_lld.o
 .debug_abbrev  0x00005586      0x129 build/obj/pal_lld.o
 .debug_abbrev  0x000056af       0x4f build/obj/usb_lld.o
 .debug_abbrev  0x000056fe       0x4f build/obj/rtc_lld.o
 .debug_abbrev  0x0000574d       0xa9 build/obj/board.o
 .debug_abbrev  0x000057f6      0x151 build/obj/evtimer.o
 .debug_abbrev  0x00005947      0x1b5 build/obj/syscalls.o
 .debug_abbrev  0x00005afc      0x2f5 build/obj/shell.o
 .debug_abbrev  0x00005df1      0x153 build/obj/chprintf.o
 .debug_abbrev  0x00005f44      0x138 build/obj/iwdg.o
 .debug_abbrev  0x0000607c      0x164 build/obj/iwdg_lld.o
 .debug_abbrev  0x000061e0       0x68 build/obj/main.o
 .debug_abbrev  0x00006248      0x37c build/obj/cpu_io.o
 .debug_abbrev  0x000065c4      0x1b2 build/obj/led_ctrl.o
 .debug_abbrev  0x00006776      0x298 build/obj/sweep_ctrl.o
 .debug_abbrev  0x00006a0e      0x2b3 build/obj/adc_ctrl.o
 .debug_abbrev  0x00006cc1      0x245 build/obj/dac_ctrl.o
 .debug_abbrev  0x00006f06      0x14f build/obj/timer_ctrl.o
 .debug_abbrev  0x00007055      0x1b4 build/obj/temp_ctrl.o
 .debug_abbrev  0x00007209       0xc4 build/obj/output_ctrl.o
 .debug_abbrev  0x000072cd       0xe6 build/obj/dfu_ctrl.o

.debug_info     0x00000000    0x1e47f
 .debug_info    0x00000000      0x345 build/obj/crt0.o
 .debug_info    0x00000345       0xb5 build/obj/vectors.o
 .debug_info    0x000003fa       0x8b build/obj/chcore.o
 .debug_info    0x00000485      0x7ee build/obj/chcore_v7m.o
 .debug_info    0x00000c73      0x439 build/obj/nvic.o
 .debug_info    0x000010ac      0x653 build/obj/chsys.o
 .debug_info    0x000016ff      0x97b build/obj/chdebug.o
 .debug_info    0x0000207a       0x73 build/obj/chlists.o
 .debug_info    0x000020ed      0x280 build/obj/chvt.o
 .debug_info    0x0000236d      0x79b build/obj/chschd.o
 .debug_info    0x00002b08      0xb7a build/obj/chthreads.o
 .debug_info    0x00003682       0x73 build/obj/chdynamic.o
 .debug_info    0x000036f5      0x51c build/obj/chregistry.o
 .debug_info    0x00003c11      0x9dc build/obj/chsem.o
 .debug_info    0x000045ed      0x943 build/obj/chmtx.o
 .debug_info    0x00004f30      0x88c build/obj/chcond.o
 .debug_info    0x000057bc      0xc44 build/obj/chevents.o
 .debug_info    0x00006400      0x636 build/obj/chmsg.o
 .debug_info    0x00006a36      0x87d build/obj/chmboxes.o
 .debug_info    0x000072b3      0xb32 build/obj/chqueues.o
 .debug_info    0x00007de5      0x1d8 build/obj/chmemcore.o
 .debug_info    0x00007fbd       0x73 build/obj/chheap.o
 .debug_info    0x00008030       0x73 build/obj/chmempools.o
 .debug_info    0x000080a3      0xfc6 build/obj/test.o
 .debug_info    0x00009069      0x7dd build/obj/testthd.o
 .debug_info    0x00009846      0x97a build/obj/testsem.o
 .debug_info    0x0000a1c0      0xc84 build/obj/testmtx.o
 .debug_info    0x0000ae44      0x5a2 build/obj/testmsg.o
 .debug_info    0x0000b3e6      0xc45 build/obj/testmbox.o
 .debug_info    0x0000c02b      0x8f3 build/obj/testevt.o
 .debug_info    0x0000c91e       0xfd build/obj/testheap.o
 .debug_info    0x0000ca1b       0xfd build/obj/testpools.o
 .debug_info    0x0000cb18       0xfe build/obj/testdyn.o
 .debug_info    0x0000cc16      0xec4 build/obj/testqueues.o
 .debug_info    0x0000dada      0xdc8 build/obj/testbmk.o
 .debug_info    0x0000e8a2      0x2f6 build/obj/hal.o
 .debug_info    0x0000eb98       0x9f build/obj/adc.o
 .debug_info    0x0000ec37       0x9f build/obj/can.o
 .debug_info    0x0000ecd6      0x3b4 build/obj/ext.o
 .debug_info    0x0000f08a      0x6c3 build/obj/gpt.o
 .debug_info    0x0000f74d      0xbc7 build/obj/i2c.o
 .debug_info    0x00010314       0x9f build/obj/icu.o
 .debug_info    0x000103b3       0x9f build/obj/mac.o
 .debug_info    0x00010452      0x245 build/obj/pal.o
 .debug_info    0x00010697       0x9f build/obj/pwm.o
 .debug_info    0x00010736       0x9f build/obj/sdc.o
 .debug_info    0x000107d5      0xdc3 build/obj/serial.o
 .debug_info    0x00011598      0x84a build/obj/spi.o
 .debug_info    0x00011de2       0x9f build/obj/uart.o
 .debug_info    0x00011e81       0x9f build/obj/usb.o
 .debug_info    0x00011f20       0x9f build/obj/tm.o
 .debug_info    0x00011fbf       0x9f build/obj/mmc_spi.o
 .debug_info    0x0001205e       0x9f build/obj/serial_usb.o
 .debug_info    0x000120fd       0x9f build/obj/rtc.o
 .debug_info    0x0001219c      0x647 build/obj/stm32_dma.o
 .debug_info    0x000127e3      0x3b2 build/obj/hal_lld.o
 .debug_info    0x00012b95       0x9f build/obj/adc_lld.o
 .debug_info    0x00012c34       0x9f build/obj/can_lld.o
 .debug_info    0x00012cd3      0x63d build/obj/ext_lld.o
 .debug_info    0x00013310      0x756 build/obj/gpt_lld.o
 .debug_info    0x00013a66     0x147a build/obj/i2c_lld.o
 .debug_info    0x00014ee0       0x9f build/obj/icu_lld.o
 .debug_info    0x00014f7f       0x9f build/obj/mac_lld.o
 .debug_info    0x0001501e       0x9f build/obj/pwm_lld.o
 .debug_info    0x000150bd      0xe98 build/obj/serial_lld.o
 .debug_info    0x00015f55       0x9f build/obj/sdc_lld.o
 .debug_info    0x00015ff4      0x8be build/obj/spi_lld.o
 .debug_info    0x000168b2       0x9f build/obj/uart_lld.o
 .debug_info    0x00016951      0x39a build/obj/pal_lld.o
 .debug_info    0x00016ceb       0x9f build/obj/usb_lld.o
 .debug_info    0x00016d8a       0x9f build/obj/rtc_lld.o
 .debug_info    0x00016e29      0x185 build/obj/board.o
 .debug_info    0x00016fae      0x5c8 build/obj/evtimer.o
 .debug_info    0x00017576      0xc31 build/obj/syscalls.o
 .debug_info    0x000181a7      0xc6d build/obj/shell.o
 .debug_info    0x00018e14      0x3fc build/obj/chprintf.o
 .debug_info    0x00019210      0x29a build/obj/iwdg.o
 .debug_info    0x000194aa      0x256 build/obj/iwdg_lld.o
 .debug_info    0x00019700       0xbc build/obj/main.o
 .debug_info    0x000197bc     0x1167 build/obj/cpu_io.o
 .debug_info    0x0001a923      0x634 build/obj/led_ctrl.o
 .debug_info    0x0001af57      0x992 build/obj/sweep_ctrl.o
 .debug_info    0x0001b8e9      0xd44 build/obj/adc_ctrl.o
 .debug_info    0x0001c62d      0xbe4 build/obj/dac_ctrl.o
 .debug_info    0x0001d211      0x447 build/obj/timer_ctrl.o
 .debug_info    0x0001d658      0x9d0 build/obj/temp_ctrl.o
 .debug_info    0x0001e028      0x182 build/obj/output_ctrl.o
 .debug_info    0x0001e1aa      0x2d5 build/obj/dfu_ctrl.o

.debug_line     0x00000000     0xbd65
 .debug_line    0x00000000      0x173 build/obj/crt0.o
 .debug_line    0x00000173       0x69 build/obj/vectors.o
 .debug_line    0x000001dc       0x5e build/obj/chcore.o
 .debug_line    0x0000023a      0x229 build/obj/chcore_v7m.o
 .debug_line    0x00000463      0x122 build/obj/nvic.o
 .debug_line    0x00000585      0x1c9 build/obj/chsys.o
 .debug_line    0x0000074e      0x34a build/obj/chdebug.o
 .debug_line    0x00000a98       0x1d build/obj/chlists.o
 .debug_line    0x00000ab5      0x1ba build/obj/chvt.o
 .debug_line    0x00000c6f      0x30e build/obj/chschd.o
 .debug_line    0x00000f7d      0x3eb build/obj/chthreads.o
 .debug_line    0x00001368       0x1d build/obj/chdynamic.o
 .debug_line    0x00001385      0x18d build/obj/chregistry.o
 .debug_line    0x00001512      0x4ba build/obj/chsem.o
 .debug_line    0x000019cc      0x3cf build/obj/chmtx.o
 .debug_line    0x00001d9b      0x2f4 build/obj/chcond.o
 .debug_line    0x0000208f      0x36d build/obj/chevents.o
 .debug_line    0x000023fc      0x1f6 build/obj/chmsg.o
 .debug_line    0x000025f2      0x2fc build/obj/chmboxes.o
 .debug_line    0x000028ee      0x3e8 build/obj/chqueues.o
 .debug_line    0x00002cd6      0x183 build/obj/chmemcore.o
 .debug_line    0x00002e59       0x1d build/obj/chheap.o
 .debug_line    0x00002e76       0x1d build/obj/chmempools.o
 .debug_line    0x00002e93      0x4f7 build/obj/test.o
 .debug_line    0x0000338a      0x211 build/obj/testthd.o
 .debug_line    0x0000359b      0x308 build/obj/testsem.o
 .debug_line    0x000038a3      0x4b0 build/obj/testmtx.o
 .debug_line    0x00003d53      0x19d build/obj/testmsg.o
 .debug_line    0x00003ef0      0x2cc build/obj/testmbox.o
 .debug_line    0x000041bc      0x2ab build/obj/testevt.o
 .debug_line    0x00004467       0x4b build/obj/testheap.o
 .debug_line    0x000044b2       0x4c build/obj/testpools.o
 .debug_line    0x000044fe       0x4a build/obj/testdyn.o
 .debug_line    0x00004548      0x484 build/obj/testqueues.o
 .debug_line    0x000049cc      0x5fa build/obj/testbmk.o
 .debug_line    0x00004fc6      0x247 build/obj/hal.o
 .debug_line    0x0000520d       0xde build/obj/adc.o
 .debug_line    0x000052eb       0xde build/obj/can.o
 .debug_line    0x000053c9      0x241 build/obj/ext.o
 .debug_line    0x0000560a      0x2b7 build/obj/gpt.o
 .debug_line    0x000058c1      0x3fa build/obj/i2c.o
 .debug_line    0x00005cbb       0xde build/obj/icu.o
 .debug_line    0x00005d99       0xde build/obj/mac.o
 .debug_line    0x00005e77      0x205 build/obj/pal.o
 .debug_line    0x0000607c       0xde build/obj/pwm.o
 .debug_line    0x0000615a       0xde build/obj/sdc.o
 .debug_line    0x00006238      0x423 build/obj/serial.o
 .debug_line    0x0000665b      0x3da build/obj/spi.o
 .debug_line    0x00006a35       0xde build/obj/uart.o
 .debug_line    0x00006b13       0xde build/obj/usb.o
 .debug_line    0x00006bf1       0xde build/obj/tm.o
 .debug_line    0x00006ccf       0xde build/obj/mmc_spi.o
 .debug_line    0x00006dad       0xde build/obj/serial_usb.o
 .debug_line    0x00006e8b       0xde build/obj/rtc.o
 .debug_line    0x00006f69      0x2a8 build/obj/stm32_dma.o
 .debug_line    0x00007211      0x1df build/obj/hal_lld.o
 .debug_line    0x000073f0       0xde build/obj/adc_lld.o
 .debug_line    0x000074ce       0xde build/obj/can_lld.o
 .debug_line    0x000075ac      0x37a build/obj/ext_lld.o
 .debug_line    0x00007926      0x268 build/obj/gpt_lld.o
 .debug_line    0x00007b8e      0x694 build/obj/i2c_lld.o
 .debug_line    0x00008222       0xde build/obj/icu_lld.o
 .debug_line    0x00008300       0xde build/obj/mac_lld.o
 .debug_line    0x000083de       0xde build/obj/pwm_lld.o
 .debug_line    0x000084bc      0x3d9 build/obj/serial_lld.o
 .debug_line    0x00008895       0xde build/obj/sdc_lld.o
 .debug_line    0x00008973      0x42b build/obj/spi_lld.o
 .debug_line    0x00008d9e       0xde build/obj/uart_lld.o
 .debug_line    0x00008e7c      0x227 build/obj/pal_lld.o
 .debug_line    0x000090a3       0xde build/obj/usb_lld.o
 .debug_line    0x00009181       0xde build/obj/rtc_lld.o
 .debug_line    0x0000925f      0x14e build/obj/board.o
 .debug_line    0x000093ad      0x1b8 build/obj/evtimer.o
 .debug_line    0x00009565      0x1f0 build/obj/syscalls.o
 .debug_line    0x00009755      0x3a3 build/obj/shell.o
 .debug_line    0x00009af8      0x33d build/obj/chprintf.o
 .debug_line    0x00009e35      0x198 build/obj/iwdg.o
 .debug_line    0x00009fcd      0x18d build/obj/iwdg_lld.o
 .debug_line    0x0000a15a      0x10d build/obj/main.o
 .debug_line    0x0000a267      0x59a build/obj/cpu_io.o
 .debug_line    0x0000a801      0x29b build/obj/led_ctrl.o
 .debug_line    0x0000aa9c      0x36a build/obj/sweep_ctrl.o
 .debug_line    0x0000ae06      0x437 build/obj/adc_ctrl.o
 .debug_line    0x0000b23d      0x3c1 build/obj/dac_ctrl.o
 .debug_line    0x0000b5fe      0x184 build/obj/timer_ctrl.o
 .debug_line    0x0000b782      0x31b build/obj/temp_ctrl.o
 .debug_line    0x0000ba9d      0x1a4 build/obj/output_ctrl.o
 .debug_line    0x0000bc41      0x124 build/obj/dfu_ctrl.o

.debug_loc      0x00000000     0xc2d3
 .debug_loc     0x00000000       0x72 build/obj/crt0.o
 .debug_loc     0x00000072      0x11b build/obj/chcore_v7m.o
 .debug_loc     0x0000018d      0x10a build/obj/nvic.o
 .debug_loc     0x00000297       0xbc build/obj/chsys.o
 .debug_loc     0x00000353      0x1fa build/obj/chdebug.o
 .debug_loc     0x0000054d      0x14e build/obj/chvt.o
 .debug_loc     0x0000069b      0x298 build/obj/chschd.o
 .debug_loc     0x00000933      0x6a3 build/obj/chthreads.o
 .debug_loc     0x00000fd6       0xdc build/obj/chregistry.o
 .debug_loc     0x000010b2      0x6a0 build/obj/chsem.o
 .debug_loc     0x00001752      0x5d0 build/obj/chmtx.o
 .debug_loc     0x00001d22      0x576 build/obj/chcond.o
 .debug_loc     0x00002298      0x9aa build/obj/chevents.o
 .debug_loc     0x00002c42      0x1d1 build/obj/chmsg.o
 .debug_loc     0x00002e13      0x615 build/obj/chmboxes.o
 .debug_loc     0x00003428      0x6f6 build/obj/chqueues.o
 .debug_loc     0x00003b1e       0xed build/obj/chmemcore.o
 .debug_loc     0x00003c0b      0x616 build/obj/test.o
 .debug_loc     0x00004221      0x1e8 build/obj/testthd.o
 .debug_loc     0x00004409      0x359 build/obj/testsem.o
 .debug_loc     0x00004762      0x677 build/obj/testmtx.o
 .debug_loc     0x00004dd9       0xe0 build/obj/testmsg.o
 .debug_loc     0x00004eb9      0x767 build/obj/testmbox.o
 .debug_loc     0x00005620      0x249 build/obj/testevt.o
 .debug_loc     0x00005869      0x89c build/obj/testqueues.o
 .debug_loc     0x00006105      0x652 build/obj/testbmk.o
 .debug_loc     0x00006757       0x5c build/obj/hal.o
 .debug_loc     0x000067b3      0x1ea build/obj/ext.o
 .debug_loc     0x0000699d      0x369 build/obj/gpt.o
 .debug_loc     0x00006d06      0x408 build/obj/i2c.o
 .debug_loc     0x0000710e       0xf6 build/obj/pal.o
 .debug_loc     0x00007204      0x376 build/obj/serial.o
 .debug_loc     0x0000757a      0x444 build/obj/spi.o
 .debug_loc     0x000079be      0x2ae build/obj/stm32_dma.o
 .debug_loc     0x00007c6c       0x20 build/obj/hal_lld.o
 .debug_loc     0x00007c8c      0x375 build/obj/ext_lld.o
 .debug_loc     0x00008001      0x113 build/obj/gpt_lld.o
 .debug_loc     0x00008114      0xb3d build/obj/i2c_lld.o
 .debug_loc     0x00008c51      0x345 build/obj/serial_lld.o
 .debug_loc     0x00008f96      0x36c build/obj/spi_lld.o
 .debug_loc     0x00009302      0x511 build/obj/pal_lld.o
 .debug_loc     0x00009813      0x12f build/obj/evtimer.o
 .debug_loc     0x00009942      0x15b build/obj/syscalls.o
 .debug_loc     0x00009a9d      0x674 build/obj/shell.o
 .debug_loc     0x0000a111      0x779 build/obj/chprintf.o
 .debug_loc     0x0000a88a       0xe6 build/obj/iwdg.o
 .debug_loc     0x0000a970       0x45 build/obj/iwdg_lld.o
 .debug_loc     0x0000a9b5       0x20 build/obj/main.o
 .debug_loc     0x0000a9d5      0xc24 build/obj/cpu_io.o
 .debug_loc     0x0000b5f9      0x101 build/obj/led_ctrl.o
 .debug_loc     0x0000b6fa      0x273 build/obj/sweep_ctrl.o
 .debug_loc     0x0000b96d      0x46d build/obj/adc_ctrl.o
 .debug_loc     0x0000bdda      0x397 build/obj/dac_ctrl.o
 .debug_loc     0x0000c171       0x79 build/obj/timer_ctrl.o
 .debug_loc     0x0000c1ea       0xa9 build/obj/temp_ctrl.o
 .debug_loc     0x0000c293       0x40 build/obj/output_ctrl.o

.debug_pubnames
                0x00000000     0x1e6e
 .debug_pubnames
                0x00000000       0x56 build/obj/crt0.o
 .debug_pubnames
                0x00000056       0x38 build/obj/vectors.o
 .debug_pubnames
                0x0000008e       0x20 build/obj/chcore.o
 .debug_pubnames
                0x000000ae       0x9d build/obj/chcore_v7m.o
 .debug_pubnames
                0x0000014b       0x5e build/obj/nvic.o
 .debug_pubnames
                0x000001a9       0x5c build/obj/chsys.o
 .debug_pubnames
                0x00000205      0x184 build/obj/chdebug.o
 .debug_pubnames
                0x00000389       0x59 build/obj/chvt.o
 .debug_pubnames
                0x000003e2       0xa7 build/obj/chschd.o
 .debug_pubnames
                0x00000489       0xf3 build/obj/chthreads.o
 .debug_pubnames
                0x0000057c       0x3b build/obj/chregistry.o
 .debug_pubnames
                0x000005b7       0xd1 build/obj/chsem.o
 .debug_pubnames
                0x00000688       0x94 build/obj/chmtx.o
 .debug_pubnames
                0x0000071c       0xb9 build/obj/chcond.o
 .debug_pubnames
                0x000007d5      0x14b build/obj/chevents.o
 .debug_pubnames
                0x00000920       0x3f build/obj/chmsg.o
 .debug_pubnames
                0x0000095f       0xba build/obj/chmboxes.o
 .debug_pubnames
                0x00000a19       0xb3 build/obj/chqueues.o
 .debug_pubnames
                0x00000acc       0x53 build/obj/chmemcore.o
 .debug_pubnames
                0x00000b1f      0x158 build/obj/test.o
 .debug_pubnames
                0x00000c77       0x55 build/obj/testthd.o
 .debug_pubnames
                0x00000ccc       0x55 build/obj/testsem.o
 .debug_pubnames
                0x00000d21       0x89 build/obj/testmtx.o
 .debug_pubnames
                0x00000daa       0x2e build/obj/testmsg.o
 .debug_pubnames
                0x00000dd8       0x30 build/obj/testmbox.o
 .debug_pubnames
                0x00000e08       0x48 build/obj/testevt.o
 .debug_pubnames
                0x00000e50       0x22 build/obj/testheap.o
 .debug_pubnames
                0x00000e72       0x23 build/obj/testpools.o
 .debug_pubnames
                0x00000e95       0x21 build/obj/testdyn.o
 .debug_pubnames
                0x00000eb6       0x44 build/obj/testqueues.o
 .debug_pubnames
                0x00000efa       0xda build/obj/testbmk.o
 .debug_pubnames
                0x00000fd4       0x48 build/obj/hal.o
 .debug_pubnames
                0x0000101c       0x74 build/obj/ext.o
 .debug_pubnames
                0x00001090       0xd7 build/obj/gpt.o
 .debug_pubnames
                0x00001167       0xa9 build/obj/i2c.o
 .debug_pubnames
                0x00001210       0x43 build/obj/pal.o
 .debug_pubnames
                0x00001253       0x6c build/obj/serial.o
 .debug_pubnames
                0x000012bf       0xb4 build/obj/spi.o
 .debug_pubnames
                0x00001373       0xbb build/obj/stm32_dma.o
 .debug_pubnames
                0x0000142e       0x38 build/obj/hal_lld.o
 .debug_pubnames
                0x00001466      0x114 build/obj/ext_lld.o
 .debug_pubnames
                0x0000157a       0xa5 build/obj/gpt_lld.o
 .debug_pubnames
                0x0000161f       0xce build/obj/i2c_lld.o
 .debug_pubnames
                0x000016ed       0x6d build/obj/serial_lld.o
 .debug_pubnames
                0x0000175a       0xeb build/obj/spi_lld.o
 .debug_pubnames
                0x00001845       0x3e build/obj/pal_lld.o
 .debug_pubnames
                0x00001883       0x48 build/obj/board.o
 .debug_pubnames
                0x000018cb       0x2b build/obj/evtimer.o
 .debug_pubnames
                0x000018f6       0x6c build/obj/syscalls.o
 .debug_pubnames
                0x00001962       0x5c build/obj/shell.o
 .debug_pubnames
                0x000019be       0x1f build/obj/chprintf.o
 .debug_pubnames
                0x000019dd       0x3b build/obj/iwdg.o
 .debug_pubnames
                0x00001a18       0x54 build/obj/iwdg_lld.o
 .debug_pubnames
                0x00001a6c       0x1b build/obj/main.o
 .debug_pubnames
                0x00001a87       0x3e build/obj/cpu_io.o
 .debug_pubnames
                0x00001ac5       0x61 build/obj/led_ctrl.o
 .debug_pubnames
                0x00001b26       0xd9 build/obj/sweep_ctrl.o
 .debug_pubnames
                0x00001bff      0x100 build/obj/adc_ctrl.o
 .debug_pubnames
                0x00001cff       0xbe build/obj/dac_ctrl.o
 .debug_pubnames
                0x00001dbd       0x20 build/obj/timer_ctrl.o
 .debug_pubnames
                0x00001ddd       0x3c build/obj/temp_ctrl.o
 .debug_pubnames
                0x00001e19       0x2f build/obj/output_ctrl.o
 .debug_pubnames
                0x00001e48       0x26 build/obj/dfu_ctrl.o

.debug_pubtypes
                0x00000000     0x4a5c
 .debug_pubtypes
                0x00000000       0x44 build/obj/crt0.o
 .debug_pubtypes
                0x00000044       0x12 build/obj/vectors.o
 .debug_pubtypes
                0x00000056       0x12 build/obj/chcore.o
 .debug_pubtypes
                0x00000068      0x13e build/obj/chcore_v7m.o
 .debug_pubtypes
                0x000001a6       0x38 build/obj/nvic.o
 .debug_pubtypes
                0x000001de      0x16d build/obj/chsys.o
 .debug_pubtypes
                0x0000034b      0x18a build/obj/chdebug.o
 .debug_pubtypes
                0x000004d5       0x12 build/obj/chlists.o
 .debug_pubtypes
                0x000004e7       0x7e build/obj/chvt.o
 .debug_pubtypes
                0x00000565      0x172 build/obj/chschd.o
 .debug_pubtypes
                0x000006d7      0x178 build/obj/chthreads.o
 .debug_pubtypes
                0x0000084f       0x12 build/obj/chdynamic.o
 .debug_pubtypes
                0x00000861      0x127 build/obj/chregistry.o
 .debug_pubtypes
                0x00000988      0x143 build/obj/chsem.o
 .debug_pubtypes
                0x00000acb      0x132 build/obj/chmtx.o
 .debug_pubtypes
                0x00000bfd      0x13f build/obj/chcond.o
 .debug_pubtypes
                0x00000d3c      0x189 build/obj/chevents.o
 .debug_pubtypes
                0x00000ec5      0x127 build/obj/chmsg.o
 .debug_pubtypes
                0x00000fec      0x141 build/obj/chmboxes.o
 .debug_pubtypes
                0x0000112d      0x18c build/obj/chqueues.o
 .debug_pubtypes
                0x000012b9       0x36 build/obj/chmemcore.o
 .debug_pubtypes
                0x000012ef       0x12 build/obj/chheap.o
 .debug_pubtypes
                0x00001301       0x12 build/obj/chmempools.o
 .debug_pubtypes
                0x00001313      0x1b8 build/obj/test.o
 .debug_pubtypes
                0x000014cb      0x16e build/obj/testthd.o
 .debug_pubtypes
                0x00001639      0x19e build/obj/testsem.o
 .debug_pubtypes
                0x000017d7      0x191 build/obj/testmtx.o
 .debug_pubtypes
                0x00001968      0x134 build/obj/testmsg.o
 .debug_pubtypes
                0x00001a9c      0x15f build/obj/testmbox.o
 .debug_pubtypes
                0x00001bfb      0x1d0 build/obj/testevt.o
 .debug_pubtypes
                0x00001dcb       0x1f build/obj/testheap.o
 .debug_pubtypes
                0x00001dea       0x1f build/obj/testpools.o
 .debug_pubtypes
                0x00001e09       0x1f build/obj/testdyn.o
 .debug_pubtypes
                0x00001e28      0x1aa build/obj/testqueues.o
 .debug_pubtypes
                0x00001fd2      0x1d4 build/obj/testbmk.o
 .debug_pubtypes
                0x000021a6       0x76 build/obj/hal.o
 .debug_pubtypes
                0x0000221c       0x1e build/obj/adc.o
 .debug_pubtypes
                0x0000223a       0x1e build/obj/can.o
 .debug_pubtypes
                0x00002258       0xa9 build/obj/ext.o
 .debug_pubtypes
                0x00002301       0xae build/obj/gpt.o
 .debug_pubtypes
                0x000023af      0x1ef build/obj/i2c.o
 .debug_pubtypes
                0x0000259e       0x1e build/obj/icu.o
 .debug_pubtypes
                0x000025bc       0x1e build/obj/mac.o
 .debug_pubtypes
                0x000025da       0x84 build/obj/pal.o
 .debug_pubtypes
                0x0000265e       0x1e build/obj/pwm.o
 .debug_pubtypes
                0x0000267c       0x1e build/obj/sdc.o
 .debug_pubtypes
                0x0000269a      0x287 build/obj/serial.o
 .debug_pubtypes
                0x00002921       0xf9 build/obj/spi.o
 .debug_pubtypes
                0x00002a1a       0x1e build/obj/uart.o
 .debug_pubtypes
                0x00002a38       0x1e build/obj/usb.o
 .debug_pubtypes
                0x00002a56       0x1e build/obj/tm.o
 .debug_pubtypes
                0x00002a74       0x1e build/obj/mmc_spi.o
 .debug_pubtypes
                0x00002a92       0x1e build/obj/serial_usb.o
 .debug_pubtypes
                0x00002ab0       0x1e build/obj/rtc.o
 .debug_pubtypes
                0x00002ace       0xce build/obj/stm32_dma.o
 .debug_pubtypes
                0x00002b9c       0x93 build/obj/hal_lld.o
 .debug_pubtypes
                0x00002c2f       0x1e build/obj/adc_lld.o
 .debug_pubtypes
                0x00002c4d       0x1e build/obj/can_lld.o
 .debug_pubtypes
                0x00002c6b       0xd4 build/obj/ext_lld.o
 .debug_pubtypes
                0x00002d3f       0xd3 build/obj/gpt_lld.o
 .debug_pubtypes
                0x00002e12      0x26d build/obj/i2c_lld.o
 .debug_pubtypes
                0x0000307f       0x1e build/obj/icu_lld.o
 .debug_pubtypes
                0x0000309d       0x1e build/obj/mac_lld.o
 .debug_pubtypes
                0x000030bb       0x1e build/obj/pwm_lld.o
 .debug_pubtypes
                0x000030d9      0x265 build/obj/serial_lld.o
 .debug_pubtypes
                0x0000333e       0x1e build/obj/sdc_lld.o
 .debug_pubtypes
                0x0000335c      0x138 build/obj/spi_lld.o
 .debug_pubtypes
                0x00003494       0x1e build/obj/uart_lld.o
 .debug_pubtypes
                0x000034b2       0xaa build/obj/pal_lld.o
 .debug_pubtypes
                0x0000355c       0x1e build/obj/usb_lld.o
 .debug_pubtypes
                0x0000357a       0x1e build/obj/rtc_lld.o
 .debug_pubtypes
                0x00003598       0x50 build/obj/board.o
 .debug_pubtypes
                0x000035e8      0x18e build/obj/evtimer.o
 .debug_pubtypes
                0x00003776      0x19b build/obj/syscalls.o
 .debug_pubtypes
                0x00003911      0x20e build/obj/shell.o
 .debug_pubtypes
                0x00003b1f       0xb5 build/obj/chprintf.o
 .debug_pubtypes
                0x00003bd4       0x92 build/obj/iwdg.o
 .debug_pubtypes
                0x00003c66       0x92 build/obj/iwdg_lld.o
 .debug_pubtypes
                0x00003cf8       0x1e build/obj/main.o
 .debug_pubtypes
                0x00003d16      0x278 build/obj/cpu_io.o
 .debug_pubtypes
                0x00003f8e      0x149 build/obj/led_ctrl.o
 .debug_pubtypes
                0x000040d7      0x1f3 build/obj/sweep_ctrl.o
 .debug_pubtypes
                0x000042ca      0x221 build/obj/adc_ctrl.o
 .debug_pubtypes
                0x000044eb      0x222 build/obj/dac_ctrl.o
 .debug_pubtypes
                0x0000470d       0xa1 build/obj/timer_ctrl.o
 .debug_pubtypes
                0x000047ae      0x211 build/obj/temp_ctrl.o
 .debug_pubtypes
                0x000049bf       0x59 build/obj/output_ctrl.o
 .debug_pubtypes
                0x00004a18       0x44 build/obj/dfu_ctrl.o

.debug_aranges  0x00000000     0x13e0
 .debug_aranges
                0x00000000       0x38 build/obj/crt0.o
 .debug_aranges
                0x00000038       0x20 build/obj/vectors.o
 .debug_aranges
                0x00000058       0x20 build/obj/chcore.o
 .debug_aranges
                0x00000078       0x50 build/obj/chcore_v7m.o
 .debug_aranges
                0x000000c8       0x30 build/obj/nvic.o
 .debug_aranges
                0x000000f8       0x30 build/obj/chsys.o
 .debug_aranges
                0x00000128       0x88 build/obj/chdebug.o
 .debug_aranges
                0x000001b0       0x38 build/obj/chvt.o
 .debug_aranges
                0x000001e8       0x58 build/obj/chschd.o
 .debug_aranges
                0x00000240       0x80 build/obj/chthreads.o
 .debug_aranges
                0x000002c0       0x28 build/obj/chregistry.o
 .debug_aranges
                0x000002e8       0x70 build/obj/chsem.o
 .debug_aranges
                0x00000358       0x58 build/obj/chmtx.o
 .debug_aranges
                0x000003b0       0x60 build/obj/chcond.o
 .debug_aranges
                0x00000410       0x90 build/obj/chevents.o
 .debug_aranges
                0x000004a0       0x30 build/obj/chmsg.o
 .debug_aranges
                0x000004d0       0x70 build/obj/chmboxes.o
 .debug_aranges
                0x00000540       0x70 build/obj/chqueues.o
 .debug_aranges
                0x000005b0       0x38 build/obj/chmemcore.o
 .debug_aranges
                0x000005e8       0x98 build/obj/test.o
 .debug_aranges
                0x00000680       0x40 build/obj/testthd.o
 .debug_aranges
                0x000006c0       0x70 build/obj/testsem.o
 .debug_aranges
                0x00000730      0x108 build/obj/testmtx.o
 .debug_aranges
                0x00000838       0x28 build/obj/testmsg.o
 .debug_aranges
                0x00000860       0x28 build/obj/testmbox.o
 .debug_aranges
                0x00000888       0x70 build/obj/testevt.o
 .debug_aranges
                0x000008f8       0x50 build/obj/testqueues.o
 .debug_aranges
                0x00000948       0xd0 build/obj/testbmk.o
 .debug_aranges
                0x00000a18       0x30 build/obj/hal.o
 .debug_aranges
                0x00000a48       0x48 build/obj/ext.o
 .debug_aranges
                0x00000a90       0x70 build/obj/gpt.o
 .debug_aranges
                0x00000b00       0x58 build/obj/i2c.o
 .debug_aranges
                0x00000b58       0x30 build/obj/pal.o
 .debug_aranges
                0x00000b88       0x90 build/obj/serial.o
 .debug_aranges
                0x00000c18       0x68 build/obj/spi.o
 .debug_aranges
                0x00000c80       0x68 build/obj/stm32_dma.o
 .debug_aranges
                0x00000ce8       0x28 build/obj/hal_lld.o
 .debug_aranges
                0x00000d10       0x90 build/obj/ext_lld.o
 .debug_aranges
                0x00000da0       0x50 build/obj/gpt_lld.o
 .debug_aranges
                0x00000df0       0x78 build/obj/i2c_lld.o
 .debug_aranges
                0x00000e68       0x58 build/obj/serial_lld.o
 .debug_aranges
                0x00000ec0       0x78 build/obj/spi_lld.o
 .debug_aranges
                0x00000f38       0x28 build/obj/pal_lld.o
 .debug_aranges
                0x00000f60       0x28 build/obj/board.o
 .debug_aranges
                0x00000f88       0x30 build/obj/evtimer.o
 .debug_aranges
                0x00000fb8       0x50 build/obj/syscalls.o
 .debug_aranges
                0x00001008       0x60 build/obj/shell.o
 .debug_aranges
                0x00001068       0x28 build/obj/chprintf.o
 .debug_aranges
                0x00001090       0x30 build/obj/iwdg.o
 .debug_aranges
                0x000010c0       0x30 build/obj/iwdg_lld.o
 .debug_aranges
                0x000010f0       0x20 build/obj/main.o
 .debug_aranges
                0x00001110       0xd0 build/obj/cpu_io.o
 .debug_aranges
                0x000011e0       0x48 build/obj/led_ctrl.o
 .debug_aranges
                0x00001228       0x68 build/obj/sweep_ctrl.o
 .debug_aranges
                0x00001290       0x58 build/obj/adc_ctrl.o
 .debug_aranges
                0x000012e8       0x58 build/obj/dac_ctrl.o
 .debug_aranges
                0x00001340       0x28 build/obj/timer_ctrl.o
 .debug_aranges
                0x00001368       0x30 build/obj/temp_ctrl.o
 .debug_aranges
                0x00001398       0x28 build/obj/output_ctrl.o
 .debug_aranges
                0x000013c0       0x20 build/obj/dfu_ctrl.o

.debug_ranges   0x00000000     0x21b8
 .debug_ranges  0x00000000       0x58 build/obj/crt0.o
 .debug_ranges  0x00000058       0x10 build/obj/vectors.o
 .debug_ranges  0x00000068       0x10 build/obj/chcore.o
 .debug_ranges  0x00000078       0x58 build/obj/chcore_v7m.o
 .debug_ranges  0x000000d0       0x20 build/obj/nvic.o
 .debug_ranges  0x000000f0       0x20 build/obj/chsys.o
 .debug_ranges  0x00000110       0xf0 build/obj/chdebug.o
 .debug_ranges  0x00000200       0x28 build/obj/chvt.o
 .debug_ranges  0x00000228      0x158 build/obj/chschd.o
 .debug_ranges  0x00000380      0x130 build/obj/chthreads.o
 .debug_ranges  0x000004b0       0x30 build/obj/chregistry.o
 .debug_ranges  0x000004e0      0x268 build/obj/chsem.o
 .debug_ranges  0x00000748      0x2c0 build/obj/chmtx.o
 .debug_ranges  0x00000a08      0x120 build/obj/chcond.o
 .debug_ranges  0x00000b28       0xb0 build/obj/chevents.o
 .debug_ranges  0x00000bd8       0x70 build/obj/chmsg.o
 .debug_ranges  0x00000c48       0xa8 build/obj/chmboxes.o
 .debug_ranges  0x00000cf0       0xa8 build/obj/chqueues.o
 .debug_ranges  0x00000d98       0x40 build/obj/chmemcore.o
 .debug_ranges  0x00000dd8      0x110 build/obj/test.o
 .debug_ranges  0x00000ee8       0x48 build/obj/testthd.o
 .debug_ranges  0x00000f30       0xa8 build/obj/testsem.o
 .debug_ranges  0x00000fd8      0x110 build/obj/testmtx.o
 .debug_ranges  0x000010e8       0x18 build/obj/testmsg.o
 .debug_ranges  0x00001100       0x18 build/obj/testmbox.o
 .debug_ranges  0x00001118       0x60 build/obj/testevt.o
 .debug_ranges  0x00001178       0xf0 build/obj/testqueues.o
 .debug_ranges  0x00001268       0xd8 build/obj/testbmk.o
 .debug_ranges  0x00001340       0x20 build/obj/hal.o
 .debug_ranges  0x00001360       0x38 build/obj/ext.o
 .debug_ranges  0x00001398       0x78 build/obj/gpt.o
 .debug_ranges  0x00001410       0x48 build/obj/i2c.o
 .debug_ranges  0x00001458       0x20 build/obj/pal.o
 .debug_ranges  0x00001478       0x98 build/obj/serial.o
 .debug_ranges  0x00001510       0x58 build/obj/spi.o
 .debug_ranges  0x00001568       0x58 build/obj/stm32_dma.o
 .debug_ranges  0x000015c0       0x30 build/obj/hal_lld.o
 .debug_ranges  0x000015f0       0x80 build/obj/ext_lld.o
 .debug_ranges  0x00001670       0x40 build/obj/gpt_lld.o
 .debug_ranges  0x000016b0      0x2f0 build/obj/i2c_lld.o
 .debug_ranges  0x000019a0       0x90 build/obj/serial_lld.o
 .debug_ranges  0x00001a30       0x98 build/obj/spi_lld.o
 .debug_ranges  0x00001ac8       0x18 build/obj/pal_lld.o
 .debug_ranges  0x00001ae0       0x18 build/obj/board.o
 .debug_ranges  0x00001af8       0x68 build/obj/evtimer.o
 .debug_ranges  0x00001b60       0x40 build/obj/syscalls.o
 .debug_ranges  0x00001ba0       0xa0 build/obj/shell.o
 .debug_ranges  0x00001c40       0x18 build/obj/chprintf.o
 .debug_ranges  0x00001c58       0x20 build/obj/iwdg.o
 .debug_ranges  0x00001c78       0x20 build/obj/iwdg_lld.o
 .debug_ranges  0x00001c98       0x10 build/obj/main.o
 .debug_ranges  0x00001ca8      0x220 build/obj/cpu_io.o
 .debug_ranges  0x00001ec8       0x50 build/obj/led_ctrl.o
 .debug_ranges  0x00001f18       0x70 build/obj/sweep_ctrl.o
 .debug_ranges  0x00001f88      0x170 build/obj/adc_ctrl.o
 .debug_ranges  0x000020f8       0x60 build/obj/dac_ctrl.o
 .debug_ranges  0x00002158       0x18 build/obj/timer_ctrl.o
 .debug_ranges  0x00002170       0x20 build/obj/temp_ctrl.o
 .debug_ranges  0x00002190       0x18 build/obj/output_ctrl.o
 .debug_ranges  0x000021a8       0x10 build/obj/dfu_ctrl.o

.debug_str      0x00000000     0x410a
 .debug_str     0x00000000      0x1cb build/obj/crt0.o
                                0x20a (size before relaxing)
 .debug_str     0x000001cb       0x57 build/obj/vectors.o
                                0x118 (size before relaxing)
 .debug_str     0x00000222       0x38 build/obj/chcore.o
                                 0xf9 (size before relaxing)
 .debug_str     0x0000025a      0x28a build/obj/chcore_v7m.o
                                0x388 (size before relaxing)
 .debug_str     0x000004e4       0xc6 build/obj/nvic.o
                                0x1f0 (size before relaxing)
 .debug_str     0x000005aa       0xdd build/obj/chsys.o
                                0x359 (size before relaxing)
 .debug_str     0x00000687      0x1ae build/obj/chdebug.o
                                0x478 (size before relaxing)
 .debug_str     0x00000835       0x29 build/obj/chlists.o
                                 0xea (size before relaxing)
 .debug_str     0x0000085e       0x60 build/obj/chvt.o
                                0x19d (size before relaxing)
 .debug_str     0x000008be       0xc9 build/obj/chschd.o
                                0x389 (size before relaxing)
 .debug_str     0x00000987      0x113 build/obj/chthreads.o
                                0x3f4 (size before relaxing)
 .debug_str     0x00000a9a       0x2b build/obj/chdynamic.o
                                 0xec (size before relaxing)
 .debug_str     0x00000ac5       0x4d build/obj/chregistry.o
                                0x2c1 (size before relaxing)
 .debug_str     0x00000b12       0xd3 build/obj/chsem.o
                                0x370 (size before relaxing)
 .debug_str     0x00000be5       0x95 build/obj/chmtx.o
                                0x32c (size before relaxing)
 .debug_str     0x00000c7a       0xb3 build/obj/chcond.o
                                0x34c (size before relaxing)
 .debug_str     0x00000d2d      0x184 build/obj/chevents.o
                                0x402 (size before relaxing)
 .debug_str     0x00000eb1       0x48 build/obj/chmsg.o
                                0x2d5 (size before relaxing)
 .debug_str     0x00000ef9       0xed build/obj/chmboxes.o
                                0x335 (size before relaxing)
 .debug_str     0x00000fe6      0x11d build/obj/chqueues.o
                                0x3c2 (size before relaxing)
 .debug_str     0x00001103       0x86 build/obj/chmemcore.o
                                0x164 (size before relaxing)
 .debug_str     0x00001189       0x28 build/obj/chheap.o
                                 0xe9 (size before relaxing)
 .debug_str     0x000011b1       0x2c build/obj/chmempools.o
                                 0xed (size before relaxing)
 .debug_str     0x000011dd      0x286 build/obj/test.o
                                0x5a7 (size before relaxing)
 .debug_str     0x00001463       0x78 build/obj/testthd.o
                                0x38b (size before relaxing)
 .debug_str     0x000014db       0xe1 build/obj/testsem.o
                                0x400 (size before relaxing)
 .debug_str     0x000015bc      0x19f build/obj/testmtx.o
                                0x4ca (size before relaxing)
 .debug_str     0x0000175b       0x36 build/obj/testmsg.o
                                0x2e9 (size before relaxing)
 .debug_str     0x00001791       0x4a build/obj/testmbox.o
                                0x31e (size before relaxing)
 .debug_str     0x000017db       0x8a build/obj/testevt.o
                                0x3fc (size before relaxing)
 .debug_str     0x00001865       0x21 build/obj/testheap.o
                                0x113 (size before relaxing)
 .debug_str     0x00001886       0x22 build/obj/testpools.o
                                0x115 (size before relaxing)
 .debug_str     0x000018a8       0x20 build/obj/testdyn.o
                                0x111 (size before relaxing)
 .debug_str     0x000018c8       0x77 build/obj/testqueues.o
                                0x3ce (size before relaxing)
 .debug_str     0x0000193f      0x184 build/obj/testbmk.o
                                0x536 (size before relaxing)
 .debug_str     0x00001ac3       0xef build/obj/hal.o
                                0x1e3 (size before relaxing)
 .debug_str     0x00001bb2       0x22 build/obj/adc.o
                                 0xf8 (size before relaxing)
 .debug_str     0x00001bd4       0x22 build/obj/can.o
                                 0xf8 (size before relaxing)
 .debug_str     0x00001bf6       0xf2 build/obj/ext.o
                                0x1eb (size before relaxing)
 .debug_str     0x00001ce8      0x1fa build/obj/gpt.o
                                0x2fe (size before relaxing)
 .debug_str     0x00001ee2      0x2e3 build/obj/i2c.o
                                0x551 (size before relaxing)
 .debug_str     0x000021c5       0x22 build/obj/icu.o
                                 0xf8 (size before relaxing)
 .debug_str     0x000021e7       0x22 build/obj/mac.o
                                 0xf8 (size before relaxing)
 .debug_str     0x00002209       0x9e build/obj/pal.o
                                0x18e (size before relaxing)
 .debug_str     0x000022a7       0x22 build/obj/pwm.o
                                 0xf8 (size before relaxing)
 .debug_str     0x000022c9       0x22 build/obj/sdc.o
                                 0xf8 (size before relaxing)
 .debug_str     0x000022eb      0x176 build/obj/serial.o
                                0x50c (size before relaxing)
 .debug_str     0x00002461      0x15a build/obj/spi.o
                                0x34e (size before relaxing)
 .debug_str     0x000025bb       0x23 build/obj/uart.o
                                 0xf9 (size before relaxing)
 .debug_str     0x000025de       0x22 build/obj/usb.o
                                 0xf8 (size before relaxing)
 .debug_str     0x00002600       0x21 build/obj/tm.o
                                 0xf7 (size before relaxing)
 .debug_str     0x00002621       0x26 build/obj/mmc_spi.o
                                 0xfc (size before relaxing)
 .debug_str     0x00002647       0x29 build/obj/serial_usb.o
                                 0xff (size before relaxing)
 .debug_str     0x00002670       0x22 build/obj/rtc.o
                                 0xf8 (size before relaxing)
 .debug_str     0x00002692      0x429 build/obj/stm32_dma.o
                                0x597 (size before relaxing)
 .debug_str     0x00002abb       0xd7 build/obj/hal_lld.o
                                0x242 (size before relaxing)
 .debug_str     0x00002b92       0x36 build/obj/adc_lld.o
                                0x10c (size before relaxing)
 .debug_str     0x00002bc8       0x32 build/obj/can_lld.o
                                0x108 (size before relaxing)
 .debug_str     0x00002bfa      0x13f build/obj/ext_lld.o
                                0x595 (size before relaxing)
 .debug_str     0x00002d39       0xbd build/obj/gpt_lld.o
                                0x614 (size before relaxing)
 .debug_str     0x00002df6      0x1cb build/obj/i2c_lld.o
                                0xa57 (size before relaxing)
 .debug_str     0x00002fc1       0x32 build/obj/icu_lld.o
                                0x108 (size before relaxing)
 .debug_str     0x00002ff3       0x32 build/obj/mac_lld.o
                                0x108 (size before relaxing)
 .debug_str     0x00003025       0x32 build/obj/pwm_lld.o
                                0x108 (size before relaxing)
 .debug_str     0x00003057       0x9e build/obj/serial_lld.o
                                0x802 (size before relaxing)
 .debug_str     0x000030f5       0x32 build/obj/sdc_lld.o
                                0x108 (size before relaxing)
 .debug_str     0x00003127      0x127 build/obj/spi_lld.o
                                0x454 (size before relaxing)
 .debug_str     0x0000324e       0x33 build/obj/uart_lld.o
                                0x109 (size before relaxing)
 .debug_str     0x00003281       0x64 build/obj/pal_lld.o
                                0x218 (size before relaxing)
 .debug_str     0x000032e5       0x38 build/obj/usb_lld.o
                                0x10e (size before relaxing)
 .debug_str     0x0000331d       0x38 build/obj/rtc_lld.o
                                0x10e (size before relaxing)
 .debug_str     0x00003355       0x1a build/obj/board.o
                                0x159 (size before relaxing)
 .debug_str     0x0000336f       0x5d build/obj/evtimer.o
                                0x2fd (size before relaxing)
 .debug_str     0x000033cc      0x4a9 build/obj/syscalls.o
                                0x5d3 (size before relaxing)
 .debug_str     0x00003875      0x11a build/obj/shell.o
                                0x4b0 (size before relaxing)
 .debug_str     0x0000398f       0x9a build/obj/chprintf.o
                                0x1e9 (size before relaxing)
 .debug_str     0x00003a29       0x8a build/obj/iwdg.o
                                0x18f (size before relaxing)
 .debug_str     0x00003ab3       0x48 build/obj/iwdg_lld.o
                                0x1a1 (size before relaxing)
 .debug_str     0x00003afb       0x12 build/obj/main.o
                                 0xe8 (size before relaxing)
 .debug_str     0x00003b0d      0x1bd build/obj/cpu_io.o
                                0x62b (size before relaxing)
 .debug_str     0x00003cca       0x64 build/obj/led_ctrl.o
                                0x30f (size before relaxing)
 .debug_str     0x00003d2e      0x126 build/obj/sweep_ctrl.o
                                0x490 (size before relaxing)
 .debug_str     0x00003e54      0x11e build/obj/adc_ctrl.o
                                0x59c (size before relaxing)
 .debug_str     0x00003f72       0xbc build/obj/dac_ctrl.o
                                0x53a (size before relaxing)
 .debug_str     0x0000402e       0x2a build/obj/timer_ctrl.o
                                0x261 (size before relaxing)
 .debug_str     0x00004058       0x43 build/obj/temp_ctrl.o
                                0x51e (size before relaxing)
 .debug_str     0x0000409b       0x29 build/obj/output_ctrl.o
                                0x134 (size before relaxing)
 .debug_str     0x000040c4       0x46 build/obj/dfu_ctrl.o
                                0x17d (size before relaxing)

.comment        0x00000000       0x2a
 .comment       0x00000000       0x2a build/obj/crt0.o
                                 0x2b (size before relaxing)
 .comment       0x00000000       0x2b build/obj/vectors.o
 .comment       0x00000000       0x2b build/obj/chcore.o
 .comment       0x00000000       0x2b build/obj/chcore_v7m.o
 .comment       0x00000000       0x2b build/obj/nvic.o
 .comment       0x00000000       0x2b build/obj/chsys.o
 .comment       0x00000000       0x2b build/obj/chdebug.o
 .comment       0x00000000       0x2b build/obj/chlists.o
 .comment       0x00000000       0x2b build/obj/chvt.o
 .comment       0x00000000       0x2b build/obj/chschd.o
 .comment       0x00000000       0x2b build/obj/chthreads.o
 .comment       0x00000000       0x2b build/obj/chdynamic.o
 .comment       0x00000000       0x2b build/obj/chregistry.o
 .comment       0x00000000       0x2b build/obj/chsem.o
 .comment       0x00000000       0x2b build/obj/chmtx.o
 .comment       0x00000000       0x2b build/obj/chcond.o
 .comment       0x00000000       0x2b build/obj/chevents.o
 .comment       0x00000000       0x2b build/obj/chmsg.o
 .comment       0x00000000       0x2b build/obj/chmboxes.o