Archive member included to satisfy reference by file (symbol)

/home/z80/programs/sw4stm32/plugins/fr.ac6.mcu.externaltools.arm-none.linux32_1.7.0.201602291259/tools/compiler/bin/../lib/gcc/arm-none-eabi/5.2.1/armv7-m/libgcc.a(_aeabi_uldivmod.o)
                              build/obj/moto_ctrl.o (__aeabi_uldivmod)
/home/z80/programs/sw4stm32/plugins/fr.ac6.mcu.externaltools.arm-none.linux32_1.7.0.201602291259/tools/compiler/bin/../lib/gcc/arm-none-eabi/5.2.1/armv7-m/libgcc.a(_udivmoddi4.o)
                              /home/z80/programs/sw4stm32/plugins/fr.ac6.mcu.externaltools.arm-none.linux32_1.7.0.201602291259/tools/compiler/bin/../lib/gcc/arm-none-eabi/5.2.1/armv7-m/libgcc.a(_aeabi_uldivmod.o) (__udivmoddi4)
/home/z80/programs/sw4stm32/plugins/fr.ac6.mcu.externaltools.arm-none.linux32_1.7.0.201602291259/tools/compiler/bin/../lib/gcc/arm-none-eabi/5.2.1/armv7-m/libgcc.a(_dvmd_tls.o)
                              /home/z80/programs/sw4stm32/plugins/fr.ac6.mcu.externaltools.arm-none.linux32_1.7.0.201602291259/tools/compiler/bin/../lib/gcc/arm-none-eabi/5.2.1/armv7-m/libgcc.a(_aeabi_uldivmod.o) (__aeabi_ldiv0)
/home/z80/programs/sw4stm32/plugins/fr.ac6.mcu.externaltools.arm-none.linux32_1.7.0.201602291259/tools/compiler/bin/../lib/gcc/arm-none-eabi/5.2.1/../../../../arm-none-eabi/lib/armv7-m/libc.a(lib_a-memset.o)
                              build/obj/syscalls.o (memset)
/home/z80/programs/sw4stm32/plugins/fr.ac6.mcu.externaltools.arm-none.linux32_1.7.0.201602291259/tools/compiler/bin/../lib/gcc/arm-none-eabi/5.2.1/../../../../arm-none-eabi/lib/armv7-m/libc.a(lib_a-strcasecmp.o)
                              build/obj/shell.o (strcasecmp)
/home/z80/programs/sw4stm32/plugins/fr.ac6.mcu.externaltools.arm-none.linux32_1.7.0.201602291259/tools/compiler/bin/../lib/gcc/arm-none-eabi/5.2.1/../../../../arm-none-eabi/lib/armv7-m/libc.a(lib_a-strlen-stub.o)
                              build/obj/cpu_io.o (strlen)
/home/z80/programs/sw4stm32/plugins/fr.ac6.mcu.externaltools.arm-none.linux32_1.7.0.201602291259/tools/compiler/bin/../lib/gcc/arm-none-eabi/5.2.1/../../../../arm-none-eabi/lib/armv7-m/libc.a(lib_a-strpbrk.o)
                              build/obj/shell.o (strpbrk)
/home/z80/programs/sw4stm32/plugins/fr.ac6.mcu.externaltools.arm-none.linux32_1.7.0.201602291259/tools/compiler/bin/../lib/gcc/arm-none-eabi/5.2.1/../../../../arm-none-eabi/lib/armv7-m/libc.a(lib_a-strspn.o)
                              build/obj/shell.o (strspn)
/home/z80/programs/sw4stm32/plugins/fr.ac6.mcu.externaltools.arm-none.linux32_1.7.0.201602291259/tools/compiler/bin/../lib/gcc/arm-none-eabi/5.2.1/../../../../arm-none-eabi/lib/armv7-m/libc.a(lib_a-ctype_.o)
                              /home/z80/programs/sw4stm32/plugins/fr.ac6.mcu.externaltools.arm-none.linux32_1.7.0.201602291259/tools/compiler/bin/../lib/gcc/arm-none-eabi/5.2.1/../../../../arm-none-eabi/lib/armv7-m/libc.a(lib_a-strcasecmp.o) (__ctype_ptr__)

Discarded input sections

 .text          0x00000000        0x0 build/obj/crt0.o
 .data          0x00000000        0x0 build/obj/crt0.o
 .bss           0x00000000        0x0 build/obj/crt0.o
 .text.__early_init
                0x00000000        0x4 build/obj/crt0.o
 .text          0x00000000        0x0 build/obj/vectors.o
 .data          0x00000000        0x0 build/obj/vectors.o
 .bss           0x00000000        0x0 build/obj/vectors.o
 .text          0x00000000        0x0 build/obj/chcore.o
 .data          0x00000000        0x0 build/obj/chcore.o
 .bss           0x00000000        0x0 build/obj/chcore.o
 .text          0x00000000        0x0 build/obj/chcore_v7m.o
 .data          0x00000000        0x0 build/obj/chcore_v7m.o
 .bss           0x00000000        0x0 build/obj/chcore_v7m.o
 .text          0x00000000        0x0 build/obj/nvic.o
 .data          0x00000000        0x0 build/obj/nvic.o
 .bss           0x00000000        0x0 build/obj/nvic.o
 .text.nvicDisableVector
                0x00000000       0x58 build/obj/nvic.o
 .text          0x00000000        0x0 build/obj/chsys.o
 .data          0x00000000        0x0 build/obj/chsys.o
 .bss           0x00000000        0x0 build/obj/chsys.o
 .text          0x00000000        0x0 build/obj/chdebug.o
 .data          0x00000000        0x0 build/obj/chdebug.o
 .bss           0x00000000        0x0 build/obj/chdebug.o
 .text.dbg_check_disable
                0x00000000       0x28 build/obj/chdebug.o
 .text.dbg_check_suspend
                0x00000000       0x28 build/obj/chdebug.o
 .text          0x00000000        0x0 build/obj/chlists.o
 .data          0x00000000        0x0 build/obj/chlists.o
 .bss           0x00000000        0x0 build/obj/chlists.o
 .debug_info    0x00000000       0x72 build/obj/chlists.o
 .debug_abbrev  0x00000000       0x26 build/obj/chlists.o
 .debug_aranges
                0x00000000       0x18 build/obj/chlists.o
 .debug_line    0x00000000       0x1d build/obj/chlists.o
 .debug_str     0x00000000      0x1cb build/obj/chlists.o
[...]
Memory Configuration

Name             Origin             Length             Attributes
flash            0x08000000         0x00020000
ram              0x20000000         0x00005000
*default*        0x00000000         0xffffffff

Linker script and memory map

LOAD build/obj/crt0.o
LOAD build/obj/vectors.o
LOAD build/obj/chcore.o
LOAD build/obj/chcore_v7m.o
LOAD build/obj/nvic.o
LOAD build/obj/chsys.o
LOAD build/obj/chdebug.o
LOAD build/obj/chlists.o
LOAD build/obj/chvt.o
LOAD build/obj/chschd.o
LOAD build/obj/chthreads.o
LOAD build/obj/chdynamic.o
LOAD build/obj/chregistry.o
LOAD build/obj/chsem.o
LOAD build/obj/chmtx.o
LOAD build/obj/chcond.o
LOAD build/obj/chevents.o
LOAD build/obj/chmsg.o
LOAD build/obj/chmboxes.o
LOAD build/obj/chqueues.o
LOAD build/obj/chmemcore.o
LOAD build/obj/chheap.o
LOAD build/obj/chmempools.o
LOAD build/obj/test.o
LOAD build/obj/testthd.o
LOAD build/obj/testsem.o
LOAD build/obj/testmtx.o
LOAD build/obj/testmsg.o
LOAD build/obj/testmbox.o
LOAD build/obj/testevt.o
LOAD build/obj/testheap.o
LOAD build/obj/testpools.o
LOAD build/obj/testdyn.o
LOAD build/obj/testqueues.o
LOAD build/obj/testbmk.o
LOAD build/obj/hal.o
LOAD build/obj/adc.o
LOAD build/obj/can.o
LOAD build/obj/ext.o
LOAD build/obj/gpt.o
LOAD build/obj/i2c.o
LOAD build/obj/icu.o
LOAD build/obj/mac.o
LOAD build/obj/pal.o
LOAD build/obj/pwm.o
LOAD build/obj/sdc.o
LOAD build/obj/serial.o
LOAD build/obj/spi.o
LOAD build/obj/uart.o
LOAD build/obj/usb.o
LOAD build/obj/tm.o
LOAD build/obj/mmc_spi.o
LOAD build/obj/serial_usb.o
LOAD build/obj/rtc.o
LOAD build/obj/stm32_dma.o
LOAD build/obj/hal_lld.o
LOAD build/obj/adc_lld.o
LOAD build/obj/can_lld.o
LOAD build/obj/ext_lld.o
LOAD build/obj/gpt_lld.o
LOAD build/obj/i2c_lld.o
LOAD build/obj/icu_lld.o
LOAD build/obj/mac_lld.o
LOAD build/obj/pwm_lld.o
LOAD build/obj/serial_lld.o
LOAD build/obj/sdc_lld.o
LOAD build/obj/spi_lld.o
LOAD build/obj/uart_lld.o
LOAD build/obj/pal_lld.o
LOAD build/obj/usb_lld.o
LOAD build/obj/rtc_lld.o
LOAD build/obj/board.o
LOAD build/obj/evtimer.o
LOAD build/obj/syscalls.o
LOAD build/obj/shell.o
LOAD build/obj/chprintf.o
LOAD build/obj/moto_ctrl.o
LOAD build/obj/iwdg.o
LOAD build/obj/iwdg_lld.o
LOAD build/obj/main.o
LOAD build/obj/cpu_io.o
LOAD build/obj/led_ctrl.o
LOAD build/obj/dfu_ctrl.o
LOAD build/obj/shutter_ctrl.o
LOAD build/obj/eeprom_ctrl.o
START GROUP
LOAD /home/z80/programs/sw4stm32/plugins/fr.ac6.mcu.externaltools.arm-none.linux32_1.7.0.201602291259/tools/compiler/bin/../lib/gcc/arm-none-eabi/5.2.1/armv7-m/libgcc.a
LOAD /home/z80/programs/sw4stm32/plugins/fr.ac6.mcu.externaltools.arm-none.linux32_1.7.0.201602291259/tools/compiler/bin/../lib/gcc/arm-none-eabi/5.2.1/../../../../arm-none-eabi/lib/armv7-m/libc.a
END GROUP
                0x00000400                __main_stack_size__ = 0x400
                0x00000400                __process_stack_size__ = 0x400
                0x20000000                __ram_start__ = ORIGIN (ram)
                0x00005000                __ram_size__ = LENGTH (ram)
                0x20005000                __ram_end__ = (__ram_start__ + __ram_size__)
                0x00000000                . = 0x0
                0x00000000                _text = .

startup         0x08000000       0xec
 *(vectors)
 vectors        0x08000000       0xec build/obj/vectors.o
                0x08000000                _vectors

constructors    0x080000ec        0x0
                0x080000ec                PROVIDE (__init_array_start, .)
 *(SORT(.init_array.*))
 *(.init_array)
                0x080000ec                PROVIDE (__init_array_end, .)

destructors     0x080000ec        0x0
                0x080000ec                PROVIDE (__fini_array_start, .)
 *(.fini_array)
 *(SORT(.fini_array.*))
                0x080000ec                PROVIDE (__fini_array_end, .)

.text           0x080000f0     0x69dc
 *(.text.startup.*)
 *(.text)
 .text          0x080000f0       0x30 /home/z80/programs/sw4stm32/plugins/fr.ac6.mcu.externaltools.arm-none.linux32_1.7.0.201602291259/tools/compiler/bin/../lib/gcc/arm-none-eabi/5.2.1/armv7-m/libgcc.a(_aeabi_uldivmod.o)
                0x080000f0                __aeabi_uldivmod
 .text          0x08000120      0x2ec /home/z80/programs/sw4stm32/plugins/fr.ac6.mcu.externaltools.arm-none.linux32_1.7.0.201602291259/tools/compiler/bin/../lib/gcc/arm-none-eabi/5.2.1/armv7-m/libgcc.a(_udivmoddi4.o)
                0x08000120                __udivmoddi4
 *fill*         0x0800040c        0x4 
 .text          0x08000410        0x4 /home/z80/programs/sw4stm32/plugins/fr.ac6.mcu.externaltools.arm-none.linux32_1.7.0.201602291259/tools/compiler/bin/../lib/gcc/arm-none-eabi/5.2.1/armv7-m/libgcc.a(_dvmd_tls.o)
                0x08000410                __aeabi_ldiv0
                0x08000410                __aeabi_idiv0
 *(.text.*)
 *fill*         0x08000414        0xc 
 .text.__late_init
                0x08000420        0x4 build/obj/crt0.o
                0x08000420                __late_init
 *fill*         0x08000424        0xc 
 .text._default_exit
                0x08000430        0x4 build/obj/crt0.o
                0x08000430                _default_exit
 *fill*         0x08000434        0xc 
 .text.ResetHandler
                0x08000440       0xcc build/obj/crt0.o
                0x08000440                ResetHandler
 *fill*         0x0800050c        0x4 
 .text._unhandled_exception
                0x08000510        0x4 build/obj/vectors.o
                0x08000510                VectorAC
                0x08000510                NMIVector
                0x08000510                Vector8C
                0x08000510                VectorDC
                0x08000510                VectorC8
                0x08000510                Vector94
                0x08000510                VectorA8
                0x08000510                UsageFaultVector
                0x08000510                DebugMonitorVector
                0x08000510                Vector40
                0x08000510                PendSVVector
                0x08000510                VectorCC
                0x08000510                Vector54
                0x08000510                Vector98
                0x08000510                VectorD8
                0x08000510                Vector24
                0x08000510                BusFaultVector
                0x08000510                VectorD0
                0x08000510                VectorE4
                0x08000510                HardFaultVector
                0x08000510                MemManageVector
                0x08000510                VectorA0
                0x08000510                VectorC4
                0x08000510                Vector90
                0x08000510                Vector1C
                0x08000510                Vector48
                0x08000510                Vector4C
                0x08000510                _unhandled_exception
                0x08000510                Vector88
                0x08000510                Vector50
                0x08000510                Vector28
                0x08000510                Vector34
                0x08000510                Vector20
 *fill*         0x08000514        0xc 
 .text.port_halt
                0x08000520        0x4 build/obj/chcore.o
                0x08000520                port_halt
 *fill*         0x08000524        0xc 
 .text.SysTickVector
                0x08000530       0x2c build/obj/chcore_v7m.o
                0x08000530                SysTickVector
 *fill*         0x0800055c        0x4 
 .text.SVCallVector
                0x08000560       0x20 build/obj/chcore_v7m.o
                0x08000560                SVCallVector
 .text._port_init
                0x08000580       0x34 build/obj/chcore_v7m.o
                0x08000580                _port_init
 *fill*         0x080005b4        0xc 
 .text._port_irq_epilogue
                0x080005c0       0x94 build/obj/chcore_v7m.o
                0x080005c0                _port_irq_epilogue
 *fill*         0x08000654        0xc 
 .text._port_switch_from_isr
                0x08000660       0x10 build/obj/chcore_v7m.o
                0x08000660                _port_switch_from_isr
 .text._port_switch
                0x08000670       0x18 build/obj/chcore_v7m.o
                0x08000670                _port_switch
 *fill*         0x08000688        0x8 
 .text._port_thread_start
                0x08000690       0x18 build/obj/chcore_v7m.o
                0x08000690                _port_thread_start
 *fill*         0x080006a8        0x8 
 .text.nvicEnableVector
                0x080006b0       0x7c build/obj/nvic.o
                0x080006b0                nvicEnableVector
 *fill*         0x0800072c        0x4 
 .text.nvicSetSystemHandlerPriority
                0x08000730       0x4c build/obj/nvic.o
                0x08000730                nvicSetSystemHandlerPriority
 *fill*         0x0800077c        0x4 
 .text._idle_thread
                0x08000780       0x18 build/obj/chsys.o
                0x08000780                _idle_thread
 *fill*         0x08000798        0x8 
 .text.chSysInit
                0x080007a0       0x7c build/obj/chsys.o
                0x080007a0                chSysInit
 *fill*         0x0800081c        0x4 
 .text.chSysTimerHandlerI
                0x08000820       0x88 build/obj/chsys.o
                0x08000820                chSysTimerHandlerI
 *fill*         0x080008a8        0x8 
 .text.dbg_check_enable
                0x080008b0       0x28 build/obj/chdebug.o
                0x080008b0                dbg_check_enable
 *fill*         0x080008d8        0x8 
 .text.dbg_check_lock
                0x080008e0       0x30 build/obj/chdebug.o
                0x080008e0                dbg_check_lock
 .text.dbg_check_unlock
                0x08000910       0x30 build/obj/chdebug.o
                0x08000910                dbg_check_unlock
 .text.dbg_check_lock_from_isr
                0x08000940       0x30 build/obj/chdebug.o
                0x08000940                dbg_check_lock_from_isr
 .text.dbg_check_unlock_from_isr
                0x08000970       0x30 build/obj/chdebug.o
                0x08000970                dbg_check_unlock_from_isr
 .text.dbg_check_enter_isr
                0x080009a0       0x40 build/obj/chdebug.o
                0x080009a0                dbg_check_enter_isr
 .text.dbg_check_leave_isr
                0x080009e0       0x40 build/obj/chdebug.o
                0x080009e0                dbg_check_leave_isr
 .text.chDbgCheckClassI
                0x08000a20       0x28 build/obj/chdebug.o
                0x08000a20                chDbgCheckClassI
 *fill*         0x08000a48        0x8 
 .text.chDbgCheckClassS
                0x08000a50       0x28 build/obj/chdebug.o
                0x08000a50                chDbgCheckClassS
 *fill*         0x08000a78        0x8 
 .text._trace_init
                0x08000a80       0x18 build/obj/chdebug.o
                0x08000a80                _trace_init
 *fill*         0x08000a98        0x8 
 .text.dbg_trace
                0x08000aa0       0x64 build/obj/chdebug.o
                0x08000aa0                dbg_trace
 *fill*         0x08000b04        0xc 
 .text.chDbgPanic
                0x08000b10       0x1c build/obj/chdebug.o
                0x08000b10                chDbgPanic
 *fill*         0x08000b2c        0x4 
 .text._vt_init
                0x08000b30       0x24 build/obj/chvt.o
                0x08000b30                _vt_init
 *fill*         0x08000b54        0xc 
 .text.chVTSetI
                0x08000b60       0xa0 build/obj/chvt.o
                0x08000b60                chVTSetI
 .text.chVTResetI
                0x08000c00       0x70 build/obj/chvt.o
                0x08000c00                chVTResetI
 .text.fifo_remove
                0x08000c70       0x24 build/obj/chschd.o
 *fill*         0x08000c94        0xc 
 .text.dequeue  0x08000ca0       0x20 build/obj/chschd.o
 .text._scheduler_init
                0x08000cc0       0x30 build/obj/chschd.o
                0x08000cc0                _scheduler_init
 .text.chSchReadyI
                0x08000cf0       0x70 build/obj/chschd.o
                0x08000cf0                chSchReadyI
 .text.chSchGoSleepS
                0x08000d60       0x70 build/obj/chschd.o
                0x08000d60                chSchGoSleepS
 .text.wakeup   0x08000dd0       0x7c build/obj/chschd.o
 *fill*         0x08000e4c        0x4 
 .text.chSchGoSleepTimeoutS
                0x08000e50       0x60 build/obj/chschd.o
                0x08000e50                chSchGoSleepTimeoutS
 .text.chSchWakeupS
                0x08000eb0       0x7c build/obj/chschd.o
                0x08000eb0                chSchWakeupS
 *fill*         0x08000f2c        0x4 
 .text.chSchDoReschedule
                0x08000f30       0x64 build/obj/chschd.o
                0x08000f30                chSchDoReschedule
 *fill*         0x08000f94        0xc 
 .text.list_remove
                0x08000fa0       0x1c build/obj/chthreads.o
 *fill*         0x08000fbc        0x4 
 .text._thread_init
                0x08000fc0       0x8c build/obj/chthreads.o
                0x08000fc0                _thread_init
 *fill*         0x0800104c        0x4 
 .text._thread_memfill
                0x08001050       0x28 build/obj/chthreads.o
                0x08001050                _thread_memfill
 *fill*         0x08001078        0x8 
 .text.chThdCreateI
                0x08001080       0x70 build/obj/chthreads.o
                0x08001080                chThdCreateI
 .text.chThdCreateStatic
                0x080010f0       0x68 build/obj/chthreads.o
                0x080010f0                chThdCreateStatic
 *fill*         0x08001158        0x8 
 .text.chThdSleep
                0x08001160       0x3c build/obj/chthreads.o
                0x08001160                chThdSleep
 *fill*         0x0800119c        0x4 
 .text.chThdExit
                0x080011a0       0x20 build/obj/chthreads.o
                0x080011a0                chThdExit
 .text.chThdExitS
                0x080011c0       0x70 build/obj/chthreads.o
                0x080011c0                chThdExitS
 .text.queue_insert
                0x08001230       0x2c build/obj/chsem.o
 *fill*         0x0800125c        0x4 
 .text.fifo_remove
                0x08001260       0x24 build/obj/chsem.o
 *fill*         0x08001284        0xc 
 .text.chSemInit
                0x08001290       0x3c build/obj/chsem.o
                0x08001290                chSemInit
 *fill*         0x080012cc        0x4 
 .text.chSemWait
                0x080012d0       0x2c build/obj/chsem.o
                0x080012d0                chSemWait
 *fill*         0x080012fc        0x4 
 .text.chSemWaitS
                0x08001300       0x8c build/obj/chsem.o
                0x08001300                chSemWaitS
 *fill*         0x0800138c        0x4 
 .text.chSemSignalI
                0x08001390       0x78 build/obj/chsem.o
                0x08001390                chSemSignalI
 *fill*         0x08001408        0x8 
 .text.prio_insert
                0x08001410       0x48 build/obj/chmtx.o
 *fill*         0x08001458        0x8 
 .text.fifo_remove
                0x08001460       0x24 build/obj/chmtx.o
 *fill*         0x08001484        0xc 
 .text.dequeue  0x08001490       0x20 build/obj/chmtx.o
 .text.chMtxInit
                0x080014b0       0x34 build/obj/chmtx.o
                0x080014b0                chMtxInit
 *fill*         0x080014e4        0xc 
 .text.chMtxLock
                0x080014f0       0x28 build/obj/chmtx.o
                0x080014f0                chMtxLock
 *fill*         0x08001518        0x8 
 .text.chMtxLockS
                0x08001520      0x108 build/obj/chmtx.o
                0x08001520                chMtxLockS
 *fill*         0x08001628        0x8 
 .text.chMtxUnlock
                0x08001630       0xd8 build/obj/chmtx.o
                0x08001630                chMtxUnlock
 *fill*         0x08001708        0x8 
 .text.chEvtSignalFlagsI
                0x08001710       0x70 build/obj/chevents.o
                0x08001710                chEvtSignalFlagsI
 .text.chEvtBroadcastFlagsI
                0x08001780       0x4c build/obj/chevents.o
                0x08001780                chEvtBroadcastFlagsI
 *fill*         0x080017cc        0x4 
 .text.queue_insert
                0x080017d0       0x2c build/obj/chqueues.o
 *fill*         0x080017fc        0x4 
 .text.fifo_remove
                0x08001800       0x24 build/obj/chqueues.o
 *fill*         0x08001824        0xc 
 .text.qwait    0x08001830       0x40 build/obj/chqueues.o
 .text.chIQInit
                0x08001870       0x4c build/obj/chqueues.o
                0x08001870                chIQInit
 *fill*         0x080018bc        0x4 
 .text.chIQPutI
                0x080018c0       0x84 build/obj/chqueues.o
                0x080018c0                chIQPutI
 *fill*         0x08001944        0xc 
 .text.chIQGetTimeout
                0x08001950       0x90 build/obj/chqueues.o
                0x08001950                chIQGetTimeout
 .text.chIQReadTimeout
                0x080019e0       0xc8 build/obj/chqueues.o
                0x080019e0                chIQReadTimeout
 *fill*         0x08001aa8        0x8 
 .text.chOQInit
                0x08001ab0       0x4c build/obj/chqueues.o
                0x08001ab0                chOQInit
 *fill*         0x08001afc        0x4 
 .text.chOQPutTimeout
                0x08001b00       0x94 build/obj/chqueues.o
                0x08001b00                chOQPutTimeout
 *fill*         0x08001b94        0xc 
 .text.chOQGetI
                0x08001ba0       0x80 build/obj/chqueues.o
                0x08001ba0                chOQGetI
 .text.chOQWriteTimeout
                0x08001c20       0xc8 build/obj/chqueues.o
                0x08001c20                chOQWriteTimeout
 *fill*         0x08001ce8        0x8 
 .text._core_init
                0x08001cf0       0x30 build/obj/chmemcore.o
                0x08001cf0                _core_init
 .text.halInit  0x08001d20       0x28 build/obj/hal.o
                0x08001d20                halInit
 *fill*         0x08001d48        0x8 
 .text.extInit  0x08001d50        0xc build/obj/ext.o
                0x08001d50                extInit
 *fill*         0x08001d5c        0x4 
 .text.extObjectInit
                0x08001d60       0x18 build/obj/ext.o
                0x08001d60                extObjectInit
 *fill*         0x08001d78        0x8 
 .text.extStart
                0x08001d80       0x68 build/obj/ext.o
                0x08001d80                extStart
 *fill*         0x08001de8        0x8 
 .text.gptInit  0x08001df0        0xc build/obj/gpt.o
                0x08001df0                gptInit
 *fill*         0x08001dfc        0x4 
 .text.gptObjectInit
                0x08001e00       0x18 build/obj/gpt.o
                0x08001e00                gptObjectInit
 *fill*         0x08001e18        0x8 
 .text.gptStart
                0x08001e20       0x68 build/obj/gpt.o
                0x08001e20                gptStart
 *fill*         0x08001e88        0x8 
 .text.gptStartOneShot
                0x08001e90       0x34 build/obj/gpt.o
                0x08001e90                gptStartOneShot
 *fill*         0x08001ec4        0xc 
 .text.gptStartOneShotI
                0x08001ed0       0x4c build/obj/gpt.o
                0x08001ed0                gptStartOneShotI
 *fill*         0x08001f1c        0x4 
 .text.gptStopTimerI
                0x08001f20       0x50 build/obj/gpt.o
                0x08001f20                gptStopTimerI
 .text.i2cInit  0x08001f70        0xc build/obj/i2c.o
                0x08001f70                i2cInit
 *fill*         0x08001f7c        0x4 
 .text.i2cObjectInit
                0x08001f80       0x18 build/obj/i2c.o
                0x08001f80                i2cObjectInit
 *fill*         0x08001f98        0x8 
 .text.i2cStart
                0x08001fa0       0x70 build/obj/i2c.o
                0x08001fa0                i2cStart
 .text.i2cMasterTransmitTimeout
                0x08002010       0xbc build/obj/i2c.o
                0x08002010                i2cMasterTransmitTimeout
 *fill*         0x080020cc        0x4 
 .text.i2cSlaveQueueIo
                0x080020d0       0x68 build/obj/i2c.o
                0x080020d0                i2cSlaveQueueIo
 *fill*         0x08002138        0x8 
 .text.writes   0x08002140       0x28 build/obj/serial.o
 *fill*         0x08002168        0x8 
 .text.reads    0x08002170       0x28 build/obj/serial.o
 *fill*         0x08002198        0x8 
 .text.putwouldblock
                0x080021a0       0x18 build/obj/serial.o
 *fill*         0x080021b8        0x8 
 .text.getwouldblock
                0x080021c0       0x18 build/obj/serial.o
 *fill*         0x080021d8        0x8 
 .text.putt     0x080021e0       0x28 build/obj/serial.o
 *fill*         0x08002208        0x8 
 .text.gett     0x08002210       0x20 build/obj/serial.o
 .text.writet   0x08002230       0x28 build/obj/serial.o
 *fill*         0x08002258        0x8 
 .text.readt    0x08002260       0x28 build/obj/serial.o
 *fill*         0x08002288        0x8 
 .text.getflags
                0x08002290       0x30 build/obj/serial.o
 .text.sdInit   0x080022c0        0xc build/obj/serial.o
                0x080022c0                sdInit
 *fill*         0x080022cc        0x4 
 .text.sdObjectInit
                0x080022d0       0x5c build/obj/serial.o
                0x080022d0                sdObjectInit
 *fill*         0x0800232c        0x4 
 .text.sdIncomingDataI
                0x08002330       0x78 build/obj/serial.o
                0x08002330                sdIncomingDataI
 *fill*         0x080023a8        0x8 
 .text.Vector6C
                0x080023b0       0x48 build/obj/stm32_dma.o
                0x080023b0                Vector6C
 *fill*         0x080023f8        0x8 
 .text.Vector70
                0x08002400       0x48 build/obj/stm32_dma.o
                0x08002400                Vector70
 *fill*         0x08002448        0x8 
 .text.Vector74
                0x08002450       0x4c build/obj/stm32_dma.o
                0x08002450                Vector74
 *fill*         0x0800249c        0x4 
 .text.Vector78
                0x080024a0       0x4c build/obj/stm32_dma.o
                0x080024a0                Vector78
 *fill*         0x080024ec        0x4 
 .text.Vector7C
                0x080024f0       0x4c build/obj/stm32_dma.o
                0x080024f0                Vector7C
 *fill*         0x0800253c        0x4 
 .text.Vector80
                0x08002540       0x4c build/obj/stm32_dma.o
                0x08002540                Vector80
 *fill*         0x0800258c        0x4 
 .text.Vector84
                0x08002590       0x4c build/obj/stm32_dma.o
                0x08002590                Vector84
 *fill*         0x080025dc        0x4 
 .text.dmaInit  0x080025e0       0x58 build/obj/stm32_dma.o
                0x080025e0                dmaInit
 *fill*         0x08002638        0x8 
 .text.dmaStreamAllocate
                0x08002640       0xd8 build/obj/stm32_dma.o
                0x08002640                dmaStreamAllocate
 *fill*         0x08002718        0x8 
 .text.hal_lld_backup_domain_init
                0x08002720       0x58 build/obj/hal_lld.o
 *fill*         0x08002778        0x8 
 .text.hal_lld_init
                0x08002780       0x88 build/obj/hal_lld.o
                0x08002780                hal_lld_init
 *fill*         0x08002808        0x8 
 .text.stm32_clock_init
                0x08002810       0xcc build/obj/hal_lld.o
                0x08002810                stm32_clock_init
 *fill*         0x080028dc        0x4 
 .text.Vector58
                0x080028e0       0x2c build/obj/ext_lld.o
                0x080028e0                Vector58
 *fill*         0x0800290c        0x4 
 .text.Vector5C
                0x08002910       0x2c build/obj/ext_lld.o
                0x08002910                Vector5C
 *fill*         0x0800293c        0x4 
 .text.Vector60
                0x08002940       0x2c build/obj/ext_lld.o
                0x08002940                Vector60
 *fill*         0x0800296c        0x4 
 .text.Vector64
                0x08002970       0x2c build/obj/ext_lld.o
                0x08002970                Vector64
 *fill*         0x0800299c        0x4 
 .text.Vector68
                0x080029a0       0x2c build/obj/ext_lld.o
                0x080029a0                Vector68
 *fill*         0x080029cc        0x4 
 .text.Vector9C
                0x080029d0       0xa0 build/obj/ext_lld.o
                0x080029d0                Vector9C
 .text.VectorE0
                0x08002a70       0xb4 build/obj/ext_lld.o
                0x08002a70                VectorE0
 *fill*         0x08002b24        0xc 
 .text.Vector44
                0x08002b30       0x30 build/obj/ext_lld.o
                0x08002b30                Vector44
 .text.VectorE8
                0x08002b60       0x30 build/obj/ext_lld.o
                0x08002b60                VectorE8
 .text.ext_lld_init
                0x08002b90       0x10 build/obj/ext_lld.o
                0x08002b90                ext_lld_init
 .text.ext_lld_start
                0x08002ba0      0x170 build/obj/ext_lld.o
                0x08002ba0                ext_lld_start
 .text.gpt_lld_serve_interrupt
                0x08002d10       0x34 build/obj/gpt_lld.o
 *fill*         0x08002d44        0xc 
 .text.VectorA4
                0x08002d50       0x1c build/obj/gpt_lld.o
                0x08002d50                VectorA4
 *fill*         0x08002d6c        0x4 
 .text.VectorB0
                0x08002d70       0x1c build/obj/gpt_lld.o
                0x08002d70                VectorB0
 *fill*         0x08002d8c        0x4 
 .text.VectorB4
                0x08002d90       0x1c build/obj/gpt_lld.o
                0x08002d90                VectorB4
 *fill*         0x08002dac        0x4 
 .text.VectorB8
                0x08002db0       0x1c build/obj/gpt_lld.o
                0x08002db0                VectorB8
 *fill*         0x08002dcc        0x4 
 .text.gpt_lld_init
                0x08002dd0       0x54 build/obj/gpt_lld.o
                0x08002dd0                gpt_lld_init
 *fill*         0x08002e24        0xc 
 .text.gpt_lld_start
                0x08002e30      0x15c build/obj/gpt_lld.o
                0x08002e30                gpt_lld_start
 *fill*         0x08002f8c        0x4 
 .text.gpt_lld_start_timer
                0x08002f90       0x44 build/obj/gpt_lld.o
                0x08002f90                gpt_lld_start_timer
 *fill*         0x08002fd4        0xc 
 .text.gpt_lld_stop_timer
                0x08002fe0       0x24 build/obj/gpt_lld.o
                0x08002fe0                gpt_lld_stop_timer
 *fill*         0x08003004        0xc 
 .text.i2c_lld_abort_operation
                0x08003010       0x7c build/obj/i2c_lld.o
 *fill*         0x0800308c        0x4 
 .text.i2c_lld_safety_timeout
                0x08003090       0x3c build/obj/i2c_lld.o
 *fill*         0x080030cc        0x4 
 .text.i2c_lld_set_clock
                0x080030d0      0x1fc build/obj/i2c_lld.o
 *fill*         0x080032cc        0x4 
 .text.i2c_lld_set_opmode
                0x080032d0       0x70 build/obj/i2c_lld.o
 .text.i2c_lld_serve_event_interrupt
                0x08003340      0x28c build/obj/i2c_lld.o
 *fill*         0x080035cc        0x4 
 .text.i2c_lld_serve_rx_end_irq
                0x080035d0       0xbc build/obj/i2c_lld.o
 *fill*         0x0800368c        0x4 
 .text.i2c_lld_serve_tx_end_irq
                0x08003690       0x5c build/obj/i2c_lld.o
 *fill*         0x080036ec        0x4 
 .text.i2c_lld_serve_error_interrupt
                0x080036f0      0x214 build/obj/i2c_lld.o
 *fill*         0x08003904        0xc 
 .text.VectorBC
                0x08003910       0x1c build/obj/i2c_lld.o
                0x08003910                VectorBC
 *fill*         0x0800392c        0x4 
 .text.VectorC0
                0x08003930       0x1c build/obj/i2c_lld.o
                0x08003930                VectorC0
 *fill*         0x0800394c        0x4 
 .text.i2c_lld_init
                0x08003950       0x34 build/obj/i2c_lld.o
                0x08003950                i2c_lld_init
 *fill*         0x08003984        0xc 
 .text.i2c_lld_start
                0x08003990      0x11c build/obj/i2c_lld.o
                0x08003990                i2c_lld_start
 *fill*         0x08003aac        0x4 
 .text.i2c_lld_master_transmit_timeout
                0x08003ab0      0x150 build/obj/i2c_lld.o
                0x08003ab0                i2c_lld_master_transmit_timeout
 .text.i2c_lld_queue_io
                0x08003c00       0xe4 build/obj/i2c_lld.o
                0x08003c00                i2c_lld_queue_io
 *fill*         0x08003ce4        0xc 
 .text.set_error
                0x08003cf0       0x94 build/obj/serial_lld.o
 *fill*         0x08003d84        0xc 
 .text.serve_interrupt
                0x08003d90      0x188 build/obj/serial_lld.o
 *fill*         0x08003f18        0x8 
 .text.notify1  0x08003f20       0x20 build/obj/serial_lld.o
 .text.VectorD4
                0x08003f40       0x1c build/obj/serial_lld.o
                0x08003f40                VectorD4
 *fill*         0x08003f5c        0x4 
 .text.sd_lld_init
                0x08003f60       0x24 build/obj/serial_lld.o
                0x08003f60                sd_lld_init
 *fill*         0x08003f84        0xc 
 .text._pal_lld_init
                0x08003f90       0xa8 build/obj/pal_lld.o
                0x08003f90                _pal_lld_init
 *fill*         0x08004038        0x8 
 .text._pal_lld_setgroupmode
                0x08004040       0xd0 build/obj/pal_lld.o
                0x08004040                _pal_lld_setgroupmode
 .text.__early_init
                0x08004110        0xc build/obj/board.o
                0x08004110                __early_init
 *fill*         0x0800411c        0x4 
 .text.boardInit
                0x08004120        0x4 build/obj/board.o
                0x08004120                boardInit
 *fill*         0x08004124        0xc 
 .text.extHall0
                0x08004130       0x24 build/obj/moto_ctrl.o
 *fill*         0x08004154        0xc 
 .text.extHall1
                0x08004160       0x28 build/obj/moto_ctrl.o
 *fill*         0x08004188        0x8 
 .text.extPowerOff
                0x08004190       0x58 build/obj/moto_ctrl.o
 *fill*         0x080041e8        0x8 
 .text.motorThread
                0x080041f0      0x358 build/obj/moto_ctrl.o
 *fill*         0x08004548        0x8 
 .text.timerMotor0
                0x08004550       0xcc build/obj/moto_ctrl.o
 *fill*         0x0800461c        0x4 
 .text.timerMotor1
                0x08004620       0xcc build/obj/moto_ctrl.o
 *fill*         0x080046ec        0x4 
 .text.timerMotor2
                0x080046f0       0xd0 build/obj/moto_ctrl.o
 .text.timerMotor3
                0x080047c0       0xcc build/obj/moto_ctrl.o
 *fill*         0x0800488c        0x4 
 .text.motorInit
                0x08004890      0x268 build/obj/moto_ctrl.o
                0x08004890                motorInit
 *fill*         0x08004af8        0x8 
 .text.motorSetPos
                0x08004b00       0x44 build/obj/moto_ctrl.o
                0x08004b00                motorSetPos
 *fill*         0x08004b44        0xc 
 .text.motorSetParams
                0x08004b50       0x44 build/obj/moto_ctrl.o
                0x08004b50                motorSetParams
 *fill*         0x08004b94        0xc 
 .text.motorSensorData
                0x08004ba0       0x68 build/obj/moto_ctrl.o
                0x08004ba0                motorSensorData
 *fill*         0x08004c08        0x8 
 .text.motorInMotion
                0x08004c10       0x5c build/obj/moto_ctrl.o
                0x08004c10                motorInMotion
 *fill*         0x08004c6c        0x4 
 .text.motorPos
                0x08004c70       0x48 build/obj/moto_ctrl.o
                0x08004c70                motorPos
 *fill*         0x08004cb8        0x8 
 .text.motorStop
                0x08004cc0       0x30 build/obj/moto_ctrl.o
                0x08004cc0                motorStop
 .text.motorMove
                0x08004cf0       0xf0 build/obj/moto_ctrl.o
                0x08004cf0                motorMove
 .text.setMotoSleep
                0x08004de0       0x24 build/obj/moto_ctrl.o
 *fill*         0x08004e04        0xc 
 .text.setMotoReset
                0x08004e10       0x24 build/obj/moto_ctrl.o
 *fill*         0x08004e34        0xc 
 .text.setMotoEnable
                0x08004e40       0x28 build/obj/moto_ctrl.o
 *fill*         0x08004e68        0x8 
 .text.setMoto0Dir
                0x08004e70       0x28 build/obj/moto_ctrl.o
 *fill*         0x08004e98        0x8 
 .text.setHighCurrent
                0x08004ea0       0x38 build/obj/moto_ctrl.o
 *fill*         0x08004ed8        0x8 
 .text.saveEmergencyData
                0x08004ee0       0x7c build/obj/moto_ctrl.o
 *fill*         0x08004f5c        0x4 
 .text.nsqrt    0x08004f60       0x80 build/obj/moto_ctrl.o
 .text.iwdgInit
                0x08004fe0        0xc build/obj/iwdg.o
                0x08004fe0                iwdgInit
 *fill*         0x08004fec        0x4 
 .text.iwdgStart
                0x08004ff0       0x48 build/obj/iwdg.o
                0x08004ff0                iwdgStart
 *fill*         0x08005038        0x8 
 .text.iwdgReset
                0x08005040       0x38 build/obj/iwdg.o
                0x08005040                iwdgReset
 *fill*         0x08005078        0x8 
 .text.iwdg_lld_init
                0x08005080       0x18 build/obj/iwdg_lld.o
                0x08005080                iwdg_lld_init
 *fill*         0x08005098        0x8 
 .text.iwdg_lld_start
                0x080050a0       0x50 build/obj/iwdg_lld.o
                0x080050a0                iwdg_lld_start
 .text.iwdg_lld_reset
                0x080050f0       0x14 build/obj/iwdg_lld.o
                0x080050f0                iwdg_lld_reset
 *fill*         0x08005104        0xc 
 .text.main     0x08005110       0x2c build/obj/main.o
                0x08005110                main
 *fill*         0x0800513c        0x4 
 .text.motor_pos
                0x08005140       0x58 build/obj/cpu_io.o
 *fill*         0x08005198        0x8 
 .text.eeprom_write
                0x080051a0       0x58 build/obj/cpu_io.o
 *fill*         0x080051f8        0x8 
 .text.eeprom_read
                0x08005200       0x84 build/obj/cpu_io.o
 *fill*         0x08005284        0xc 
 .text.eeprom_clrSdData
                0x08005290       0x14 build/obj/cpu_io.o
 *fill*         0x080052a4        0xc 
 .text.eeprom_setSdAddr
                0x080052b0       0x20 build/obj/cpu_io.o
 .text.initCpuIo
                0x080052d0       0x70 build/obj/cpu_io.o
                0x080052d0                initCpuIo
 .text.processCpuIo
                0x08005340       0x9c build/obj/cpu_io.o
                0x08005340                processCpuIo
 *fill*         0x080053dc        0x4 
 .text.process_command
                0x080053e0       0x60 build/obj/cpu_io.o
 .text.exec_func
                0x08005440       0x40 build/obj/cpu_io.o
 .text.hardware_version
                0x08005480       0x50 build/obj/cpu_io.o
 .text.firmware_version
                0x080054d0       0x50 build/obj/cpu_io.o
 .text.firmware_upgrade
                0x08005520       0x44 build/obj/cpu_io.o
 *fill*         0x08005564        0xc 
 .text.set_led  0x08005570       0x18 build/obj/cpu_io.o
 *fill*         0x08005588        0x8 
 .text.set_shutter
                0x08005590       0x20 build/obj/cpu_io.o
 .text.move_motor
                0x080055b0       0x14 build/obj/cpu_io.o
 *fill*         0x080055c4        0xc 
 .text.stop_motor
                0x080055d0       0x14 build/obj/cpu_io.o
 *fill*         0x080055e4        0xc 
 .text.motor_in_motion
                0x080055f0       0x68 build/obj/cpu_io.o
 *fill*         0x08005658        0x8 
 .text.sensor   0x08005660       0x68 build/obj/cpu_io.o
 *fill*         0x080056c8        0x8 
 .text.motor_set_pos
                0x080056d0       0x58 build/obj/cpu_io.o
 *fill*         0x08005728        0x8 
 .text.motor_set_params
                0x08005730       0xac build/obj/cpu_io.o
 *fill*         0x080057dc        0x4 
 .text.writeResult
                0x080057e0       0x44 build/obj/cpu_io.o
 *fill*         0x08005824        0xc 
 .text.writeEom
                0x08005830       0x18 build/obj/cpu_io.o
 *fill*         0x08005848        0x8 
 .text.ledsThread
                0x08005850       0xa4 build/obj/led_ctrl.o
 *fill*         0x080058f4        0xc 
 .text.initLed  0x08005900       0x5c build/obj/led_ctrl.o
                0x08005900                initLed
 *fill*         0x0800595c        0x4 
 .text.setLeds  0x08005960       0x28 build/obj/led_ctrl.o
                0x08005960                setLeds
 *fill*         0x08005988        0x8 
 .text.NVIC_SystemReset
                0x08005990       0x24 build/obj/dfu_ctrl.o
 *fill*         0x080059b4        0xc 
 .text.firmwareUpgrade
                0x080059c0        0xc build/obj/dfu_ctrl.o
                0x080059c0                firmwareUpgrade
 *fill*         0x080059cc        0x4 
 .text.shutterInit
                0x080059d0       0x68 build/obj/shutter_ctrl.o
                0x080059d0                shutterInit
 *fill*         0x08005a38        0x8 
 .text.setShutter
                0x08005a40       0x40 build/obj/shutter_ctrl.o
                0x08005a40                setShutter
 .text.shutterThread
                0x08005a80       0x9c build/obj/shutter_ctrl.o
 *fill*         0x08005b1c        0x4 
 .text.eepromWrite
                0x08005b20       0x98 build/obj/eeprom_ctrl.o
                0x08005b20                eepromWrite
 *fill*         0x08005bb8        0x8 
 .text.eepromRead
                0x08005bc0       0x4c build/obj/eeprom_ctrl.o
                0x08005bc0                eepromRead
 *fill*         0x08005c0c        0x4 
 .text.emergencyWrite
                0x08005c10       0xa8 build/obj/eeprom_ctrl.o
 *fill*         0x08005cb8        0x8 
 .text.eepromThread
                0x08005cc0       0x2c build/obj/eeprom_ctrl.o
 *fill*         0x08005cec        0x4 
 .text.eepromAddSdData
                0x08005cf0       0x74 build/obj/eeprom_ctrl.o
                0x08005cf0                eepromAddSdData
 *fill*         0x08005d64        0xc 
 .text.eepromInit
                0x08005d70       0x90 build/obj/eeprom_ctrl.o
                0x08005d70                eepromInit
 .text.eepromClrSdData
                0x08005e00       0x10 build/obj/eeprom_ctrl.o
                0x08005e00                eepromClrSdData
 .text.eepromSetSdAddr
                0x08005e10       0x4c build/obj/eeprom_ctrl.o
                0x08005e10                eepromSetSdAddr
 *fill*         0x08005e5c        0x4 
 .text.eepromSdAddr
                0x08005e60       0x58 build/obj/eeprom_ctrl.o
                0x08005e60                eepromSdAddr
 *fill*         0x08005eb8        0x8 
 .text.eepromEmergencyI
                0x08005ec0       0x14 build/obj/eeprom_ctrl.o
                0x08005ec0                eepromEmergencyI
 *fill*         0x08005ed4        0xc 
 .text.crc      0x08005ee0       0x98 build/obj/eeprom_ctrl.o
 *fill*         0x08005f78        0x8 
 .text.strlen   0x08005f80       0x5c /home/z80/programs/sw4stm32/plugins/fr.ac6.mcu.externaltools.arm-none.linux32_1.7.0.201602291259/tools/compiler/bin/../lib/gcc/arm-none-eabi/5.2.1/../../../../arm-none-eabi/lib/armv7-m/libc.a(lib_a-strlen-stub.o)
                0x08005f80                strlen
 *(.rodata)
 *fill*         0x08005fdc        0x4 
 .rodata        0x08005fe0        0xd build/obj/chsys.o
 *fill*         0x08005fed        0x3 
 .rodata        0x08005ff0       0x56 build/obj/chdebug.o
 *fill*         0x08006046        0xa 
 .rodata        0x08006050       0x31 build/obj/chvt.o
 *fill*         0x08006081        0xf 
 .rodata        0x08006090       0x23 build/obj/chschd.o
 *fill*         0x080060b3        0xd 
 .rodata        0x080060c0       0x84 build/obj/chthreads.o
 *fill*         0x08006144        0xc 
 .rodata        0x08006150      0x146 build/obj/chsem.o
 *fill*         0x08006296        0xa 
 .rodata        0x080062a0       0xab build/obj/chmtx.o
 *fill*         0x0800634b        0x5 
 .rodata        0x08006350       0x90 build/obj/chevents.o
 .rodata        0x080063e0       0x29 build/obj/chqueues.o
 *fill*         0x08006409        0x7 
 .rodata        0x08006410       0x9c build/obj/ext.o
 *fill*         0x080064ac        0x4 
 .rodata        0x080064b0       0xd9 build/obj/gpt.o
 *fill*         0x08006589        0x7 
 .rodata        0x08006590       0xc3 build/obj/i2c.o
 *fill*         0x08006653        0xd 
 .rodata        0x08006660       0x5f build/obj/serial.o
 *fill*         0x080066bf        0x1 
 .rodata        0x080066c0       0x31 build/obj/stm32_dma.o
 *fill*         0x080066f1        0xf 
 .rodata        0x08006700       0x14 build/obj/gpt_lld.o
 *fill*         0x08006714        0xc 
 .rodata        0x08006720      0x148 build/obj/i2c_lld.o
 *fill*         0x08006868        0x8 
 .rodata        0x08006870       0x1e build/obj/iwdg.o
 *fill*         0x0800688e        0x2 
 .rodata        0x08006890       0x1b build/obj/cpu_io.o
 *fill*         0x080068ab        0x5 
 .rodata        0x080068b0        0x3 build/obj/led_ctrl.o
 *fill*         0x080068b3        0xd 
 .rodata        0x080068c0        0x3 build/obj/shutter_ctrl.o
 *fill*         0x080068c3        0xd 
 .rodata        0x080068d0        0x3 build/obj/eeprom_ctrl.o
 *(.rodata.*)
 *fill*         0x080068d3        0xd 
 .rodata.vmt    0x080068e0       0x24 build/obj/serial.o
 *fill*         0x08006904        0xc 
 .rodata._stm32_dma_streams
                0x08006910       0x54 build/obj/stm32_dma.o
                0x08006910                _stm32_dma_streams
 *fill*         0x08006964        0xc 
 .rodata.cfgtab.6235
                0x08006970       0x12 build/obj/pal_lld.o
 *fill*         0x08006982        0xe 
 .rodata.pal_default_config
                0x08006990       0x3c build/obj/board.o
                0x08006990                pal_default_config
 *fill*         0x080069cc        0x4 
 .rodata.extcfg
                0x080069d0       0xa0 build/obj/moto_ctrl.o
 .rodata.gpt1cfg
                0x08006a70        0x8 build/obj/moto_ctrl.o
 *fill*         0x08006a78        0x8 
 .rodata.gpt2cfg
                0x08006a80        0x8 build/obj/moto_ctrl.o
 *fill*         0x08006a88        0x8 
 .rodata.gpt3cfg
                0x08006a90        0x8 build/obj/moto_ctrl.o
 *fill*         0x08006a98        0x8 
 .rodata.gpt4cfg
                0x08006aa0        0x8 build/obj/moto_ctrl.o
 *fill*         0x08006aa8        0x8 
 .rodata.i2ccfg
                0x08006ab0        0xc build/obj/cpu_io.o
 *fill*         0x08006abc        0x4 
 .rodata.i2ccfg
                0x08006ac0        0xc build/obj/eeprom_ctrl.o
 *(.glue_7t)
 .glue_7t       0x08006acc        0x0 linker stubs
 *(.glue_7)
 .glue_7        0x08006acc        0x0 linker stubs
 *(.gcc*)

.vfp11_veneer   0x08006acc        0x0
 .vfp11_veneer  0x08006acc        0x0 linker stubs

.v4_bx          0x08006acc        0x0
 .v4_bx         0x08006acc        0x0 linker stubs

.iplt           0x08006acc        0x0
 .iplt          0x08006acc        0x0 build/obj/crt0.o

.ARM.extab
 *(.ARM.extab* .gnu.linkonce.armextab.*)

.ARM.exidx      0x08006acc        0x8
                [!provide]                PROVIDE (__exidx_start, .)
 *(.ARM.exidx* .gnu.linkonce.armexidx.*)
 .ARM.exidx     0x08006acc        0x8 /home/z80/programs/sw4stm32/plugins/fr.ac6.mcu.externaltools.arm-none.linux32_1.7.0.201602291259/tools/compiler/bin/../lib/gcc/arm-none-eabi/5.2.1/armv7-m/libgcc.a(_udivmoddi4.o)
                [!provide]                PROVIDE (__exidx_end, .)

.rel.dyn        0x08006ad4        0x0
 .rel.iplt      0x08006ad4        0x0 build/obj/crt0.o

.eh_frame_hdr
 *(.eh_frame_hdr)

.eh_frame
 *(.eh_frame)

.textalign      0x08006ad4        0x4
                0x08006ad8                . = ALIGN (0x8)
 *fill*         0x08006ad4        0x4 
                0x08006ad8                . = ALIGN (0x4)
                0x08006ad8                _etext = .
                0x08006ad8                _textdata = _etext

.stacks         0x20000000      0x800
                0x20000000                . = ALIGN (0x8)
                0x20000000                __main_stack_base__ = .
                0x20000400                . = (. + __main_stack_size__)
 *fill*         0x20000000      0x400 
                0x20000400                . = ALIGN (0x8)
                0x20000400                __main_stack_end__ = .
                0x20000400                __process_stack_base__ = .
                0x20000400                __main_thread_stack_base__ = .
                0x20000800                . = (. + __process_stack_size__)
 *fill*         0x20000400      0x400 
                0x20000800                . = ALIGN (0x8)
                0x20000800                __process_stack_end__ = .
                0x20000800                __main_thread_stack_end__ = .

.data           0x20000800       0x50 load address 0x08006ad8
                0x20000800                . = ALIGN (0x4)
                0x20000800                PROVIDE (_data, .)
 *(.data)
                0x20000800                . = ALIGN (0x4)
 *(.data.*)
 .data.moto_vmin
                0x20000800        0x4 build/obj/moto_ctrl.o
 .data.moto_vmax
                0x20000804        0x4 build/obj/moto_ctrl.o
 .data.moto_acc
                0x20000808        0x4 build/obj/moto_ctrl.o
 .data.funcs    0x2000080c       0x40 build/obj/cpu_io.o
 .data.iwdgCfg  0x2000084c        0x4 build/obj/led_ctrl.o
                0x2000084c                iwdgCfg
                0x20000850                . = ALIGN (0x4)
 *(.ramtext)
                0x20000850                . = ALIGN (0x4)
                0x20000850                PROVIDE (_edata, .)

.igot.plt       0x20000850        0x0 load address 0x08006b28
 .igot.plt      0x20000850        0x0 build/obj/crt0.o

.bss            0x20000850     0x1e74 load address 0x08006b28
                0x20000850                . = ALIGN (0x4)
                0x20000850                PROVIDE (_bss_start, .)
 *(.bss)
                0x20000850                . = ALIGN (0x4)
 *(.bss.*)
 .bss._idle_thread_wa
                0x20000850       0xc0 build/obj/chsys.o
                0x20000850                _idle_thread_wa
 .bss.mainthread.4904
                0x20000910       0x48 build/obj/chsys.o
 .bss.dbg_isr_cnt
                0x20000958        0x4 build/obj/chdebug.o
                0x20000958                dbg_isr_cnt
 .bss.dbg_lock_cnt
                0x2000095c        0x4 build/obj/chdebug.o
                0x2000095c                dbg_lock_cnt
 .bss.dbg_trace_buffer
                0x20000960      0x408 build/obj/chdebug.o
                0x20000960                dbg_trace_buffer
 .bss.dbg_panic_msg
                0x20000d68        0x4 build/obj/chdebug.o
                0x20000d68                dbg_panic_msg
 .bss.vtlist    0x20000d6c       0x10 build/obj/chvt.o
                0x20000d6c                vtlist
 .bss.rlist     0x20000d7c       0x20 build/obj/chschd.o
                0x20000d7c                rlist
 .bss.nextmem   0x20000d9c        0x4 build/obj/chmemcore.o
 .bss.endmem    0x20000da0        0x4 build/obj/chmemcore.o
 .bss.dma_streams_mask
                0x20000da4        0x4 build/obj/stm32_dma.o
 .bss.dma_isr_redir
                0x20000da8       0x38 build/obj/stm32_dma.o
 .bss.EXTD1     0x20000de0        0x8 build/obj/ext_lld.o
                0x20000de0                EXTD1
 .bss.GPTD1     0x20000de8       0x10 build/obj/gpt_lld.o
                0x20000de8                GPTD1
 .bss.GPTD2     0x20000df8       0x10 build/obj/gpt_lld.o
                0x20000df8                GPTD2
 .bss.GPTD3     0x20000e08       0x10 build/obj/gpt_lld.o
                0x20000e08                GPTD3
 .bss.GPTD4     0x20000e18       0x10 build/obj/gpt_lld.o
                0x20000e18                GPTD4
 .bss.I2CD1     0x20000e28       0x38 build/obj/i2c_lld.o
                0x20000e28                I2CD1
 .bss.SD1       0x20000e60      0x454 build/obj/serial_lld.o
                0x20000e60                SD1
 .bss.motor     0x200012b4       0x80 build/obj/moto_ctrl.o
 .bss.motor_queue
                0x20001334       0x20 build/obj/moto_ctrl.o
                0x20001334                motor_queue
 .bss.motor_queue_buffer
                0x20001354        0xc build/obj/moto_ctrl.o
                0x20001354                motor_queue_buffer
 .bss.motor_stop_queue
                0x20001360       0x20 build/obj/moto_ctrl.o
                0x20001360                motor_stop_queue
 .bss.motor_stop_queue_buffer
                0x20001380        0x3 build/obj/moto_ctrl.o
                0x20001380                motor_stop_queue_buffer
 *fill*         0x20001383        0x5 
 .bss.waMotor   0x20001388      0x8b0 build/obj/moto_ctrl.o
 .bss.IWDGD     0x20001c38        0x8 build/obj/iwdg_lld.o
                0x20001c38                IWDGD
 .bss.buffer    0x20001c40       0x20 build/obj/cpu_io.o
 .bss.args      0x20001c60       0x20 build/obj/cpu_io.o
 .bss.i2cInBuffer
                0x20001c80       0x20 build/obj/cpu_io.o
 .bss.i2cOutBuffer
                0x20001ca0       0x20 build/obj/cpu_io.o
 .bss.i2cInQueue
                0x20001cc0       0x20 build/obj/cpu_io.o
                0x20001cc0                i2cInQueue
 .bss.i2cOutQueue
                0x20001ce0       0x20 build/obj/cpu_io.o
                0x20001ce0                i2cOutQueue
 .bss.slash.6671
                0x20001d00        0x1 build/obj/cpu_io.o
 *fill*         0x20001d01        0x3 
 .bss.out_index.6672
                0x20001d04        0x4 build/obj/cpu_io.o
 .bss.mutex     0x20001d08       0x10 build/obj/led_ctrl.o
 .bss.value     0x20001d18        0x4 build/obj/led_ctrl.o
 *fill*         0x20001d1c        0x4 
 .bss.waLeds    0x20001d20      0x1b0 build/obj/led_ctrl.o
 .bss.arg.6272  0x20001ed0        0x4 build/obj/led_ctrl.o
 *fill*         0x20001ed4        0x4 
 .bss.waShutter
                0x20001ed8      0x2b0 build/obj/shutter_ctrl.o
 .bss.sh_queue  0x20002188       0x20 build/obj/shutter_ctrl.o
                0x20002188                sh_queue
 .bss.sh_queue_buffer
                0x200021a8        0x3 build/obj/shutter_ctrl.o
                0x200021a8                sh_queue_buffer
 *fill*         0x200021ab        0x1 
 .bss.eeprom_buffer
                0x200021ac       0x20 build/obj/eeprom_ctrl.o
                0x200021ac                eeprom_buffer
 .bss.eeprom_sd_size
                0x200021cc        0x1 build/obj/eeprom_ctrl.o
                0x200021cc                eeprom_sd_size
 *fill*         0x200021cd        0x3 
 .bss.eeprom_sd_buffer
                0x200021d0       0x20 build/obj/eeprom_ctrl.o
                0x200021d0                eeprom_sd_buffer
 .bss.waEeprom  0x200021f0      0x4b0 build/obj/eeprom_ctrl.o
 .bss.eeprom_queue
                0x200026a0       0x20 build/obj/eeprom_ctrl.o
                0x200026a0                eeprom_queue
 .bss.eeprom_queue_buffer
                0x200026c0        0x1 build/obj/eeprom_ctrl.o
                0x200026c0                eeprom_queue_buffer
                0x200026c4                . = ALIGN (0x4)
 *fill*         0x200026c1        0x3 
 *(COMMON)
                0x200026c4                . = ALIGN (0x4)
                0x200026c4                PROVIDE (_bss_end, .)
                [!provide]                PROVIDE (end, .)
                0x200026c4                _end = .
                0x200026c4                __heap_base__ = _end
                0x20005000                __heap_end__ = __ram_end__
OUTPUT(build/miling.main.elf elf32-littlearm)

.debug_info     0x00000000    0x10307
 .debug_info    0x00000000      0x295 build/obj/crt0.o
 .debug_info    0x00000295       0xb3 build/obj/vectors.o
 .debug_info    0x00000348       0x8b build/obj/chcore.o
 .debug_info    0x000003d3      0x76a build/obj/chcore_v7m.o
 .debug_info    0x00000b3d      0x3f7 build/obj/nvic.o
 .debug_info    0x00000f34      0x5dc build/obj/chsys.o
 .debug_info    0x00001510      0x742 build/obj/chdebug.o
 .debug_info    0x00001c52      0x261 build/obj/chvt.o
 .debug_info    0x00001eb3      0x6e3 build/obj/chschd.o
 .debug_info    0x00002596      0x9f1 build/obj/chthreads.o
 .debug_info    0x00002f87      0x858 build/obj/chsem.o
 .debug_info    0x000037df      0x7b5 build/obj/chmtx.o
 .debug_info    0x00003f94      0xb6e build/obj/chevents.o
 .debug_info    0x00004b02      0x9ea build/obj/chqueues.o
 .debug_info    0x000054ec      0x1d7 build/obj/chmemcore.o
 .debug_info    0x000056c3      0x289 build/obj/hal.o
 .debug_info    0x0000594c      0x392 build/obj/ext.o
 .debug_info    0x00005cde      0x644 build/obj/gpt.o
 .debug_info    0x00006322      0xb63 build/obj/i2c.o
 .debug_info    0x00006e85      0xcf5 build/obj/serial.o
 .debug_info    0x00007b7a      0x5f2 build/obj/stm32_dma.o
 .debug_info    0x0000816c      0x36f build/obj/hal_lld.o
 .debug_info    0x000084db      0x5e3 build/obj/ext_lld.o
 .debug_info    0x00008abe      0x715 build/obj/gpt_lld.o
 .debug_info    0x000091d3     0x12fb build/obj/i2c_lld.o
 .debug_info    0x0000a4ce      0xd19 build/obj/serial_lld.o
 .debug_info    0x0000b1e7      0x36e build/obj/pal_lld.o
 .debug_info    0x0000b555      0x177 build/obj/board.o
 .debug_info    0x0000b6cc     0x165b build/obj/moto_ctrl.o
 .debug_info    0x0000cd27      0x297 build/obj/iwdg.o
 .debug_info    0x0000cfbe      0x250 build/obj/iwdg_lld.o
 .debug_info    0x0000d20e       0xb6 build/obj/main.o
 .debug_info    0x0000d2c4     0x1311 build/obj/cpu_io.o
 .debug_info    0x0000e5d5      0x6d9 build/obj/led_ctrl.o
 .debug_info    0x0000ecae      0x2b2 build/obj/dfu_ctrl.o
 .debug_info    0x0000ef60      0x66d build/obj/shutter_ctrl.o
 .debug_info    0x0000f5cd      0xd3a build/obj/eeprom_ctrl.o

.debug_abbrev   0x00000000     0x3a89
 .debug_abbrev  0x00000000       0xbc build/obj/crt0.o
 .debug_abbrev  0x000000bc       0x75 build/obj/vectors.o
 .debug_abbrev  0x00000131       0x42 build/obj/chcore.o
 .debug_abbrev  0x00000173      0x1a0 build/obj/chcore_v7m.o
 .debug_abbrev  0x00000313      0x10e build/obj/nvic.o
 .debug_abbrev  0x00000421      0x180 build/obj/chsys.o
 .debug_abbrev  0x000005a1      0x1e8 build/obj/chdebug.o
 .debug_abbrev  0x00000789      0x124 build/obj/chvt.o
 .debug_abbrev  0x000008ad      0x1df build/obj/chschd.o
 .debug_abbrev  0x00000a8c      0x22a build/obj/chthreads.o
 .debug_abbrev  0x00000cb6      0x1d5 build/obj/chsem.o
 .debug_abbrev  0x00000e8b      0x1c6 build/obj/chmtx.o
 .debug_abbrev  0x00001051      0x1b3 build/obj/chevents.o
 .debug_abbrev  0x00001204      0x242 build/obj/chqueues.o
 .debug_abbrev  0x00001446       0xf7 build/obj/chmemcore.o
 .debug_abbrev  0x0000153d      0x134 build/obj/hal.o
 .debug_abbrev  0x00001671      0x151 build/obj/ext.o
 .debug_abbrev  0x000017c2      0x151 build/obj/gpt.o
 .debug_abbrev  0x00001913      0x22a build/obj/i2c.o
 .debug_abbrev  0x00001b3d      0x245 build/obj/serial.o
 .debug_abbrev  0x00001d82      0x1a7 build/obj/stm32_dma.o
 .debug_abbrev  0x00001f29       0xf0 build/obj/hal_lld.o
 .debug_abbrev  0x00002019      0x1f0 build/obj/ext_lld.o
 .debug_abbrev  0x00002209      0x1c7 build/obj/gpt_lld.o
 .debug_abbrev  0x000023d0      0x2b1 build/obj/i2c_lld.o
 .debug_abbrev  0x00002681      0x26e build/obj/serial_lld.o
 .debug_abbrev  0x000028ef      0x11b build/obj/pal_lld.o
 .debug_abbrev  0x00002a0a       0xc2 build/obj/board.o
 .debug_abbrev  0x00002acc      0x2f1 build/obj/moto_ctrl.o
 .debug_abbrev  0x00002dbd      0x13e build/obj/iwdg.o
 .debug_abbrev  0x00002efb      0x14a build/obj/iwdg_lld.o
 .debug_abbrev  0x00003045       0x69 build/obj/main.o
 .debug_abbrev  0x000030ae      0x2b7 build/obj/cpu_io.o
 .debug_abbrev  0x00003365      0x1e9 build/obj/led_ctrl.o
 .debug_abbrev  0x0000354e       0xee build/obj/dfu_ctrl.o
 .debug_abbrev  0x0000363c      0x1ea build/obj/shutter_ctrl.o
 .debug_abbrev  0x00003826      0x263 build/obj/eeprom_ctrl.o

.debug_aranges  0x00000000      0xd48
 .debug_aranges
                0x00000000       0x38 build/obj/crt0.o
 .debug_aranges
                0x00000038       0x20 build/obj/vectors.o
 .debug_aranges
                0x00000058       0x20 build/obj/chcore.o
 .debug_aranges
                0x00000078       0x50 build/obj/chcore_v7m.o
 .debug_aranges
                0x000000c8       0x30 build/obj/nvic.o
 .debug_aranges
                0x000000f8       0x30 build/obj/chsys.o
 .debug_aranges
                0x00000128       0x88 build/obj/chdebug.o
 .debug_aranges
                0x000001b0       0x38 build/obj/chvt.o
 .debug_aranges
                0x000001e8       0x68 build/obj/chschd.o
 .debug_aranges
                0x00000250       0x90 build/obj/chthreads.o
 .debug_aranges
                0x000002e0       0x88 build/obj/chsem.o
 .debug_aranges
                0x00000368       0x70 build/obj/chmtx.o
 .debug_aranges
                0x000003d8       0x90 build/obj/chevents.o
 .debug_aranges
                0x00000468       0x80 build/obj/chqueues.o
 .debug_aranges
                0x000004e8       0x38 build/obj/chmemcore.o
 .debug_aranges
                0x00000520       0x30 build/obj/hal.o
 .debug_aranges
                0x00000550       0x48 build/obj/ext.o
 .debug_aranges
                0x00000598       0x70 build/obj/gpt.o
 .debug_aranges
                0x00000608       0x58 build/obj/i2c.o
 .debug_aranges
                0x00000660       0x90 build/obj/serial.o
 .debug_aranges
                0x000006f0       0x68 build/obj/stm32_dma.o
 .debug_aranges
                0x00000758       0x30 build/obj/hal_lld.o
 .debug_aranges
                0x00000788       0x90 build/obj/ext_lld.o
 .debug_aranges
                0x00000818       0x70 build/obj/gpt_lld.o
 .debug_aranges
                0x00000888       0x98 build/obj/i2c_lld.o
 .debug_aranges
                0x00000920       0x60 build/obj/serial_lld.o
 .debug_aranges
                0x00000980       0x28 build/obj/pal_lld.o
 .debug_aranges
                0x000009a8       0x28 build/obj/board.o
 .debug_aranges
                0x000009d0      0x108 build/obj/moto_ctrl.o
 .debug_aranges
                0x00000ad8       0x30 build/obj/iwdg.o
 .debug_aranges
                0x00000b08       0x30 build/obj/iwdg_lld.o
 .debug_aranges
                0x00000b38       0x20 build/obj/main.o
 .debug_aranges
                0x00000b58       0xd0 build/obj/cpu_io.o
 .debug_aranges
                0x00000c28       0x48 build/obj/led_ctrl.o
 .debug_aranges
                0x00000c70       0x28 build/obj/dfu_ctrl.o
 .debug_aranges
                0x00000c98       0x38 build/obj/shutter_ctrl.o
 .debug_aranges
                0x00000cd0       0x78 build/obj/eeprom_ctrl.o

.debug_ranges   0x00000000      0xaf8
 .debug_ranges  0x00000000       0x28 build/obj/crt0.o
 .debug_ranges  0x00000028       0x10 build/obj/vectors.o
 .debug_ranges  0x00000038       0x10 build/obj/chcore.o
 .debug_ranges  0x00000048       0x40 build/obj/chcore_v7m.o
 .debug_ranges  0x00000088       0x20 build/obj/nvic.o
 .debug_ranges  0x000000a8       0x20 build/obj/chsys.o
 .debug_ranges  0x000000c8       0x78 build/obj/chdebug.o
 .debug_ranges  0x00000140       0x28 build/obj/chvt.o
 .debug_ranges  0x00000168       0x58 build/obj/chschd.o
 .debug_ranges  0x000001c0       0x80 build/obj/chthreads.o
 .debug_ranges  0x00000240       0x78 build/obj/chsem.o
 .debug_ranges  0x000002b8       0x60 build/obj/chmtx.o
 .debug_ranges  0x00000318       0x80 build/obj/chevents.o
 .debug_ranges  0x00000398       0x70 build/obj/chqueues.o
 .debug_ranges  0x00000408       0x28 build/obj/chmemcore.o
 .debug_ranges  0x00000430       0x20 build/obj/hal.o
 .debug_ranges  0x00000450       0x38 build/obj/ext.o
 .debug_ranges  0x00000488       0x60 build/obj/gpt.o
 .debug_ranges  0x000004e8       0x48 build/obj/i2c.o
 .debug_ranges  0x00000530       0x80 build/obj/serial.o
 .debug_ranges  0x000005b0       0x58 build/obj/stm32_dma.o
 .debug_ranges  0x00000608       0x20 build/obj/hal_lld.o
 .debug_ranges  0x00000628       0x80 build/obj/ext_lld.o
 .debug_ranges  0x000006a8       0x60 build/obj/gpt_lld.o
 .debug_ranges  0x00000708       0x88 build/obj/i2c_lld.o
 .debug_ranges  0x00000790       0x50 build/obj/serial_lld.o
 .debug_ranges  0x000007e0       0x18 build/obj/pal_lld.o
 .debug_ranges  0x000007f8       0x18 build/obj/board.o
 .debug_ranges  0x00000810       0xf8 build/obj/moto_ctrl.o
 .debug_ranges  0x00000908       0x20 build/obj/iwdg.o
 .debug_ranges  0x00000928       0x20 build/obj/iwdg_lld.o
 .debug_ranges  0x00000948       0x10 build/obj/main.o
 .debug_ranges  0x00000958       0xc0 build/obj/cpu_io.o
 .debug_ranges  0x00000a18       0x38 build/obj/led_ctrl.o
 .debug_ranges  0x00000a50       0x18 build/obj/dfu_ctrl.o
 .debug_ranges  0x00000a68       0x28 build/obj/shutter_ctrl.o
 .debug_ranges  0x00000a90       0x68 build/obj/eeprom_ctrl.o

.debug_line     0x00000000     0x8149
 .debug_line    0x00000000      0x20f build/obj/crt0.o
 .debug_line    0x0000020f       0x6e build/obj/vectors.o
 .debug_line    0x0000027d       0x63 build/obj/chcore.o
 .debug_line    0x000002e0      0x2e1 build/obj/chcore_v7m.o
 .debug_line    0x000005c1      0x1d2 build/obj/nvic.o
 .debug_line    0x00000793      0x27b build/obj/chsys.o
 .debug_line    0x00000a0e      0x396 build/obj/chdebug.o
 .debug_line    0x00000da4      0x287 build/obj/chvt.o
 .debug_line    0x0000102b      0x37d build/obj/chschd.o
 .debug_line    0x000013a8      0x485 build/obj/chthreads.o
 .debug_line    0x0000182d      0x48c build/obj/chsem.o
 .debug_line    0x00001cb9      0x3d6 build/obj/chmtx.o
 .debug_line    0x0000208f      0x3f2 build/obj/chevents.o
 .debug_line    0x00002481      0x461 build/obj/chqueues.o
 .debug_line    0x000028e2      0x276 build/obj/chmemcore.o
 .debug_line    0x00002b58      0x310 build/obj/hal.o
 .debug_line    0x00002e68      0x2f8 build/obj/ext.o
 .debug_line    0x00003160      0x375 build/obj/gpt.o
 .debug_line    0x000034d5      0x4eb build/obj/i2c.o
 .debug_line    0x000039c0      0x5a5 build/obj/serial.o
 .debug_line    0x00003f65      0x33a build/obj/stm32_dma.o
 .debug_line    0x0000429f      0x296 build/obj/hal_lld.o
 .debug_line    0x00004535      0x3cb build/obj/ext_lld.o
 .debug_line    0x00004900      0x36c build/obj/gpt_lld.o
 .debug_line    0x00004c6c      0x6e6 build/obj/i2c_lld.o
 .debug_line    0x00005352      0x51e build/obj/serial_lld.o
 .debug_line    0x00005870      0x27c build/obj/pal_lld.o
 .debug_line    0x00005aec      0x20a build/obj/board.o
 .debug_line    0x00005cf6      0x7e4 build/obj/moto_ctrl.o
 .debug_line    0x000064da      0x252 build/obj/iwdg.o
 .debug_line    0x0000672c      0x25f build/obj/iwdg_lld.o
 .debug_line    0x0000698b      0x1cf build/obj/main.o
 .debug_line    0x00006b5a      0x737 build/obj/cpu_io.o
 .debug_line    0x00007291      0x368 build/obj/led_ctrl.o
 .debug_line    0x000075f9      0x201 build/obj/dfu_ctrl.o
 .debug_line    0x000077fa      0x3ff build/obj/shutter_ctrl.o
 .debug_line    0x00007bf9      0x550 build/obj/eeprom_ctrl.o

.debug_str      0x00000000     0x2a2f
 .debug_str     0x00000000      0x2b6 build/obj/crt0.o
                                0x300 (size before relaxing)
 .debug_str     0x000002b6       0x57 build/obj/vectors.o
                                0x1f9 (size before relaxing)
 .debug_str     0x0000030d       0x38 build/obj/chcore.o
                                0x1da (size before relaxing)
 .debug_str     0x00000345      0x295 build/obj/chcore_v7m.o
                                0x49b (size before relaxing)
 .debug_str     0x000005da       0xc6 build/obj/nvic.o
                                0x2e4 (size before relaxing)
 .debug_str     0x000006a0       0xdd build/obj/chsys.o
                                0x464 (size before relaxing)
 .debug_str     0x0000077d      0x1ae build/obj/chdebug.o
                                0x583 (size before relaxing)
 .debug_str     0x0000092b       0x60 build/obj/chvt.o
                                0x293 (size before relaxing)
 .debug_str     0x0000098b       0xc9 build/obj/chschd.o
                                0x494 (size before relaxing)
 .debug_str     0x00000a54      0x113 build/obj/chthreads.o
                                0x4ff (size before relaxing)
 .debug_str     0x00000b67       0xd3 build/obj/chsem.o
                                0x47b (size before relaxing)
 .debug_str     0x00000c3a       0x95 build/obj/chmtx.o
                                0x437 (size before relaxing)
 .debug_str     0x00000ccf      0x184 build/obj/chevents.o
                                0x50d (size before relaxing)
 .debug_str     0x00000e53      0x11d build/obj/chqueues.o
                                0x4cd (size before relaxing)
 .debug_str     0x00000f70       0x86 build/obj/chmemcore.o
                                0x25a (size before relaxing)
 .debug_str     0x00000ff6       0xfc build/obj/hal.o
                                0x2e1 (size before relaxing)
 .debug_str     0x000010f2       0xfc build/obj/ext.o
                                0x2ec (size before relaxing)
 .debug_str     0x000011ee      0x203 build/obj/gpt.o
                                0x3ff (size before relaxing)
 .debug_str     0x000013f1      0x2ee build/obj/i2c.o
                                0x6d4 (size before relaxing)
 .debug_str     0x000016df      0x1a5 build/obj/serial.o
                                0x622 (size before relaxing)
 .debug_str     0x00001884      0x42e build/obj/stm32_dma.o
                                0x6a2 (size before relaxing)
 .debug_str     0x00001cb2       0xd7 build/obj/hal_lld.o
                                0x34b (size before relaxing)
 .debug_str     0x00001d89      0x13f build/obj/ext_lld.o
                                0x696 (size before relaxing)
 .debug_str     0x00001ec8       0xea build/obj/gpt_lld.o
                                0x74c (size before relaxing)
 .debug_str     0x00001fb2      0x1cc build/obj/i2c_lld.o
                                0xbdd (size before relaxing)
 .debug_str     0x0000217e       0x8d build/obj/serial_lld.o
                                0x907 (size before relaxing)
 .debug_str     0x0000220b       0xa1 build/obj/pal_lld.o
                                0x318 (size before relaxing)
 .debug_str     0x000022ac       0x1a build/obj/board.o
                                0x24f (size before relaxing)
 .debug_str     0x000022c6      0x28b build/obj/moto_ctrl.o
                                0x8a0 (size before relaxing)
 .debug_str     0x00002551       0x8a build/obj/iwdg.o
                                0x29a (size before relaxing)
 .debug_str     0x000025db       0x48 build/obj/iwdg_lld.o
                                0x2ac (size before relaxing)
 .debug_str     0x00002623       0x12 build/obj/main.o
                                0x1d3 (size before relaxing)
 .debug_str     0x00002635      0x1b9 build/obj/cpu_io.o
                                0x966 (size before relaxing)
 .debug_str     0x000027ee       0x72 build/obj/led_ctrl.o
                                0x49f (size before relaxing)
 .debug_str     0x00002860       0x46 build/obj/dfu_ctrl.o
                                0x27d (size before relaxing)
 .debug_str     0x000028a6       0x6a build/obj/shutter_ctrl.o
                                0x47f (size before relaxing)
 .debug_str     0x00002910      0x11f build/obj/eeprom_ctrl.o
                                0x7b8 (size before relaxing)

.comment        0x00000000       0x6e
 .comment       0x00000000       0x6e build/obj/crt0.o
                                 0x6f (size before relaxing)
 .comment       0x0000006e       0x6f build/obj/vectors.o
 .comment       0x0000006e       0x6f build/obj/chcore.o
 .comment       0x0000006e       0x6f build/obj/chcore_v7m.o
 .comment       0x0000006e       0x6f build/obj/nvic.o
 .comment       0x0000006e       0x6f build/obj/chsys.o
 .comment       0x0000006e       0x6f build/obj/chdebug.o
 .comment       0x0000006e       0x6f build/obj/chvt.o
 .comment       0x0000006e       0x6f build/obj/chschd.o
 .comment       0x0000006e       0x6f build/obj/chthreads.o
 .comment       0x0000006e       0x6f build/obj/chsem.o
 .comment       0x0000006e       0x6f build/obj/chmtx.o
 .comment       0x0000006e       0x6f build/obj/chevents.o
 .comment       0x0000006e       0x6f build/obj/chqueues.o
 .comment       0x0000006e       0x6f build/obj/chmemcore.o
 .comment       0x0000006e       0x6f build/obj/hal.o
 .comment       0x0000006e       0x6f build/obj/ext.o
 .comment       0x0000006e       0x6f build/obj/gpt.o
 .comment       0x0000006e       0x6f build/obj/i2c.o
 .comment       0x0000006e       0x6f build/obj/serial.o
 .comment       0x0000006e       0x6f build/obj/stm32_dma.o
 .comment       0x0000006e       0x6f build/obj/hal_lld.o
 .comment       0x0000006e       0x6f build/obj/ext_lld.o
 .comment       0x0000006e       0x6f build/obj/gpt_lld.o
 .comment       0x0000006e       0x6f build/obj/i2c_lld.o
 .comment       0x0000006e       0x6f build/obj/serial_lld.o
 .comment       0x0000006e       0x6f build/obj/pal_lld.o
 .comment       0x0000006e       0x6f build/obj/board.o
 .comment       0x0000006e       0x6f build/obj/moto_ctrl.o
 .comment       0x0000006e       0x6f build/obj/iwdg.o
 .comment       0x0000006e       0x6f build/obj/iwdg_lld.o
 .comment       0x0000006e       0x6f build/obj/main.o
 .comment       0x0000006e       0x6f build/obj/cpu_io.o
 .comment       0x0000006e       0x6f build/obj/led_ctrl.o
 .comment       0x0000006e       0x6f build/obj/dfu_ctrl.o
 .comment       0x0000006e       0x6f build/obj/shutter_ctrl.o
 .comment       0x0000006e       0x6f build/obj/eeprom_ctrl.o

.ARM.attributes
                0x00000000       0x33
 .ARM.attributes
                0x00000000       0x33 build/obj/crt0.o
 .ARM.attributes
                0x00000033       0x33 build/obj/vectors.o
 .ARM.attributes
                0x00000066       0x33 build/obj/chcore.o
 .ARM.attributes
                0x00000099       0x33 build/obj/chcore_v7m.o
 .ARM.attributes
                0x000000cc       0x33 build/obj/nvic.o
 .ARM.attributes
                0x000000ff       0x33 build/obj/chsys.o
 .ARM.attributes
                0x00000132       0x33 build/obj/chdebug.o
 .ARM.attributes
                0x00000165       0x33 build/obj/chvt.o
 .ARM.attributes
                0x00000198       0x33 build/obj/chschd.o
 .ARM.attributes
                0x000001cb       0x33 build/obj/chthreads.o
 .ARM.attributes
                0x000001fe       0x33 build/obj/chsem.o
 .ARM.attributes
                0x00000231       0x33 build/obj/chmtx.o
 .ARM.attributes
                0x00000264       0x33 build/obj/chevents.o
 .ARM.attributes
                0x00000297       0x33 build/obj/chqueues.o
 .ARM.attributes
                0x000002ca       0x33 build/obj/chmemcore.o
 .ARM.attributes
                0x000002fd       0x33 build/obj/hal.o
 .ARM.attributes
                0x00000330       0x33 build/obj/ext.o
 .ARM.attributes
                0x00000363       0x33 build/obj/gpt.o
 .ARM.attributes
                0x00000396       0x33 build/obj/i2c.o
 .ARM.attributes
                0x000003c9       0x33 build/obj/serial.o
 .ARM.attributes
                0x000003fc       0x33 build/obj/stm32_dma.o
 .ARM.attributes
                0x0000042f       0x33 build/obj/hal_lld.o
 .ARM.attributes
                0x00000462       0x33 build/obj/ext_lld.o
 .ARM.attributes
                0x00000495       0x33 build/obj/gpt_lld.o
 .ARM.attributes
                0x000004c8       0x33 build/obj/i2c_lld.o
 .ARM.attributes
                0x000004fb       0x33 build/obj/serial_lld.o
 .ARM.attributes
                0x0000052e       0x33 build/obj/pal_lld.o
 .ARM.attributes
                0x00000561       0x33 build/obj/board.o
 .ARM.attributes
                0x00000594       0x33 build/obj/moto_ctrl.o
 .ARM.attributes
                0x000005c7       0x33 build/obj/iwdg.o
 .ARM.attributes
                0x000005fa       0x33 build/obj/iwdg_lld.o
 .ARM.attributes
                0x0000062d       0x33 build/obj/main.o
 .ARM.attributes
                0x00000660       0x33 build/obj/cpu_io.o
 .ARM.attributes
                0x00000693       0x33 build/obj/led_ctrl.o
 .ARM.attributes
                0x000006c6       0x33 build/obj/dfu_ctrl.o
 .ARM.attributes
                0x000006f9       0x33 build/obj/shutter_ctrl.o
 .ARM.attributes
                0x0000072c       0x33 build/obj/eeprom_ctrl.o
 .ARM.attributes
                0x0000075f       0x1d /home/z80/programs/sw4stm32/plugins/fr.ac6.mcu.externaltools.arm-none.linux32_1.7.0.201602291259/tools/compiler/bin/../lib/gcc/arm-none-eabi/5.2.1/armv7-m/libgcc.a(_aeabi_uldivmod.o)
 .ARM.attributes
                0x0000077c       0x2d /home/z80/programs/sw4stm32/plugins/fr.ac6.mcu.externaltools.arm-none.linux32_1.7.0.201602291259/tools/compiler/bin/../lib/gcc/arm-none-eabi/5.2.1/armv7-m/libgcc.a(_udivmoddi4.o)
 .ARM.attributes
                0x000007a9       0x1d /home/z80/programs/sw4stm32/plugins/fr.ac6.mcu.externaltools.arm-none.linux32_1.7.0.201602291259/tools/compiler/bin/../lib/gcc/arm-none-eabi/5.2.1/armv7-m/libgcc.a(_dvmd_tls.o)
 .ARM.attributes
                0x000007c6       0x2d /home/z80/programs/sw4stm32/plugins/fr.ac6.mcu.externaltools.arm-none.linux32_1.7.0.201602291259/tools/compiler/bin/../lib/gcc/arm-none-eabi/5.2.1/../../../../arm-none-eabi/lib/armv7-m/libc.a(lib_a-strlen-stub.o)

.debug_frame    0x00000000     0x2414
 .debug_frame   0x00000000       0x50 build/obj/crt0.o
 .debug_frame   0x00000050       0x20 build/obj/vectors.o
 .debug_frame   0x00000070       0x20 build/obj/chcore.o
 .debug_frame   0x00000090       0xb4 build/obj/chcore_v7m.o
 .debug_frame   0x00000144       0x7c build/obj/nvic.o
 .debug_frame   0x000001c0       0x5c build/obj/chsys.o
 .debug_frame   0x0000021c      0x188 build/obj/chdebug.o
 .debug_frame   0x000003a4       0x74 build/obj/chvt.o
 .debug_frame   0x00000418      0x114 build/obj/chschd.o
 .debug_frame   0x0000052c      0x1a4 build/obj/chthreads.o
 .debug_frame   0x000006d0      0x194 build/obj/chsem.o
 .debug_frame   0x00000864      0x144 build/obj/chmtx.o
 .debug_frame   0x000009a8      0x1bc build/obj/chevents.o
 .debug_frame   0x00000b64      0x17c build/obj/chqueues.o
 .debug_frame   0x00000ce0       0x68 build/obj/chmemcore.o
 .debug_frame   0x00000d48       0x60 build/obj/hal.o
 .debug_frame   0x00000da8       0xb4 build/obj/ext.o
 .debug_frame   0x00000e5c      0x140 build/obj/gpt.o
 .debug_frame   0x00000f9c       0xf4 build/obj/i2c.o
 .debug_frame   0x00001090      0x1ac build/obj/serial.o
 .debug_frame   0x0000123c      0x128 build/obj/stm32_dma.o
 .debug_frame   0x00001364       0x4c build/obj/hal_lld.o
 .debug_frame   0x000013b0      0x1b8 build/obj/ext_lld.o
 .debug_frame   0x00001568      0x140 build/obj/gpt_lld.o
 .debug_frame   0x000016a8      0x1e8 build/obj/i2c_lld.o
 .debug_frame   0x00001890      0x108 build/obj/serial_lld.o
 .debug_frame   0x00001998       0x40 build/obj/pal_lld.o
 .debug_frame   0x000019d8       0x3c build/obj/board.o
 .debug_frame   0x00001a14      0x34c build/obj/moto_ctrl.o
 .debug_frame   0x00001d60       0x64 build/obj/iwdg.o
 .debug_frame   0x00001dc4       0x50 build/obj/iwdg_lld.o
 .debug_frame   0x00001e14       0x2c build/obj/main.o
 .debug_frame   0x00001e40      0x290 build/obj/cpu_io.o
 .debug_frame   0x000020d0       0xb0 build/obj/led_ctrl.o
 .debug_frame   0x00002180       0x3c build/obj/dfu_ctrl.o
 .debug_frame   0x000021bc       0x74 build/obj/shutter_ctrl.o
 .debug_frame   0x00002230      0x160 build/obj/eeprom_ctrl.o
 .debug_frame   0x00002390       0x2c /home/z80/programs/sw4stm32/plugins/fr.ac6.mcu.externaltools.arm-none.linux32_1.7.0.201602291259/tools/compiler/bin/../lib/gcc/arm-none-eabi/5.2.1/armv7-m/libgcc.a(_aeabi_uldivmod.o)
 .debug_frame   0x000023bc       0x38 /home/z80/programs/sw4stm32/plugins/fr.ac6.mcu.externaltools.arm-none.linux32_1.7.0.201602291259/tools/compiler/bin/../lib/gcc/arm-none-eabi/5.2.1/armv7-m/libgcc.a(_udivmoddi4.o)
 .debug_frame   0x000023f4       0x20 /home/z80/programs/sw4stm32/plugins/fr.ac6.mcu.externaltools.arm-none.linux32_1.7.0.201602291259/tools/compiler/bin/../lib/gcc/arm-none-eabi/5.2.1/../../../../arm-none-eabi/lib/armv7-m/libc.a(lib_a-strlen-stub.o)

Cross Reference Table

Symbol                                            File
BusFaultVector                                    build/obj/vectors.o
DebugMonitorVector                                build/obj/vectors.o
EXTD1                                             build/obj/ext_lld.o
                                                  build/obj/moto_ctrl.o
GPTD1                                             build/obj/gpt_lld.o
                                                  build/obj/moto_ctrl.o
GPTD2                                             build/obj/gpt_lld.o
                                                  build/obj/moto_ctrl.o
GPTD3                                             build/obj/gpt_lld.o
                                                  build/obj/moto_ctrl.o
GPTD4                                             build/obj/gpt_lld.o
                                                  build/obj/moto_ctrl.o
HardFaultVector                                   build/obj/vectors.o
I2CD1                                             build/obj/i2c_lld.o
                                                  build/obj/eeprom_ctrl.o
                                                  build/obj/cpu_io.o
IWDGD                                             build/obj/iwdg_lld.o
                                                  build/obj/led_ctrl.o
MemManageVector                                   build/obj/vectors.o
NMIVector                                         build/obj/vectors.o
PendSVVector                                      build/obj/vectors.o
RTCAlarm_IRQHandler                               build/obj/ext_lld.o
ResetHandler                                      build/obj/crt0.o
                                                  build/obj/vectors.o
SD1                                               build/obj/serial_lld.o
                                                  build/obj/cpu_io.o
SVCallVector                                      build/obj/chcore_v7m.o
                                                  build/obj/vectors.o
SysTickVector                                     build/obj/chcore_v7m.o
                                                  build/obj/vectors.o
TestThread                                        build/obj/test.o
UsageFaultVector                                  build/obj/vectors.o
Vector1C                                          build/obj/vectors.o
Vector20                                          build/obj/vectors.o
Vector24                                          build/obj/vectors.o
Vector28                                          build/obj/vectors.o
Vector34                                          build/obj/vectors.o
Vector40                                          build/obj/vectors.o
Vector44                                          build/obj/ext_lld.o
                                                  build/obj/vectors.o
Vector48                                          build/obj/vectors.o
Vector4C                                          build/obj/vectors.o
Vector50                                          build/obj/vectors.o
Vector54                                          build/obj/vectors.o
Vector58                                          build/obj/ext_lld.o
                                                  build/obj/vectors.o
Vector5C                                          build/obj/ext_lld.o
                                                  build/obj/vectors.o
Vector60                                          build/obj/ext_lld.o
                                                  build/obj/vectors.o
Vector64                                          build/obj/ext_lld.o
                                                  build/obj/vectors.o
Vector68                                          build/obj/ext_lld.o
                                                  build/obj/vectors.o
Vector6C                                          build/obj/stm32_dma.o
                                                  build/obj/vectors.o
Vector70                                          build/obj/stm32_dma.o
                                                  build/obj/vectors.o
Vector74                                          build/obj/stm32_dma.o
                                                  build/obj/vectors.o
Vector78                                          build/obj/stm32_dma.o
                                                  build/obj/vectors.o
Vector7C                                          build/obj/stm32_dma.o
                                                  build/obj/vectors.o
Vector80                                          build/obj/stm32_dma.o
                                                  build/obj/vectors.o
Vector84                                          build/obj/stm32_dma.o
                                                  build/obj/vectors.o
Vector88                                          build/obj/vectors.o
Vector8C                                          build/obj/vectors.o
Vector90                                          build/obj/vectors.o
Vector94                                          build/obj/vectors.o
Vector98                                          build/obj/vectors.o
Vector9C                                          build/obj/ext_lld.o
                                                  build/obj/vectors.o
VectorA0                                          build/obj/vectors.o
VectorA4                                          build/obj/gpt_lld.o
                                                  build/obj/vectors.o
VectorA8                                          build/obj/vectors.o
VectorAC                                          build/obj/vectors.o
VectorB0                                          build/obj/gpt_lld.o
                                                  build/obj/vectors.o
VectorB4                                          build/obj/gpt_lld.o
                                                  build/obj/vectors.o
VectorB8                                          build/obj/gpt_lld.o
                                                  build/obj/vectors.o
VectorBC                                          build/obj/i2c_lld.o
                                                  build/obj/vectors.o
VectorC0                                          build/obj/i2c_lld.o
                                                  build/obj/vectors.o
VectorC4                                          build/obj/vectors.o
VectorC8                                          build/obj/vectors.o
VectorCC                                          build/obj/vectors.o
VectorD0                                          build/obj/vectors.o
VectorD4                                          build/obj/serial_lld.o
                                                  build/obj/vectors.o
VectorD8                                          build/obj/vectors.o
VectorDC                                          build/obj/vectors.o
VectorE0                                          build/obj/ext_lld.o
                                                  build/obj/vectors.o
VectorE4                                          build/obj/vectors.o
VectorE8                                          build/obj/ext_lld.o
                                                  build/obj/vectors.o
__aeabi_idiv0                                     /home/z80/programs/sw4stm32/plugins/fr.ac6.mcu.externaltools.arm-none.linux32_1.7.0.201602291259/tools/compiler/bin/../lib/gcc/arm-none-eabi/5.2.1/armv7-m/libgcc.a(_dvmd_tls.o)
__aeabi_ldiv0                                     /home/z80/programs/sw4stm32/plugins/fr.ac6.mcu.externaltools.arm-none.linux32_1.7.0.201602291259/tools/compiler/bin/../lib/gcc/arm-none-eabi/5.2.1/armv7-m/libgcc.a(_dvmd_tls.o)
                                                  /home/z80/programs/sw4stm32/plugins/fr.ac6.mcu.externaltools.arm-none.linux32_1.7.0.201602291259/tools/compiler/bin/../lib/gcc/arm-none-eabi/5.2.1/armv7-m/libgcc.a(_aeabi_uldivmod.o)
__aeabi_uldivmod                                  /home/z80/programs/sw4stm32/plugins/fr.ac6.mcu.externaltools.arm-none.linux32_1.7.0.201602291259/tools/compiler/bin/../lib/gcc/arm-none-eabi/5.2.1/armv7-m/libgcc.a(_aeabi_uldivmod.o)
                                                  build/obj/moto_ctrl.o
__ctype_ptr__                                     /home/z80/programs/sw4stm32/plugins/fr.ac6.mcu.externaltools.arm-none.linux32_1.7.0.201602291259/tools/compiler/bin/../lib/gcc/arm-none-eabi/5.2.1/../../../../arm-none-eabi/lib/armv7-m/libc.a(lib_a-ctype_.o)
                                                  /home/z80/programs/sw4stm32/plugins/fr.ac6.mcu.externaltools.arm-none.linux32_1.7.0.201602291259/tools/compiler/bin/../lib/gcc/arm-none-eabi/5.2.1/../../../../arm-none-eabi/lib/armv7-m/libc.a(lib_a-strcasecmp.o)
__early_init                                      build/obj/board.o
                                                  build/obj/crt0.o
__fini_array_end                                  build/obj/crt0.o
__fini_array_start                                build/obj/crt0.o
__heap_base__                                     build/obj/chmemcore.o
__heap_end__                                      build/obj/chmemcore.o
__init_array_end                                  build/obj/crt0.o
__init_array_start                                build/obj/crt0.o
__late_init                                       build/obj/crt0.o
__main_stack_base__                               build/obj/crt0.o
__main_stack_end__                                build/obj/vectors.o
                                                  build/obj/crt0.o
__main_thread_stack_base__                        build/obj/chsys.o
__process_stack_base__                            build/obj/crt0.o
__process_stack_end__                             build/obj/crt0.o
__udivmoddi4                                      /home/z80/programs/sw4stm32/plugins/fr.ac6.mcu.externaltools.arm-none.linux32_1.7.0.201602291259/tools/compiler/bin/../lib/gcc/arm-none-eabi/5.2.1/armv7-m/libgcc.a(_udivmoddi4.o)
                                                  /home/z80/programs/sw4stm32/plugins/fr.ac6.mcu.externaltools.arm-none.linux32_1.7.0.201602291259/tools/compiler/bin/../lib/gcc/arm-none-eabi/5.2.1/armv7-m/libgcc.a(_aeabi_uldivmod.o)
_bss_end                                          build/obj/crt0.o
_bss_start                                        build/obj/crt0.o
_close_r                                          build/obj/syscalls.o
_core_init                                        build/obj/chmemcore.o
                                                  build/obj/chsys.o
_ctype_                                           /home/z80/programs/sw4stm32/plugins/fr.ac6.mcu.externaltools.arm-none.linux32_1.7.0.201602291259/tools/compiler/bin/../lib/gcc/arm-none-eabi/5.2.1/../../../../arm-none-eabi/lib/armv7-m/libc.a(lib_a-ctype_.o)
_data                                             build/obj/crt0.o
_default_exit                                     build/obj/crt0.o
_edata                                            build/obj/crt0.o
_fstat_r                                          build/obj/syscalls.o
_idle_thread                                      build/obj/chsys.o
_idle_thread_wa                                   build/obj/chsys.o
_isatty_r                                         build/obj/syscalls.o
_lseek_r                                          build/obj/syscalls.o
_pal_lld_init                                     build/obj/pal_lld.o
                                                  build/obj/hal.o
_pal_lld_setgroupmode                             build/obj/pal_lld.o
                                                  build/obj/eeprom_ctrl.o
                                                  build/obj/shutter_ctrl.o
                                                  build/obj/led_ctrl.o
                                                  build/obj/cpu_io.o
                                                  build/obj/moto_ctrl.o
                                                  build/obj/pal.o
_port_init                                        build/obj/chcore_v7m.o
                                                  build/obj/chsys.o
_port_irq_epilogue                                build/obj/chcore_v7m.o
                                                  build/obj/serial_lld.o
                                                  build/obj/i2c_lld.o
                                                  build/obj/gpt_lld.o
                                                  build/obj/ext_lld.o
                                                  build/obj/stm32_dma.o
_port_switch                                      build/obj/chcore_v7m.o
                                                  build/obj/chschd.o
_port_switch_from_isr                             build/obj/chcore_v7m.o
_port_thread_start                                build/obj/chcore_v7m.o
                                                  build/obj/chthreads.o
_read_r                                           build/obj/syscalls.o
_sbrk_r                                           build/obj/syscalls.o
_scheduler_init                                   build/obj/chschd.o
                                                  build/obj/chsys.o
_stm32_dma_streams                                build/obj/stm32_dma.o
                                                  build/obj/i2c_lld.o
_test_assert                                      build/obj/test.o
                                                  build/obj/testqueues.o
                                                  build/obj/testevt.o
                                                  build/obj/testmbox.o
                                                  build/obj/testmtx.o
                                                  build/obj/testsem.o
                                                  build/obj/testthd.o
_test_assert_sequence                             build/obj/test.o
                                                  build/obj/testqueues.o
                                                  build/obj/testevt.o
                                                  build/obj/testmbox.o
                                                  build/obj/testmsg.o
                                                  build/obj/testmtx.o
                                                  build/obj/testsem.o
                                                  build/obj/testthd.o
_test_assert_time_window                          build/obj/test.o
                                                  build/obj/testevt.o
                                                  build/obj/testmtx.o
                                                  build/obj/testsem.o
                                                  build/obj/testthd.o
_test_fail                                        build/obj/test.o
_textdata                                         build/obj/crt0.o
_thread_init                                      build/obj/chthreads.o
                                                  build/obj/chsys.o
_thread_memfill                                   build/obj/chthreads.o
_trace_init                                       build/obj/chdebug.o
                                                  build/obj/chsys.o
_unhandled_exception                              build/obj/vectors.o
_vectors                                          build/obj/vectors.o
_vt_init                                          build/obj/chvt.o
                                                  build/obj/chsys.o
_write_r                                          build/obj/syscalls.o
boardInit                                         build/obj/board.o
                                                  build/obj/hal.o
chCondBroadcast                                   build/obj/chcond.o
                                                  build/obj/testmtx.o
chCondBroadcastI                                  build/obj/chcond.o
chCondInit                                        build/obj/chcond.o
                                                  build/obj/testmtx.o
chCondSignal                                      build/obj/chcond.o
                                                  build/obj/testmtx.o
chCondSignalI                                     build/obj/chcond.o
                                                  build/obj/testmtx.o
chCondWait                                        build/obj/chcond.o
                                                  build/obj/testmtx.o
chCondWaitS                                       build/obj/chcond.o
chCondWaitTimeout                                 build/obj/chcond.o
                                                  build/obj/testmtx.o
chCondWaitTimeoutS                                build/obj/chcond.o
chCoreAlloc                                       build/obj/chmemcore.o
                                                  build/obj/syscalls.o
chCoreAllocI                                      build/obj/chmemcore.o
chCoreStatus                                      build/obj/chmemcore.o
chDbgCheckClassI                                  build/obj/chdebug.o
                                                  build/obj/serial.o
                                                  build/obj/gpt.o
                                                  build/obj/chmemcore.o
                                                  build/obj/chqueues.o
                                                  build/obj/chmboxes.o
                                                  build/obj/chevents.o
                                                  build/obj/chcond.o
                                                  build/obj/chsem.o
                                                  build/obj/chthreads.o
                                                  build/obj/chvt.o
                                                  build/obj/chsys.o
chDbgCheckClassS                                  build/obj/chdebug.o