Archive member included because of file (symbol)

/home/z80/programs/code-sourcery/2011.03-42/bin/../lib/gcc/arm-none-eabi/4.5.2/thumb2/libgcc.a(_aeabi_uldivmod.o)
                              build/obj/moto_ctrl.o (__aeabi_uldivmod)
/home/z80/programs/code-sourcery/2011.03-42/bin/../lib/gcc/arm-none-eabi/4.5.2/thumb2/libgcc.a(bpabi.o)
                              /home/z80/programs/code-sourcery/2011.03-42/bin/../lib/gcc/arm-none-eabi/4.5.2/thumb2/libgcc.a(_aeabi_uldivmod.o) (__gnu_uldivmod_helper)
/home/z80/programs/code-sourcery/2011.03-42/bin/../lib/gcc/arm-none-eabi/4.5.2/thumb2/libgcc.a(_dvmd_tls.o)
                              /home/z80/programs/code-sourcery/2011.03-42/bin/../lib/gcc/arm-none-eabi/4.5.2/thumb2/libgcc.a(_aeabi_uldivmod.o) (__aeabi_ldiv0)
/home/z80/programs/code-sourcery/2011.03-42/bin/../lib/gcc/arm-none-eabi/4.5.2/thumb2/libgcc.a(_divdi3.o)
                              /home/z80/programs/code-sourcery/2011.03-42/bin/../lib/gcc/arm-none-eabi/4.5.2/thumb2/libgcc.a(bpabi.o) (__divdi3)
/home/z80/programs/code-sourcery/2011.03-42/bin/../lib/gcc/arm-none-eabi/4.5.2/thumb2/libgcc.a(_udivdi3.o)
                              /home/z80/programs/code-sourcery/2011.03-42/bin/../lib/gcc/arm-none-eabi/4.5.2/thumb2/libgcc.a(bpabi.o) (__udivdi3)
/home/z80/programs/code-sourcery/2011.03-42/bin/../lib/gcc/arm-none-eabi/4.5.2/thumb2/libgcc.a(_udivsi3.o)
                              /home/z80/programs/code-sourcery/2011.03-42/bin/../lib/gcc/arm-none-eabi/4.5.2/thumb2/libgcc.a(_divdi3.o) (__aeabi_uidiv)
/home/z80/programs/code-sourcery/2011.03-42/bin/../lib/gcc/arm-none-eabi/4.5.2/../../../../arm-none-eabi/lib/thumb2/libc.a(lib_a-memset.o)
                              build/obj/syscalls.o (memset)
/home/z80/programs/code-sourcery/2011.03-42/bin/../lib/gcc/arm-none-eabi/4.5.2/../../../../arm-none-eabi/lib/thumb2/libc.a(lib_a-strcasecmp.o)
                              build/obj/shell.o (strcasecmp)
/home/z80/programs/code-sourcery/2011.03-42/bin/../lib/gcc/arm-none-eabi/4.5.2/../../../../arm-none-eabi/lib/thumb2/libc.a(lib_a-strpbrk.o)
                              build/obj/shell.o (strpbrk)
/home/z80/programs/code-sourcery/2011.03-42/bin/../lib/gcc/arm-none-eabi/4.5.2/../../../../arm-none-eabi/lib/thumb2/libc.a(lib_a-strspn.o)
                              build/obj/shell.o (strspn)
/home/z80/programs/code-sourcery/2011.03-42/bin/../lib/gcc/arm-none-eabi/4.5.2/../../../../arm-none-eabi/lib/thumb2/libc.a(lib_a-ctype_.o)
                              /home/z80/programs/code-sourcery/2011.03-42/bin/../lib/gcc/arm-none-eabi/4.5.2/../../../../arm-none-eabi/lib/thumb2/libc.a(lib_a-strcasecmp.o) (__ctype_ptr__)

Discarded input sections

 .text          0x00000000        0x0 build/obj/crt0.o
 .data          0x00000000        0x0 build/obj/crt0.o
 .bss           0x00000000        0x0 build/obj/crt0.o
 .text.__early_init
                0x00000000       0x10 build/obj/crt0.o
 .text          0x00000000        0x0 build/obj/vectors.o
 .data          0x00000000        0x0 build/obj/vectors.o
 .bss           0x00000000        0x0 build/obj/vectors.o
 .text          0x00000000        0x0 build/obj/chcore.o
 .data          0x00000000        0x0 build/obj/chcore.o
 .bss           0x00000000        0x0 build/obj/chcore.o
 .text          0x00000000        0x0 build/obj/chcore_v7m.o
 .data          0x00000000        0x0 build/obj/chcore_v7m.o
 .bss           0x00000000        0x0 build/obj/chcore_v7m.o
 .text          0x00000000        0x0 build/obj/nvic.o
 .data          0x00000000        0x0 build/obj/nvic.o
 .bss           0x00000000        0x0 build/obj/nvic.o
 .text.nvicDisableVector
                0x00000000       0x70 build/obj/nvic.o
 .text          0x00000000        0x0 build/obj/chsys.o
 .data          0x00000000        0x0 build/obj/chsys.o
 .bss           0x00000000        0x0 build/obj/chsys.o
 .text          0x00000000        0x0 build/obj/chdebug.o
 .data          0x00000000        0x0 build/obj/chdebug.o
 .bss           0x00000000        0x0 build/obj/chdebug.o
 .text.dbg_check_disable
                0x00000000       0x30 build/obj/chdebug.o
 .text.dbg_check_suspend
                0x00000000       0x30 build/obj/chdebug.o
 .text          0x00000000        0x0 build/obj/chlists.o
 .data          0x00000000        0x0 build/obj/chlists.o
 .bss           0x00000000        0x0 build/obj/chlists.o
 .text          0x00000000        0x0 build/obj/chvt.o
 .data          0x00000000        0x0 build/obj/chvt.o
 .bss           0x00000000        0x0 build/obj/chvt.o
 .text.chTimeIsWithin
                0x00000000       0x60 build/obj/chvt.o
 .text          0x00000000        0x0 build/obj/chschd.o
 .data          0x00000000        0x0 build/obj/chschd.o
 .bss           0x00000000        0x0 build/obj/chschd.o
 .text          0x00000000        0x0 build/obj/chthreads.o
 .data          0x00000000        0x0 build/obj/chthreads.o
 .bss           0x00000000        0x0 build/obj/chthreads.o
 .text.list_insert
[...]
Memory Configuration

Name             Origin             Length             Attributes
flash            0x08000000         0x00020000
ram              0x20000000         0x00005000
*default*        0x00000000         0xffffffff

Linker script and memory map

LOAD build/obj/crt0.o
LOAD build/obj/vectors.o
LOAD build/obj/chcore.o
LOAD build/obj/chcore_v7m.o
LOAD build/obj/nvic.o
LOAD build/obj/chsys.o
LOAD build/obj/chdebug.o
LOAD build/obj/chlists.o
LOAD build/obj/chvt.o
LOAD build/obj/chschd.o
LOAD build/obj/chthreads.o
LOAD build/obj/chdynamic.o
LOAD build/obj/chregistry.o
LOAD build/obj/chsem.o
LOAD build/obj/chmtx.o
LOAD build/obj/chcond.o
LOAD build/obj/chevents.o
LOAD build/obj/chmsg.o
LOAD build/obj/chmboxes.o
LOAD build/obj/chqueues.o
LOAD build/obj/chmemcore.o
LOAD build/obj/chheap.o
LOAD build/obj/chmempools.o
LOAD build/obj/test.o
LOAD build/obj/testthd.o
LOAD build/obj/testsem.o
LOAD build/obj/testmtx.o
LOAD build/obj/testmsg.o
LOAD build/obj/testmbox.o
LOAD build/obj/testevt.o
LOAD build/obj/testheap.o
LOAD build/obj/testpools.o
LOAD build/obj/testdyn.o
LOAD build/obj/testqueues.o
LOAD build/obj/testbmk.o
LOAD build/obj/hal.o
LOAD build/obj/adc.o
LOAD build/obj/can.o
LOAD build/obj/ext.o
LOAD build/obj/gpt.o
LOAD build/obj/i2c.o
LOAD build/obj/icu.o
LOAD build/obj/mac.o
LOAD build/obj/pal.o
LOAD build/obj/pwm.o
LOAD build/obj/sdc.o
LOAD build/obj/serial.o
LOAD build/obj/spi.o
LOAD build/obj/uart.o
LOAD build/obj/usb.o
LOAD build/obj/tm.o
LOAD build/obj/mmc_spi.o
LOAD build/obj/serial_usb.o
LOAD build/obj/rtc.o
LOAD build/obj/stm32_dma.o
LOAD build/obj/hal_lld.o
LOAD build/obj/adc_lld.o
LOAD build/obj/can_lld.o
LOAD build/obj/ext_lld.o
LOAD build/obj/gpt_lld.o
LOAD build/obj/i2c_lld.o
LOAD build/obj/icu_lld.o
LOAD build/obj/mac_lld.o
LOAD build/obj/pwm_lld.o
LOAD build/obj/serial_lld.o
LOAD build/obj/sdc_lld.o
LOAD build/obj/spi_lld.o
LOAD build/obj/uart_lld.o
LOAD build/obj/pal_lld.o
LOAD build/obj/usb_lld.o
LOAD build/obj/rtc_lld.o
LOAD build/obj/board.o
LOAD build/obj/evtimer.o
LOAD build/obj/syscalls.o
LOAD build/obj/shell.o
LOAD build/obj/chprintf.o
LOAD build/obj/moto_ctrl.o
LOAD build/obj/iwdg.o
LOAD build/obj/iwdg_lld.o
LOAD build/obj/main.o
LOAD build/obj/cpu_io.o
LOAD build/obj/led_ctrl.o
LOAD build/obj/dfu_ctrl.o
LOAD build/obj/shutter_ctrl.o
LOAD build/obj/eeprom_ctrl.o
START GROUP
LOAD /home/z80/programs/code-sourcery/2011.03-42/bin/../lib/gcc/arm-none-eabi/4.5.2/thumb2/libgcc.a
LOAD /home/z80/programs/code-sourcery/2011.03-42/bin/../lib/gcc/arm-none-eabi/4.5.2/../../../../arm-none-eabi/lib/thumb2/libc.a
END GROUP
                0x00000400                __main_stack_size__ = 0x400
                0x00000400                __process_stack_size__ = 0x400
                0x20000000                __ram_start__ = 0x20000000
                0x00005000                __ram_size__ = 0x5000
                0x20005000                __ram_end__ = (__ram_start__ + __ram_size__)
                0x00000000                . = 0x0
                0x00000000                _text = .

startup         0x08000000       0xec
 *(vectors)
 vectors        0x08000000       0xec build/obj/vectors.o
                0x08000000                _vectors

constructors    0x080000ec        0x0
                0x080000ec                PROVIDE (__init_array_start, .)
 *(SORT(.init_array.*))
 *(.init_array)
                0x080000ec                PROVIDE (__init_array_end, .)

destructors     0x080000ec        0x0
                0x080000ec                PROVIDE (__fini_array_start, .)
 *(.fini_array)
 *(SORT(.fini_array.*))
                0x080000ec                PROVIDE (__fini_array_end, .)

.text           0x080000f0     0x6598
 *(.text.startup.*)
 *(.text)
 .text          0x080000f0       0x2c /home/z80/programs/code-sourcery/2011.03-42/bin/../lib/gcc/arm-none-eabi/4.5.2/thumb2/libgcc.a(_aeabi_uldivmod.o)
                0x080000f0                __aeabi_uldivmod
 *fill*         0x0800011c        0x4 00
 .text          0x08000120       0x60 /home/z80/programs/code-sourcery/2011.03-42/bin/../lib/gcc/arm-none-eabi/4.5.2/thumb2/libgcc.a(bpabi.o)
                0x08000120                __gnu_ldivmod_helper
                0x08000150                __gnu_uldivmod_helper
 .text          0x08000180        0x4 /home/z80/programs/code-sourcery/2011.03-42/bin/../lib/gcc/arm-none-eabi/4.5.2/thumb2/libgcc.a(_dvmd_tls.o)
                0x08000180                __aeabi_ldiv0
                0x08000180                __aeabi_idiv0
 *fill*         0x08000184        0xc 00
 .text          0x08000190      0x360 /home/z80/programs/code-sourcery/2011.03-42/bin/../lib/gcc/arm-none-eabi/4.5.2/thumb2/libgcc.a(_divdi3.o)
                0x08000190                __divdi3
 .text          0x080004f0      0x308 /home/z80/programs/code-sourcery/2011.03-42/bin/../lib/gcc/arm-none-eabi/4.5.2/thumb2/libgcc.a(_udivdi3.o)
                0x080004f0                __udivdi3
 *fill*         0x080007f8        0x8 00
 .text          0x08000800      0x278 /home/z80/programs/code-sourcery/2011.03-42/bin/../lib/gcc/arm-none-eabi/4.5.2/thumb2/libgcc.a(_udivsi3.o)
                0x08000800                __udivsi3
                0x08000800                __aeabi_uidiv
                0x08000a5c                __aeabi_uidivmod
 *(.text.*)
 *fill*         0x08000a78        0x8 00
 .text.__late_init
                0x08000a80       0x10 build/obj/crt0.o
                0x08000a80                __late_init
 .text._default_exit
                0x08000a90       0x10 build/obj/crt0.o
                0x08000a90                _default_exit
 .text.ResetHandler
                0x08000aa0       0xd0 build/obj/crt0.o
                0x08000aa0                ResetHandler
 .text._unhandled_exception
                0x08000b70       0x10 build/obj/vectors.o
                0x08000b70                VectorAC
                0x08000b70                NMIVector
                0x08000b70                Vector8C
                0x08000b70                VectorDC
                0x08000b70                VectorC8
                0x08000b70                Vector94
                0x08000b70                VectorA8
                0x08000b70                UsageFaultVector
                0x08000b70                DebugMonitorVector
                0x08000b70                Vector40
                0x08000b70                PendSVVector
                0x08000b70                VectorCC
                0x08000b70                Vector54
                0x08000b70                Vector98
                0x08000b70                VectorD8
                0x08000b70                Vector24
                0x08000b70                BusFaultVector
                0x08000b70                VectorD0
                0x08000b70                VectorE4
                0x08000b70                HardFaultVector
                0x08000b70                MemManageVector
                0x08000b70                VectorA0
                0x08000b70                VectorC4
                0x08000b70                Vector90
                0x08000b70                Vector1C
                0x08000b70                Vector48
                0x08000b70                Vector4C
                0x08000b70                _unhandled_exception
                0x08000b70                Vector88
                0x08000b70                Vector50
                0x08000b70                Vector28
                0x08000b70                Vector34
                0x08000b70                Vector20
 .text.port_halt
                0x08000b80       0x10 build/obj/chcore.o
                0x08000b80                port_halt
 .text.SysTickVector
                0x08000b90       0x30 build/obj/chcore_v7m.o
                0x08000b90                SysTickVector
 .text.SVCallVector
                0x08000bc0       0x30 build/obj/chcore_v7m.o
                0x08000bc0                SVCallVector
 .text._port_init
                0x08000bf0       0x40 build/obj/chcore_v7m.o
                0x08000bf0                _port_init
 .text._port_irq_epilogue
                0x08000c30       0xa0 build/obj/chcore_v7m.o
                0x08000c30                _port_irq_epilogue
 .text._port_switch_from_isr
                0x08000cd0       0x10 build/obj/chcore_v7m.o
                0x08000cd0                _port_switch_from_isr
 .text._port_switch
                0x08000ce0       0x20 build/obj/chcore_v7m.o
                0x08000ce0                _port_switch
 .text._port_thread_start
                0x08000d00       0x20 build/obj/chcore_v7m.o
                0x08000d00                _port_thread_start
 .text.nvicEnableVector
                0x08000d20       0xa0 build/obj/nvic.o
                0x08000d20                nvicEnableVector
 .text.nvicSetSystemHandlerPriority
                0x08000dc0       0x60 build/obj/nvic.o
                0x08000dc0                nvicSetSystemHandlerPriority
 .text._idle_thread
                0x08000e20       0x20 build/obj/chsys.o
                0x08000e20                _idle_thread
 .text.chSysInit
                0x08000e40       0x90 build/obj/chsys.o
                0x08000e40                chSysInit
 .text.chSysTimerHandlerI
                0x08000ed0       0x90 build/obj/chsys.o
                0x08000ed0                chSysTimerHandlerI
 .text.dbg_check_enable
                0x08000f60       0x30 build/obj/chdebug.o
                0x08000f60                dbg_check_enable
 .text.dbg_check_lock
                0x08000f90       0x30 build/obj/chdebug.o
                0x08000f90                dbg_check_lock
 .text.dbg_check_unlock
                0x08000fc0       0x30 build/obj/chdebug.o
                0x08000fc0                dbg_check_unlock
 .text.dbg_check_lock_from_isr
                0x08000ff0       0x30 build/obj/chdebug.o
                0x08000ff0                dbg_check_lock_from_isr
 .text.dbg_check_unlock_from_isr
                0x08001020       0x30 build/obj/chdebug.o
                0x08001020                dbg_check_unlock_from_isr
 .text.dbg_check_enter_isr
                0x08001050       0x50 build/obj/chdebug.o
                0x08001050                dbg_check_enter_isr
 .text.dbg_check_leave_isr
                0x080010a0       0x50 build/obj/chdebug.o
                0x080010a0                dbg_check_leave_isr
 .text.chDbgCheckClassI
                0x080010f0       0x30 build/obj/chdebug.o
                0x080010f0                chDbgCheckClassI
 .text.chDbgCheckClassS
                0x08001120       0x30 build/obj/chdebug.o
                0x08001120                chDbgCheckClassS
 .text._trace_init
                0x08001150       0x20 build/obj/chdebug.o
                0x08001150                _trace_init
 .text.dbg_trace
                0x08001170       0x70 build/obj/chdebug.o
                0x08001170                dbg_trace
 .text.chDbgPanic
                0x080011e0       0x20 build/obj/chdebug.o
                0x080011e0                chDbgPanic
 .text._vt_init
                0x08001200       0x30 build/obj/chvt.o
                0x08001200                _vt_init
 .text.chVTSetI
                0x08001230       0xa0 build/obj/chvt.o
                0x08001230                chVTSetI
 .text.chVTResetI
                0x080012d0       0x70 build/obj/chvt.o
                0x080012d0                chVTResetI
 .text.fifo_remove
                0x08001340       0x30 build/obj/chschd.o
 .text.dequeue  0x08001370       0x20 build/obj/chschd.o
 .text._scheduler_init
                0x08001390       0x40 build/obj/chschd.o
                0x08001390                _scheduler_init
 .text.chSchReadyI
                0x080013d0       0x70 build/obj/chschd.o
                0x080013d0                chSchReadyI
 .text.chSchGoSleepS
                0x08001440       0x70 build/obj/chschd.o
                0x08001440                chSchGoSleepS
 .text.wakeup   0x080014b0       0x80 build/obj/chschd.o
 .text.chSchGoSleepTimeoutS
                0x08001530       0x60 build/obj/chschd.o
                0x08001530                chSchGoSleepTimeoutS
 .text.chSchWakeupS
                0x08001590       0x80 build/obj/chschd.o
                0x08001590                chSchWakeupS
 .text.chSchRescheduleS
                0x08001610       0x20 build/obj/chschd.o
                0x08001610                chSchRescheduleS
 .text.chSchDoReschedule
                0x08001630       0x70 build/obj/chschd.o
                0x08001630                chSchDoReschedule
 .text.list_remove
                0x080016a0       0x20 build/obj/chthreads.o
 .text._thread_init
                0x080016c0       0xa0 build/obj/chthreads.o
                0x080016c0                _thread_init
 .text._thread_memfill
                0x08001760       0x30 build/obj/chthreads.o
                0x08001760                _thread_memfill
 .text.chThdCreateI
                0x08001790       0x70 build/obj/chthreads.o
                0x08001790                chThdCreateI
 .text.chThdCreateStatic
                0x08001800       0x80 build/obj/chthreads.o
                0x08001800                chThdCreateStatic
 .text.chThdSleep
                0x08001880       0x40 build/obj/chthreads.o
                0x08001880                chThdSleep
 .text.chThdExit
                0x080018c0       0x20 build/obj/chthreads.o
                0x080018c0                chThdExit
 .text.chThdExitS
                0x080018e0       0x80 build/obj/chthreads.o
                0x080018e0                chThdExitS
 .text.queue_insert
                0x08001960       0x30 build/obj/chsem.o
 .text.fifo_remove
                0x08001990       0x30 build/obj/chsem.o
 .text.lifo_remove
                0x080019c0       0x30 build/obj/chsem.o
 .text.chSemInit
                0x080019f0       0x40 build/obj/chsem.o
                0x080019f0                chSemInit
 .text.chSemReset
                0x08001a30       0x30 build/obj/chsem.o
                0x08001a30                chSemReset
 .text.chSemResetI
                0x08001a60       0x90 build/obj/chsem.o
                0x08001a60                chSemResetI
 .text.chSemWait
                0x08001af0       0x30 build/obj/chsem.o
                0x08001af0                chSemWait
 .text.chSemWaitS
                0x08001b20       0x90 build/obj/chsem.o
                0x08001b20                chSemWaitS
 .text.chSemSignalI
                0x08001bb0       0x80 build/obj/chsem.o
                0x08001bb0                chSemSignalI
 .text.prio_insert
                0x08001c30       0x50 build/obj/chmtx.o
 .text.fifo_remove
                0x08001c80       0x30 build/obj/chmtx.o
 .text.dequeue  0x08001cb0       0x20 build/obj/chmtx.o
 .text.chMtxInit
                0x08001cd0       0x40 build/obj/chmtx.o
                0x08001cd0                chMtxInit
 .text.chMtxLock
                0x08001d10       0x30 build/obj/chmtx.o
                0x08001d10                chMtxLock
 .text.chMtxLockS
                0x08001d40      0x110 build/obj/chmtx.o
                0x08001d40                chMtxLockS
 .text.chMtxUnlock
                0x08001e50       0xe0 build/obj/chmtx.o
                0x08001e50                chMtxUnlock
 .text.chEvtSignalFlagsI
                0x08001f30       0x70 build/obj/chevents.o
                0x08001f30                chEvtSignalFlagsI
 .text.chEvtBroadcastFlagsI
                0x08001fa0       0x50 build/obj/chevents.o
                0x08001fa0                chEvtBroadcastFlagsI
 .text.queue_insert
                0x08001ff0       0x30 build/obj/chqueues.o
 .text.fifo_remove
                0x08002020       0x30 build/obj/chqueues.o
 .text.qwait    0x08002050       0x40 build/obj/chqueues.o
 .text.chIQInit
                0x08002090       0x50 build/obj/chqueues.o
                0x08002090                chIQInit
 .text.chIQPutI
                0x080020e0       0x90 build/obj/chqueues.o
                0x080020e0                chIQPutI
 .text.chIQGetTimeout
                0x08002170       0xa0 build/obj/chqueues.o
                0x08002170                chIQGetTimeout
 .text.chIQReadTimeout
                0x08002210       0xe0 build/obj/chqueues.o
                0x08002210                chIQReadTimeout
 .text.chOQInit
                0x080022f0       0x50 build/obj/chqueues.o
                0x080022f0                chOQInit
 .text.chOQPutTimeout
                0x08002340       0xa0 build/obj/chqueues.o
                0x08002340                chOQPutTimeout
 .text.chOQGetI
                0x080023e0       0x90 build/obj/chqueues.o
                0x080023e0                chOQGetI
 .text.chOQWriteTimeout
                0x08002470       0xe0 build/obj/chqueues.o
                0x08002470                chOQWriteTimeout
 .text._core_init
                0x08002550       0x30 build/obj/chmemcore.o
                0x08002550                _core_init
 .text.halInit  0x08002580       0x30 build/obj/hal.o
                0x08002580                halInit
 .text.extInit  0x080025b0       0x10 build/obj/ext.o
                0x080025b0                extInit
 .text.extObjectInit
                0x080025c0       0x20 build/obj/ext.o
                0x080025c0                extObjectInit
 .text.gptInit  0x080025e0       0x10 build/obj/gpt.o
                0x080025e0                gptInit
 .text.gptObjectInit
                0x080025f0       0x20 build/obj/gpt.o
                0x080025f0                gptObjectInit
 .text.gptStart
                0x08002610       0x70 build/obj/gpt.o
                0x08002610                gptStart
 .text.gptStartOneShot
                0x08002680       0x40 build/obj/gpt.o
                0x08002680                gptStartOneShot
 .text.gptStartOneShotI
                0x080026c0       0x50 build/obj/gpt.o
                0x080026c0                gptStartOneShotI
 .text.i2cInit  0x08002710       0x10 build/obj/i2c.o
                0x08002710                i2cInit
 .text.i2cObjectInit
                0x08002720       0x20 build/obj/i2c.o
                0x08002720                i2cObjectInit
 .text.i2cMasterTransmitTimeout
                0x08002740       0xd0 build/obj/i2c.o
                0x08002740                i2cMasterTransmitTimeout
 .text.writes   0x08002810       0x30 build/obj/serial.o
 .text.reads    0x08002840       0x30 build/obj/serial.o
 .text.putwouldblock
                0x08002870       0x20 build/obj/serial.o
 .text.getwouldblock
                0x08002890       0x20 build/obj/serial.o
 .text.putt     0x080028b0       0x30 build/obj/serial.o
 .text.gett     0x080028e0       0x20 build/obj/serial.o
 .text.writet   0x08002900       0x30 build/obj/serial.o
 .text.readt    0x08002930       0x30 build/obj/serial.o
 .text.getflags
                0x08002960       0x40 build/obj/serial.o
 .text.sdInit   0x080029a0       0x10 build/obj/serial.o
                0x080029a0                sdInit
 .text.sdObjectInit
                0x080029b0       0x70 build/obj/serial.o
                0x080029b0                sdObjectInit
 .text.sdStart  0x08002a20       0x60 build/obj/serial.o
                0x08002a20                sdStart
 .text.sdIncomingDataI
                0x08002a80       0x80 build/obj/serial.o
                0x08002a80                sdIncomingDataI
 .text.Vector6C
                0x08002b00       0x50 build/obj/stm32_dma.o
                0x08002b00                Vector6C
 .text.Vector70
                0x08002b50       0x50 build/obj/stm32_dma.o
                0x08002b50                Vector70
 .text.Vector74
                0x08002ba0       0x50 build/obj/stm32_dma.o
                0x08002ba0                Vector74
 .text.Vector78
                0x08002bf0       0x50 build/obj/stm32_dma.o
                0x08002bf0                Vector78
 .text.Vector7C
                0x08002c40       0x50 build/obj/stm32_dma.o
                0x08002c40                Vector7C
 .text.Vector80
                0x08002c90       0x50 build/obj/stm32_dma.o
                0x08002c90                Vector80
 .text.Vector84
                0x08002ce0       0x50 build/obj/stm32_dma.o
                0x08002ce0                Vector84
 .text.dmaInit  0x08002d30       0x70 build/obj/stm32_dma.o
                0x08002d30                dmaInit
 .text.hal_lld_backup_domain_init
                0x08002da0       0x60 build/obj/hal_lld.o
 .text.hal_lld_init
                0x08002e00       0x90 build/obj/hal_lld.o
                0x08002e00                hal_lld_init
 .text.stm32_clock_init
                0x08002e90       0xd0 build/obj/hal_lld.o
                0x08002e90                stm32_clock_init
 .text.Vector58
                0x08002f60       0x30 build/obj/ext_lld.o
                0x08002f60                Vector58
 .text.Vector5C
                0x08002f90       0x30 build/obj/ext_lld.o
                0x08002f90                Vector5C
 .text.Vector60
                0x08002fc0       0x30 build/obj/ext_lld.o
                0x08002fc0                Vector60
 .text.Vector64
                0x08002ff0       0x30 build/obj/ext_lld.o
                0x08002ff0                Vector64
 .text.Vector68
                0x08003020       0x30 build/obj/ext_lld.o
                0x08003020                Vector68
 .text.Vector9C
                0x08003050       0xb0 build/obj/ext_lld.o
                0x08003050                Vector9C
 .text.VectorE0
                0x08003100       0xc0 build/obj/ext_lld.o
                0x08003100                VectorE0
 .text.Vector44
                0x080031c0       0x30 build/obj/ext_lld.o
                0x080031c0                Vector44
 .text.VectorE8
                0x080031f0       0x30 build/obj/ext_lld.o
                0x080031f0                VectorE8
 .text.ext_lld_init
                0x08003220       0x10 build/obj/ext_lld.o
                0x08003220                ext_lld_init
 .text.gpt_lld_serve_interrupt
                0x08003230       0x40 build/obj/gpt_lld.o
 .text.VectorA4
                0x08003270       0x20 build/obj/gpt_lld.o
                0x08003270                VectorA4
 .text.VectorB0
                0x08003290       0x20 build/obj/gpt_lld.o
                0x08003290                VectorB0
 .text.VectorB4
                0x080032b0       0x20 build/obj/gpt_lld.o
                0x080032b0                VectorB4
 .text.VectorB8
                0x080032d0       0x20 build/obj/gpt_lld.o
                0x080032d0                VectorB8
 .text.gpt_lld_init
                0x080032f0       0x60 build/obj/gpt_lld.o
                0x080032f0                gpt_lld_init
 .text.gpt_lld_start
                0x08003350      0x180 build/obj/gpt_lld.o
                0x08003350                gpt_lld_start
 .text.gpt_lld_start_timer
                0x080034d0       0x50 build/obj/gpt_lld.o
                0x080034d0                gpt_lld_start_timer
 .text.gpt_lld_stop_timer
                0x08003520       0x30 build/obj/gpt_lld.o
                0x08003520                gpt_lld_stop_timer
 .text.i2c_lld_abort_operation
                0x08003550       0x90 build/obj/i2c_lld.o
 .text.i2c_lld_safety_timeout
                0x080035e0       0x40 build/obj/i2c_lld.o
 .text.i2c_lld_serve_event_interrupt
                0x08003620      0x180 build/obj/i2c_lld.o
 .text.i2c_lld_serve_error_interrupt
                0x080037a0      0x200 build/obj/i2c_lld.o
 .text.VectorBC
                0x080039a0       0x20 build/obj/i2c_lld.o
                0x080039a0                VectorBC
 .text.VectorC0
                0x080039c0       0x20 build/obj/i2c_lld.o
                0x080039c0                VectorC0
 .text.i2c_lld_init
                0x080039e0       0x40 build/obj/i2c_lld.o
                0x080039e0                i2c_lld_init
 .text.i2c_lld_master_transmit_timeout
                0x08003a20      0x160 build/obj/i2c_lld.o
                0x08003a20                i2c_lld_master_transmit_timeout
 .text.usart_init
                0x08003b80       0x90 build/obj/serial_lld.o
 .text.set_error
                0x08003c10       0xa0 build/obj/serial_lld.o
 .text.serve_interrupt
                0x08003cb0      0x1b0 build/obj/serial_lld.o
 .text.notify1  0x08003e60       0x20 build/obj/serial_lld.o
 .text.VectorD4
                0x08003e80       0x20 build/obj/serial_lld.o
                0x08003e80                VectorD4
 .text.sd_lld_init
                0x08003ea0       0x30 build/obj/serial_lld.o
                0x08003ea0                sd_lld_init
 .text.sd_lld_start
                0x08003ed0       0x60 build/obj/serial_lld.o
                0x08003ed0                sd_lld_start
 .text._pal_lld_init
                0x08003f30       0xb0 build/obj/pal_lld.o
                0x08003f30                _pal_lld_init
 .text._pal_lld_setgroupmode
                0x08003fe0       0xe0 build/obj/pal_lld.o
                0x08003fe0                _pal_lld_setgroupmode
 .text.__early_init
                0x080040c0       0x10 build/obj/board.o
                0x080040c0                __early_init
 .text.boardInit
                0x080040d0       0x10 build/obj/board.o
                0x080040d0                boardInit
 .text.motorMove
                0x080040e0       0xa0 build/obj/moto_ctrl.o
                0x080040e0                motorMove
 .text.motorInit
                0x08004180       0xc0 build/obj/moto_ctrl.o
                0x08004180                motorInit
 .text.initPads
                0x08004240      0x170 build/obj/moto_ctrl.o
 .text.initData
                0x080043b0      0x100 build/obj/moto_ctrl.o
 .text.motorThread
                0x080044b0      0x400 build/obj/moto_ctrl.o
 .text.timerMotor0
                0x080048b0       0xe0 build/obj/moto_ctrl.o
 .text.timerMotor1
                0x08004990       0xe0 build/obj/moto_ctrl.o
 .text.timerMotor2
                0x08004a70       0xe0 build/obj/moto_ctrl.o
 .text.timerMotor3
                0x08004b50       0xe0 build/obj/moto_ctrl.o
 .text.motorSetPos
                0x08004c30       0x50 build/obj/moto_ctrl.o
                0x08004c30                motorSetPos
 .text.motorSetParams
                0x08004c80       0x50 build/obj/moto_ctrl.o
                0x08004c80                motorSetParams
 .text.motorSensorData
                0x08004cd0       0x70 build/obj/moto_ctrl.o
                0x08004cd0                motorSensorData
 .text.motorInMotion
                0x08004d40       0x70 build/obj/moto_ctrl.o
                0x08004d40                motorInMotion
 .text.motorPos
                0x08004db0       0x60 build/obj/moto_ctrl.o
                0x08004db0                motorPos
 .text.motorStop
                0x08004e10       0x40 build/obj/moto_ctrl.o
                0x08004e10                motorStop
 .text.setMotoSleep
                0x08004e50       0x30 build/obj/moto_ctrl.o
 .text.setMotoReset
                0x08004e80       0x30 build/obj/moto_ctrl.o
 .text.setMotoEnable
                0x08004eb0       0x30 build/obj/moto_ctrl.o
 .text.setMoto0Dir
                0x08004ee0       0x30 build/obj/moto_ctrl.o
 .text.setMoto1Dir
                0x08004f10       0x30 build/obj/moto_ctrl.o
 .text.setMoto2Dir
                0x08004f40       0x30 build/obj/moto_ctrl.o
 .text.setMoto3Dir
                0x08004f70       0x30 build/obj/moto_ctrl.o
 .text.setHighCurrent
                0x08004fa0       0x40 build/obj/moto_ctrl.o
 .text.saveEmergencyData
                0x08004fe0       0x90 build/obj/moto_ctrl.o
 .text.nsqrt    0x08005070       0x90 build/obj/moto_ctrl.o
 .text.main     0x08005100       0x30 build/obj/main.o
                0x08005100                main
 .text.serialThread
                0x08005130       0x50 build/obj/cpu_io.o
 .text.motor_pos
                0x08005180       0x60 build/obj/cpu_io.o
 .text.eeprom_write
                0x080051e0       0x60 build/obj/cpu_io.o
 .text.eeprom_read
                0x08005240       0x90 build/obj/cpu_io.o
 .text.eeprom_clrSdData
                0x080052d0       0x10 build/obj/cpu_io.o
 .text.eeprom_setSdAddr
                0x080052e0       0x20 build/obj/cpu_io.o
 .text.initCpuIo
                0x08005300       0xc0 build/obj/cpu_io.o
                0x08005300                initCpuIo
 .text.processCpuIo
                0x080053c0       0xb0 build/obj/cpu_io.o
                0x080053c0                processCpuIo
 .text.process_command
                0x08005470       0x70 build/obj/cpu_io.o
 .text.exec_func
                0x080054e0       0x40 build/obj/cpu_io.o
 .text.hardware_version
                0x08005520       0x50 build/obj/cpu_io.o
 .text.firmware_version
                0x08005570       0x50 build/obj/cpu_io.o
 .text.firmware_upgrade
                0x080055c0       0x50 build/obj/cpu_io.o
 .text.set_led  0x08005610       0x20 build/obj/cpu_io.o
 .text.set_shutter
                0x08005630       0x20 build/obj/cpu_io.o
 .text.move_motor
                0x08005650       0x20 build/obj/cpu_io.o
 .text.stop_motor
                0x08005670       0x10 build/obj/cpu_io.o
 .text.motor_in_motion
                0x08005680       0x70 build/obj/cpu_io.o
 .text.sensor   0x080056f0       0x70 build/obj/cpu_io.o
 .text.motor_set_pos
                0x08005760       0x70 build/obj/cpu_io.o
 .text.motor_set_params
                0x080057d0       0xf0 build/obj/cpu_io.o
 .text.writeResult
                0x080058c0       0x40 build/obj/cpu_io.o
 .text.writeEom
                0x08005900       0x20 build/obj/cpu_io.o
 .text.ledsThread
                0x08005920       0x90 build/obj/led_ctrl.o
 .text.initLed  0x080059b0       0x60 build/obj/led_ctrl.o
                0x080059b0                initLed
 .text.setLeds  0x08005a10       0x30 build/obj/led_ctrl.o
                0x08005a10                setLeds
 .text.NVIC_SystemReset
                0x08005a40       0x30 build/obj/dfu_ctrl.o
 .text.firmwareUpgrade
                0x08005a70       0x10 build/obj/dfu_ctrl.o
                0x08005a70                firmwareUpgrade
 .text.setShutter
                0x08005a80       0x50 build/obj/shutter_ctrl.o
                0x08005a80                setShutter
 .text.eepromWrite
                0x08005ad0       0xb0 build/obj/eeprom_ctrl.o
                0x08005ad0                eepromWrite
 .text.eepromRead
                0x08005b80       0x50 build/obj/eeprom_ctrl.o
                0x08005b80                eepromRead
 .text.eepromAddSdData
                0x08005bd0       0x80 build/obj/eeprom_ctrl.o
                0x08005bd0                eepromAddSdData
 .text.eepromClrSdData
                0x08005c50       0x10 build/obj/eeprom_ctrl.o
                0x08005c50                eepromClrSdData
 .text.eepromSetSdAddr
                0x08005c60       0x60 build/obj/eeprom_ctrl.o
                0x08005c60                eepromSetSdAddr
 .text.crc      0x08005cc0       0xb0 build/obj/eeprom_ctrl.o
 *(.rodata)
 .rodata        0x08005d70       0x10 build/obj/chsys.o
 .rodata        0x08005d80       0x58 build/obj/chdebug.o
 *fill*         0x08005dd8        0x8 00
 .rodata        0x08005de0       0x34 build/obj/chvt.o
 *fill*         0x08005e14        0xc 00
 .rodata        0x08005e20       0x24 build/obj/chschd.o
 *fill*         0x08005e44        0xc 00
 .rodata        0x08005e50       0x84 build/obj/chthreads.o
 *fill*         0x08005ed4        0xc 00
 .rodata        0x08005ee0      0x148 build/obj/chsem.o
 *fill*         0x08006028        0x8 00
 .rodata        0x08006030       0xac build/obj/chmtx.o
 *fill*         0x080060dc        0x4 00
 .rodata        0x080060e0       0x90 build/obj/chevents.o
 .rodata        0x08006170       0x2c build/obj/chqueues.o
 *fill*         0x0800619c        0x4 00
 .rodata        0x080061a0       0xdc build/obj/gpt.o
 *fill*         0x0800627c        0x4 00
 .rodata        0x08006280       0xc4 build/obj/i2c.o
 *fill*         0x08006344        0xc 00
 .rodata        0x08006350       0x60 build/obj/serial.o
 .rodata        0x080063b0       0x14 build/obj/gpt_lld.o
 *fill*         0x080063c4        0xc 00
 .rodata        0x080063d0      0x148 build/obj/i2c_lld.o
 *fill*         0x08006518        0x8 00
 .rodata        0x08006520       0x20 build/obj/cpu_io.o
 .rodata        0x08006540        0x4 build/obj/led_ctrl.o
 *(.rodata.*)
 *fill*         0x08006544        0xc 00
 .rodata.vmt    0x08006550       0x24 build/obj/serial.o
 *fill*         0x08006574        0xc 00
 .rodata._stm32_dma_streams
                0x08006580       0x54 build/obj/stm32_dma.o
                0x08006580                _stm32_dma_streams
 *fill*         0x080065d4        0xc 00
 .rodata.default_config
                0x080065e0        0xc build/obj/serial_lld.o
 *fill*         0x080065ec        0x4 00
 .rodata.cfgtab.5942
                0x080065f0       0x14 build/obj/pal_lld.o
 *fill*         0x08006604        0xc 00
 .rodata.pal_default_config
                0x08006610       0x3c build/obj/board.o
                0x08006610                pal_default_config
 *fill*         0x0800664c        0x4 00
 .rodata.gpt1cfg
                0x08006650        0x8 build/obj/moto_ctrl.o
 *fill*         0x08006658        0x8 00
 .rodata.gpt2cfg
                0x08006660        0x8 build/obj/moto_ctrl.o
 *fill*         0x08006668        0x8 00
 .rodata.gpt3cfg
                0x08006670        0x8 build/obj/moto_ctrl.o
 *fill*         0x08006678        0x8 00
 .rodata.gpt4cfg
                0x08006680        0x8 build/obj/moto_ctrl.o
 *(.glue_7t)
 .glue_7t       0x00000000        0x0 linker stubs
 *(.glue_7)
 .glue_7        0x00000000        0x0 linker stubs
 *(.gcc*)

.vfp11_veneer   0x08006688        0x0
 .vfp11_veneer  0x00000000        0x0 linker stubs

.v4_bx          0x08006688        0x0
 .v4_bx         0x00000000        0x0 linker stubs

.ARM.extab
 *(.ARM.extab* .gnu.linkonce.armextab.*)

.ARM.exidx      0x08006688        0x8
                0x08006688                PROVIDE (__exidx_start, .)
 *(.ARM.exidx* .gnu.linkonce.armexidx.*)
 .ARM.exidx     0x08006688        0x8 /home/z80/programs/code-sourcery/2011.03-42/bin/../lib/gcc/arm-none-eabi/4.5.2/thumb2/libgcc.a(_divdi3.o)
 .ARM.exidx     0x08006690        0x0 /home/z80/programs/code-sourcery/2011.03-42/bin/../lib/gcc/arm-none-eabi/4.5.2/thumb2/libgcc.a(_udivdi3.o)
                                  0x8 (size before relaxing)
                0x08006690                PROVIDE (__exidx_end, .)

.eh_frame_hdr
 *(.eh_frame_hdr)

.eh_frame
 *(.eh_frame)

.textalign      0x08006690        0x0
                0x08006690                . = ALIGN (0x8)
                0x08006690                . = ALIGN (0x4)
                0x08006690                _etext = .
                0x08006690                _textdata = _etext

.stacks         0x20000000      0x800
                0x20000000                . = ALIGN (0x8)
                0x20000000                __main_stack_base__ = .
                0x20000400                . = (. + __main_stack_size__)
 *fill*         0x20000000      0x400 00
                0x20000400                . = ALIGN (0x8)
                0x20000400                __main_stack_end__ = .
                0x20000400                __process_stack_base__ = .
                0x20000400                __main_thread_stack_base__ = .
                0x20000800                . = (. + __process_stack_size__)
 *fill*         0x20000400      0x400 00
                0x20000800                . = ALIGN (0x8)
                0x20000800                __process_stack_end__ = .
                0x20000800                __main_thread_stack_end__ = .

.data           0x20000800       0x4c load address 0x08006690
                0x20000800                . = ALIGN (0x4)
                0x20000800                PROVIDE (_data, .)
 *(.data)
                0x20000800                . = ALIGN (0x4)
 *(.data.*)
 .data.moto_vmin
                0x20000800        0x4 build/obj/moto_ctrl.o
 .data.moto_vmax
                0x20000804        0x4 build/obj/moto_ctrl.o
 .data.moto_acc
                0x20000808        0x4 build/obj/moto_ctrl.o
 .data.funcs    0x2000080c       0x40 build/obj/cpu_io.o
                0x2000084c                . = ALIGN (0x4)
 *(.ramtext)
                0x2000084c                . = ALIGN (0x4)
                0x2000084c                PROVIDE (_edata, .)

.bss            0x20000850     0x18e8 load address 0x080066dc
                0x20000850                . = ALIGN (0x4)
                0x20000850                PROVIDE (_bss_start, .)
 *(.bss)
                0x20000850                . = ALIGN (0x4)
 *(.bss.*)
 .bss._idle_thread_wa
                0x20000850       0xc0 build/obj/chsys.o
                0x20000850                _idle_thread_wa
 .bss.mainthread.4646
                0x20000910       0x48 build/obj/chsys.o
 .bss.dbg_isr_cnt
                0x20000958        0x4 build/obj/chdebug.o
                0x20000958                dbg_isr_cnt
 .bss.dbg_lock_cnt
                0x2000095c        0x4 build/obj/chdebug.o
                0x2000095c                dbg_lock_cnt
 .bss.dbg_trace_buffer
                0x20000960      0x408 build/obj/chdebug.o
                0x20000960                dbg_trace_buffer
 .bss.dbg_panic_msg
                0x20000d68        0x4 build/obj/chdebug.o
                0x20000d68                dbg_panic_msg
 .bss.vtlist    0x20000d6c       0x10 build/obj/chvt.o
                0x20000d6c                vtlist
 .bss.rlist     0x20000d7c       0x20 build/obj/chschd.o
                0x20000d7c                rlist
 .bss.nextmem   0x20000d9c        0x4 build/obj/chmemcore.o
 .bss.endmem    0x20000da0        0x4 build/obj/chmemcore.o
 .bss.dma_streams_mask
                0x20000da4        0x4 build/obj/stm32_dma.o
 .bss.dma_isr_redir
                0x20000da8       0x38 build/obj/stm32_dma.o
 .bss.EXTD1     0x20000de0        0x8 build/obj/ext_lld.o
                0x20000de0                EXTD1
 .bss.GPTD1     0x20000de8       0x10 build/obj/gpt_lld.o
                0x20000de8                GPTD1
 .bss.GPTD2     0x20000df8       0x10 build/obj/gpt_lld.o
                0x20000df8                GPTD2
 .bss.GPTD3     0x20000e08       0x10 build/obj/gpt_lld.o
                0x20000e08                GPTD3
 .bss.GPTD4     0x20000e18       0x10 build/obj/gpt_lld.o
                0x20000e18                GPTD4
 .bss.I2CD1     0x20000e28       0x24 build/obj/i2c_lld.o
                0x20000e28                I2CD1
 .bss.SD1       0x20000e4c      0x454 build/obj/serial_lld.o
                0x20000e4c                SD1
 .bss.motor     0x200012a0       0x50 build/obj/moto_ctrl.o
 .bss.sem       0x200012f0        0xc build/obj/moto_ctrl.o
                0x200012f0                sem
 .bss.motor_queue
                0x200012fc       0x20 build/obj/moto_ctrl.o
                0x200012fc                motor_queue
 .bss.motor_queue_buffer
                0x2000131c       0x80 build/obj/moto_ctrl.o
                0x2000131c                motor_queue_buffer
 .bss.motor_stop_queue
                0x2000139c       0x20 build/obj/moto_ctrl.o
                0x2000139c                motor_stop_queue
 .bss.motor_stop_queue_buffer
                0x200013bc       0x20 build/obj/moto_ctrl.o
                0x200013bc                motor_stop_queue_buffer
 *fill*         0x200013dc        0x4 00
 .bss.waMotor   0x200013e0      0x8b0 build/obj/moto_ctrl.o
 .bss.buffer    0x20001c90       0x20 build/obj/cpu_io.o
 .bss.args      0x20001cb0       0x20 build/obj/cpu_io.o
 .bss.i2cInBuffer
                0x20001cd0       0x20 build/obj/cpu_io.o
 .bss.i2cOutBuffer
                0x20001cf0       0x20 build/obj/cpu_io.o
 .bss.i2cInQueue
                0x20001d10       0x20 build/obj/cpu_io.o
                0x20001d10                i2cInQueue
 .bss.i2cOutQueue
                0x20001d30       0x20 build/obj/cpu_io.o
                0x20001d30                i2cOutQueue
 .bss.waSerial  0x20001d50      0x1b0 build/obj/cpu_io.o
 .bss.slash.6402
                0x20001f00        0x1 build/obj/cpu_io.o
 *fill*         0x20001f01        0x3 00
 .bss.out_index.6403
                0x20001f04        0x4 build/obj/cpu_io.o
 .bss.mutex     0x20001f08       0x10 build/obj/led_ctrl.o
 .bss.value     0x20001f18        0x4 build/obj/led_ctrl.o
 *fill*         0x20001f1c        0x4 00
 .bss.waLeds    0x20001f20      0x1b0 build/obj/led_ctrl.o
 .bss.arg.5979  0x200020d0        0x4 build/obj/led_ctrl.o
 .bss.sh_queue  0x200020d4       0x20 build/obj/shutter_ctrl.o
                0x200020d4                sh_queue
 .bss.eeprom_buffer
                0x200020f4       0x20 build/obj/eeprom_ctrl.o
                0x200020f4                eeprom_buffer
 .bss.eeprom_sd_size
                0x20002114        0x1 build/obj/eeprom_ctrl.o
                0x20002114                eeprom_sd_size
 *fill*         0x20002115        0x3 00
 .bss.eeprom_sd_buffer
                0x20002118       0x20 build/obj/eeprom_ctrl.o
                0x20002118                eeprom_sd_buffer
                0x20002138                . = ALIGN (0x4)
 *(COMMON)
                0x20002138                . = ALIGN (0x4)
                0x20002138                PROVIDE (_bss_end, .)
                0x20002138                PROVIDE (end, .)
                0x20002138                _end = .
                0x20002138                __heap_base__ = _end
                0x20005000                __heap_end__ = __ram_end__
OUTPUT(build/miling.main.elf elf32-littlearm)

.debug_abbrev   0x00000000     0x5f75
 .debug_abbrev  0x00000000       0xb8 build/obj/crt0.o
 .debug_abbrev  0x000000b8       0x74 build/obj/vectors.o
 .debug_abbrev  0x0000012c       0x41 build/obj/chcore.o
 .debug_abbrev  0x0000016d      0x1ab build/obj/chcore_v7m.o
 .debug_abbrev  0x00000318       0xec build/obj/nvic.o
 .debug_abbrev  0x00000404      0x165 build/obj/chsys.o
 .debug_abbrev  0x00000569      0x1c4 build/obj/chdebug.o
 .debug_abbrev  0x0000072d       0x2a build/obj/chlists.o
 .debug_abbrev  0x00000757      0x12e build/obj/chvt.o
 .debug_abbrev  0x00000885      0x1dd build/obj/chschd.o
 .debug_abbrev  0x00000a62      0x1fe build/obj/chthreads.o
 .debug_abbrev  0x00000c60       0x2a build/obj/chdynamic.o
 .debug_abbrev  0x00000c8a      0x125 build/obj/chregistry.o
 .debug_abbrev  0x00000daf      0x1c5 build/obj/chsem.o
 .debug_abbrev  0x00000f74      0x1b6 build/obj/chmtx.o
 .debug_abbrev  0x0000112a      0x1bd build/obj/chcond.o
 .debug_abbrev  0x000012e7      0x1a9 build/obj/chevents.o
 .debug_abbrev  0x00001490      0x168 build/obj/chmsg.o
 .debug_abbrev  0x000015f8      0x1b5 build/obj/chmboxes.o
 .debug_abbrev  0x000017ad      0x1e4 build/obj/chqueues.o
 .debug_abbrev  0x00001991       0xf0 build/obj/chmemcore.o
 .debug_abbrev  0x00001a81       0x2a build/obj/chheap.o
 .debug_abbrev  0x00001aab       0x2a build/obj/chmempools.o
 .debug_abbrev  0x00001ad5      0x2cf build/obj/test.o
 .debug_abbrev  0x00001da4      0x1aa build/obj/testthd.o
 .debug_abbrev  0x00001f4e      0x225 build/obj/testsem.o
 .debug_abbrev  0x00002173      0x238 build/obj/testmtx.o
 .debug_abbrev  0x000023ab      0x164 build/obj/testmsg.o
 .debug_abbrev  0x0000250f      0x190 build/obj/testmbox.o
 .debug_abbrev  0x0000269f      0x204 build/obj/testevt.o
 .debug_abbrev  0x000028a3       0x82 build/obj/testheap.o
 .debug_abbrev  0x00002925       0x82 build/obj/testpools.o
 .debug_abbrev  0x000029a7       0x82 build/obj/testdyn.o
 .debug_abbrev  0x00002a29      0x1cd build/obj/testqueues.o
 .debug_abbrev  0x00002bf6      0x262 build/obj/testbmk.o
 .debug_abbrev  0x00002e58      0x12d build/obj/hal.o
 .debug_abbrev  0x00002f85       0x4f build/obj/adc.o
 .debug_abbrev  0x00002fd4       0x4f build/obj/can.o
 .debug_abbrev  0x00003023      0x131 build/obj/ext.o
 .debug_abbrev  0x00003154      0x131 build/obj/gpt.o
 .debug_abbrev  0x00003285      0x1bb build/obj/i2c.o
 .debug_abbrev  0x00003440       0x4f build/obj/icu.o
 .debug_abbrev  0x0000348f       0x4f build/obj/mac.o
 .debug_abbrev  0x000034de       0xfc build/obj/pal.o
 .debug_abbrev  0x000035da       0x4f build/obj/pwm.o
 .debug_abbrev  0x00003629       0x4f build/obj/sdc.o
 .debug_abbrev  0x00003678      0x201 build/obj/serial.o
 .debug_abbrev  0x00003879       0x4f build/obj/spi.o
 .debug_abbrev  0x000038c8       0x4f build/obj/uart.o
 .debug_abbrev  0x00003917       0x4f build/obj/usb.o
 .debug_abbrev  0x00003966       0x4f build/obj/tm.o
 .debug_abbrev  0x000039b5       0x4f build/obj/mmc_spi.o
 .debug_abbrev  0x00003a04       0x4f build/obj/serial_usb.o
 .debug_abbrev  0x00003a53       0x4f build/obj/rtc.o
 .debug_abbrev  0x00003aa2      0x17b build/obj/stm32_dma.o
 .debug_abbrev  0x00003c1d       0xe9 build/obj/hal_lld.o
 .debug_abbrev  0x00003d06       0x4f build/obj/adc_lld.o
 .debug_abbrev  0x00003d55       0x4f build/obj/can_lld.o
 .debug_abbrev  0x00003da4      0x1bf build/obj/ext_lld.o
 .debug_abbrev  0x00003f63      0x1aa build/obj/gpt_lld.o
 .debug_abbrev  0x0000410d      0x265 build/obj/i2c_lld.o
 .debug_abbrev  0x00004372       0x4f build/obj/icu_lld.o
 .debug_abbrev  0x000043c1       0x4f build/obj/mac_lld.o
 .debug_abbrev  0x00004410       0x4f build/obj/pwm_lld.o
 .debug_abbrev  0x0000445f      0x235 build/obj/serial_lld.o
 .debug_abbrev  0x00004694       0x4f build/obj/sdc_lld.o
 .debug_abbrev  0x000046e3       0x4f build/obj/spi_lld.o
 .debug_abbrev  0x00004732       0x4f build/obj/uart_lld.o
 .debug_abbrev  0x00004781      0x11a build/obj/pal_lld.o
 .debug_abbrev  0x0000489b       0x4f build/obj/usb_lld.o
 .debug_abbrev  0x000048ea       0x4f build/obj/rtc_lld.o
 .debug_abbrev  0x00004939       0xbe build/obj/board.o
 .debug_abbrev  0x000049f7      0x14c build/obj/evtimer.o
 .debug_abbrev  0x00004b43      0x17e build/obj/syscalls.o
 .debug_abbrev  0x00004cc1      0x20e build/obj/shell.o
 .debug_abbrev  0x00004ecf      0x135 build/obj/chprintf.o
 .debug_abbrev  0x00005004      0x2f5 build/obj/moto_ctrl.o
 .debug_abbrev  0x000052f9      0x138 build/obj/iwdg.o
 .debug_abbrev  0x00005431      0x155 build/obj/iwdg_lld.o
 .debug_abbrev  0x00005586       0x68 build/obj/main.o
 .debug_abbrev  0x000055ee      0x2c1 build/obj/cpu_io.o
 .debug_abbrev  0x000058af      0x1b0 build/obj/led_ctrl.o
 .debug_abbrev  0x00005a5f       0xea build/obj/dfu_ctrl.o
 .debug_abbrev  0x00005b49      0x1e0 build/obj/shutter_ctrl.o
 .debug_abbrev  0x00005d29      0x24c build/obj/eeprom_ctrl.o

.debug_info     0x00000000    0x1c00a
 .debug_info    0x00000000      0x34c build/obj/crt0.o
 .debug_info    0x0000034c       0xb5 build/obj/vectors.o
 .debug_info    0x00000401       0x8b build/obj/chcore.o
 .debug_info    0x0000048c      0x7e6 build/obj/chcore_v7m.o
 .debug_info    0x00000c72      0x431 build/obj/nvic.o
 .debug_info    0x000010a3      0x64f build/obj/chsys.o
 .debug_info    0x000016f2      0x813 build/obj/chdebug.o
 .debug_info    0x00001f05       0x73 build/obj/chlists.o
 .debug_info    0x00001f78      0x278 build/obj/chvt.o
 .debug_info    0x000021f0      0x747 build/obj/chschd.o
 .debug_info    0x00002937      0xa80 build/obj/chthreads.o
 .debug_info    0x000033b7       0x73 build/obj/chdynamic.o
 .debug_info    0x0000342a      0x515 build/obj/chregistry.o
 .debug_info    0x0000393f      0x8c3 build/obj/chsem.o
 .debug_info    0x00004202      0x810 build/obj/chmtx.o
 .debug_info    0x00004a12      0x7b0 build/obj/chcond.o
 .debug_info    0x000051c2      0xbe5 build/obj/chevents.o
 .debug_info    0x00005da7      0x5fc build/obj/chmsg.o
 .debug_info    0x000063a3      0x857 build/obj/chmboxes.o
 .debug_info    0x00006bfa      0xa5c build/obj/chqueues.o
 .debug_info    0x00007656      0x1d4 build/obj/chmemcore.o
 .debug_info    0x0000782a       0x73 build/obj/chheap.o
 .debug_info    0x0000789d       0x73 build/obj/chmempools.o
 .debug_info    0x00007910      0xedc build/obj/test.o
 .debug_info    0x000087ec      0x7d1 build/obj/testthd.o
 .debug_info    0x00008fbd      0x96d build/obj/testsem.o
 .debug_info    0x0000992a      0xc6e build/obj/testmtx.o
 .debug_info    0x0000a598      0x59f build/obj/testmsg.o
 .debug_info    0x0000ab37      0xbf4 build/obj/testmbox.o
 .debug_info    0x0000b72b      0x8f1 build/obj/testevt.o
 .debug_info    0x0000c01c       0xfd build/obj/testheap.o
 .debug_info    0x0000c119       0xfd build/obj/testpools.o
 .debug_info    0x0000c216       0xfe build/obj/testdyn.o
 .debug_info    0x0000c314      0xe61 build/obj/testqueues.o
 .debug_info    0x0000d175      0xda9 build/obj/testbmk.o
 .debug_info    0x0000df1e      0x2b1 build/obj/hal.o
 .debug_info    0x0000e1cf       0x9f build/obj/adc.o
 .debug_info    0x0000e26e       0x9f build/obj/can.o
 .debug_info    0x0000e30d      0x3a0 build/obj/ext.o
 .debug_info    0x0000e6ad      0x6a7 build/obj/gpt.o
 .debug_info    0x0000ed54      0xa15 build/obj/i2c.o
 .debug_info    0x0000f769       0x9f build/obj/icu.o
 .debug_info    0x0000f808       0x9f build/obj/mac.o
 .debug_info    0x0000f8a7      0x240 build/obj/pal.o
 .debug_info    0x0000fae7       0x9f build/obj/pwm.o
 .debug_info    0x0000fb86       0x9f build/obj/sdc.o
 .debug_info    0x0000fc25      0xdbd build/obj/serial.o
 .debug_info    0x000109e2       0x9f build/obj/spi.o
 .debug_info    0x00010a81       0x9f build/obj/uart.o
 .debug_info    0x00010b20       0x9f build/obj/usb.o
 .debug_info    0x00010bbf       0x9f build/obj/tm.o
 .debug_info    0x00010c5e       0x9f build/obj/mmc_spi.o
 .debug_info    0x00010cfd       0x9f build/obj/serial_usb.o
 .debug_info    0x00010d9c       0x9f build/obj/rtc.o
 .debug_info    0x00010e3b      0x63a build/obj/stm32_dma.o
 .debug_info    0x00011475      0x3a8 build/obj/hal_lld.o
 .debug_info    0x0001181d       0x9f build/obj/adc_lld.o
 .debug_info    0x000118bc       0x9f build/obj/can_lld.o
 .debug_info    0x0001195b      0x636 build/obj/ext_lld.o
 .debug_info    0x00011f91      0x7b7 build/obj/gpt_lld.o
 .debug_info    0x00012748     0x119d build/obj/i2c_lld.o
 .debug_info    0x000138e5       0x9f build/obj/icu_lld.o
 .debug_info    0x00013984       0x9f build/obj/mac_lld.o
 .debug_info    0x00013a23       0x9f build/obj/pwm_lld.o
 .debug_info    0x00013ac2      0xdd3 build/obj/serial_lld.o
 .debug_info    0x00014895       0x9f build/obj/sdc_lld.o
 .debug_info    0x00014934       0x9f build/obj/spi_lld.o
 .debug_info    0x000149d3       0x9f build/obj/uart_lld.o
 .debug_info    0x00014a72      0x394 build/obj/pal_lld.o
 .debug_info    0x00014e06       0x9f build/obj/usb_lld.o
 .debug_info    0x00014ea5       0x9f build/obj/rtc_lld.o
 .debug_info    0x00014f44      0x186 build/obj/board.o
 .debug_info    0x000150ca      0x5c8 build/obj/evtimer.o
 .debug_info    0x00015692      0xc34 build/obj/syscalls.o
 .debug_info    0x000162c6      0xbbc build/obj/shell.o
 .debug_info    0x00016e82      0x3ed build/obj/chprintf.o
 .debug_info    0x0001726f     0x17c3 build/obj/moto_ctrl.o
 .debug_info    0x00018a32      0x290 build/obj/iwdg.o
 .debug_info    0x00018cc2      0x256 build/obj/iwdg_lld.o
 .debug_info    0x00018f18       0xbc build/obj/main.o
 .debug_info    0x00018fd4     0x1211 build/obj/cpu_io.o
 .debug_info    0x0001a1e5      0x688 build/obj/led_ctrl.o
 .debug_info    0x0001a86d      0x2d0 build/obj/dfu_ctrl.o
 .debug_info    0x0001ab3d      0x6f6 build/obj/shutter_ctrl.o
 .debug_info    0x0001b233      0xdd7 build/obj/eeprom_ctrl.o

.debug_line     0x00000000     0xac00
 .debug_line    0x00000000      0x15e build/obj/crt0.o
 .debug_line    0x0000015e       0x6e build/obj/vectors.o
 .debug_line    0x000001cc       0x63 build/obj/chcore.o
 .debug_line    0x0000022f      0x227 build/obj/chcore_v7m.o
 .debug_line    0x00000456      0x116 build/obj/nvic.o
 .debug_line    0x0000056c      0x1c7 build/obj/chsys.o
 .debug_line    0x00000733      0x2dc build/obj/chdebug.o
 .debug_line    0x00000a0f       0x1d build/obj/chlists.o
 .debug_line    0x00000a2c      0x1cb build/obj/chvt.o
 .debug_line    0x00000bf7      0x2bc build/obj/chschd.o
 .debug_line    0x00000eb3      0x398 build/obj/chthreads.o
 .debug_line    0x0000124b       0x1d build/obj/chdynamic.o
 .debug_line    0x00001268      0x18d build/obj/chregistry.o
 .debug_line    0x000013f5      0x3d8 build/obj/chsem.o
 .debug_line    0x000017cd      0x31a build/obj/chmtx.o
 .debug_line    0x00001ae7      0x2cb build/obj/chcond.o
 .debug_line    0x00001db2      0x342 build/obj/chevents.o
 .debug_line    0x000020f4      0x1ee build/obj/chmsg.o
 .debug_line    0x000022e2      0x2c7 build/obj/chmboxes.o
 .debug_line    0x000025a9      0x38b build/obj/chqueues.o
 .debug_line    0x00002934      0x17d build/obj/chmemcore.o
 .debug_line    0x00002ab1       0x1d build/obj/chheap.o
 .debug_line    0x00002ace       0x1d build/obj/chmempools.o
 .debug_line    0x00002aeb      0x4f7 build/obj/test.o
 .debug_line    0x00002fe2      0x208 build/obj/testthd.o
 .debug_line    0x000031ea      0x2cb build/obj/testsem.o
 .debug_line    0x000034b5      0x465 build/obj/testmtx.o
 .debug_line    0x0000391a      0x195 build/obj/testmsg.o
 .debug_line    0x00003aaf      0x304 build/obj/testmbox.o
 .debug_line    0x00003db3      0x286 build/obj/testevt.o
 .debug_line    0x00004039       0x4b build/obj/testheap.o
 .debug_line    0x00004084       0x4c build/obj/testpools.o
 .debug_line    0x000040d0       0x4a build/obj/testdyn.o
 .debug_line    0x0000411a      0x488 build/obj/testqueues.o
 .debug_line    0x000045a2      0x58c build/obj/testbmk.o
 .debug_line    0x00004b2e      0x250 build/obj/hal.o
 .debug_line    0x00004d7e       0xde build/obj/adc.o
 .debug_line    0x00004e5c       0xde build/obj/can.o
 .debug_line    0x00004f3a      0x23c build/obj/ext.o
 .debug_line    0x00005176      0x2b9 build/obj/gpt.o
 .debug_line    0x0000542f      0x3ca build/obj/i2c.o
 .debug_line    0x000057f9       0xde build/obj/icu.o
 .debug_line    0x000058d7       0xde build/obj/mac.o
 .debug_line    0x000059b5      0x201 build/obj/pal.o
 .debug_line    0x00005bb6       0xde build/obj/pwm.o
 .debug_line    0x00005c94       0xde build/obj/sdc.o
 .debug_line    0x00005d72      0x41a build/obj/serial.o
 .debug_line    0x0000618c       0xde build/obj/spi.o
 .debug_line    0x0000626a       0xde build/obj/uart.o
 .debug_line    0x00006348       0xde build/obj/usb.o
 .debug_line    0x00006426       0xde build/obj/tm.o
 .debug_line    0x00006504       0xde build/obj/mmc_spi.o
 .debug_line    0x000065e2       0xde build/obj/serial_usb.o
 .debug_line    0x000066c0       0xde build/obj/rtc.o
 .debug_line    0x0000679e      0x27f build/obj/stm32_dma.o
 .debug_line    0x00006a1d      0x1da build/obj/hal_lld.o
 .debug_line    0x00006bf7       0xde build/obj/adc_lld.o
 .debug_line    0x00006cd5       0xde build/obj/can_lld.o
 .debug_line    0x00006db3      0x30b build/obj/ext_lld.o
 .debug_line    0x000070be      0x2af build/obj/gpt_lld.o
 .debug_line    0x0000736d      0x577 build/obj/i2c_lld.o
 .debug_line    0x000078e4       0xde build/obj/icu_lld.o
 .debug_line    0x000079c2       0xde build/obj/mac_lld.o
 .debug_line    0x00007aa0       0xde build/obj/pwm_lld.o
 .debug_line    0x00007b7e      0x393 build/obj/serial_lld.o
 .debug_line    0x00007f11       0xde build/obj/sdc_lld.o
 .debug_line    0x00007fef       0xde build/obj/spi_lld.o
 .debug_line    0x000080cd       0xde build/obj/uart_lld.o
 .debug_line    0x000081ab      0x1b8 build/obj/pal_lld.o
 .debug_line    0x00008363       0xde build/obj/usb_lld.o
 .debug_line    0x00008441       0xde build/obj/rtc_lld.o
 .debug_line    0x0000851f      0x14e build/obj/board.o
 .debug_line    0x0000866d      0x1b0 build/obj/evtimer.o
 .debug_line    0x0000881d      0x1e6 build/obj/syscalls.o
 .debug_line    0x00008a03      0x375 build/obj/shell.o
 .debug_line    0x00008d78      0x28f build/obj/chprintf.o
 .debug_line    0x00009007      0x6be build/obj/moto_ctrl.o
 .debug_line    0x000096c5      0x196 build/obj/iwdg.o
 .debug_line    0x0000985b      0x1a3 build/obj/iwdg_lld.o
 .debug_line    0x000099fe      0x111 build/obj/main.o
 .debug_line    0x00009b0f      0x5c6 build/obj/cpu_io.o
 .debug_line    0x0000a0d5      0x2a1 build/obj/led_ctrl.o
 .debug_line    0x0000a376      0x145 build/obj/dfu_ctrl.o
 .debug_line    0x0000a4bb      0x2f3 build/obj/shutter_ctrl.o
 .debug_line    0x0000a7ae      0x452 build/obj/eeprom_ctrl.o

.debug_pubnames
                0x00000000     0x1c5b
 .debug_pubnames
                0x00000000       0x56 build/obj/crt0.o
 .debug_pubnames
                0x00000056       0x38 build/obj/vectors.o
 .debug_pubnames
                0x0000008e       0x20 build/obj/chcore.o
 .debug_pubnames
                0x000000ae       0x9d build/obj/chcore_v7m.o
 .debug_pubnames
                0x0000014b       0x5e build/obj/nvic.o
 .debug_pubnames
                0x000001a9       0x5c build/obj/chsys.o
 .debug_pubnames
                0x00000205      0x184 build/obj/chdebug.o
 .debug_pubnames
                0x00000389       0x59 build/obj/chvt.o
 .debug_pubnames
                0x000003e2       0xa7 build/obj/chschd.o
 .debug_pubnames
                0x00000489       0xf3 build/obj/chthreads.o
 .debug_pubnames
                0x0000057c       0x3b build/obj/chregistry.o
 .debug_pubnames
                0x000005b7       0xd1 build/obj/chsem.o
 .debug_pubnames
                0x00000688       0x94 build/obj/chmtx.o
 .debug_pubnames
                0x0000071c       0xb9 build/obj/chcond.o
 .debug_pubnames
                0x000007d5      0x14b build/obj/chevents.o
 .debug_pubnames
                0x00000920       0x3f build/obj/chmsg.o
 .debug_pubnames
                0x0000095f       0xba build/obj/chmboxes.o
 .debug_pubnames
                0x00000a19       0xb3 build/obj/chqueues.o
 .debug_pubnames
                0x00000acc       0x53 build/obj/chmemcore.o
 .debug_pubnames
                0x00000b1f      0x158 build/obj/test.o
 .debug_pubnames
                0x00000c77       0x55 build/obj/testthd.o
 .debug_pubnames
                0x00000ccc       0x55 build/obj/testsem.o
 .debug_pubnames
                0x00000d21       0x89 build/obj/testmtx.o
 .debug_pubnames
                0x00000daa       0x2e build/obj/testmsg.o
 .debug_pubnames
                0x00000dd8       0x30 build/obj/testmbox.o
 .debug_pubnames
                0x00000e08       0x48 build/obj/testevt.o
 .debug_pubnames
                0x00000e50       0x22 build/obj/testheap.o
 .debug_pubnames
                0x00000e72       0x23 build/obj/testpools.o
 .debug_pubnames
                0x00000e95       0x21 build/obj/testdyn.o
 .debug_pubnames
                0x00000eb6       0x44 build/obj/testqueues.o
 .debug_pubnames
                0x00000efa       0xda build/obj/testbmk.o
 .debug_pubnames
                0x00000fd4       0x48 build/obj/hal.o
 .debug_pubnames
                0x0000101c       0x74 build/obj/ext.o
 .debug_pubnames
                0x00001090       0xd7 build/obj/gpt.o
 .debug_pubnames
                0x00001167       0x93 build/obj/i2c.o
 .debug_pubnames
                0x000011fa       0x43 build/obj/pal.o
 .debug_pubnames
                0x0000123d       0x6c build/obj/serial.o
 .debug_pubnames
                0x000012a9       0xbb build/obj/stm32_dma.o
 .debug_pubnames
                0x00001364       0x38 build/obj/hal_lld.o
 .debug_pubnames
                0x0000139c      0x114 build/obj/ext_lld.o
 .debug_pubnames
                0x000014b0       0xea build/obj/gpt_lld.o
 .debug_pubnames
                0x0000159a       0xb1 build/obj/i2c_lld.o
 .debug_pubnames
                0x0000164b       0x58 build/obj/serial_lld.o
 .debug_pubnames
                0x000016a3       0x3e build/obj/pal_lld.o
 .debug_pubnames
                0x000016e1       0x48 build/obj/board.o
 .debug_pubnames
                0x00001729       0x2b build/obj/evtimer.o
 .debug_pubnames
                0x00001754       0x6c build/obj/syscalls.o
 .debug_pubnames
                0x000017c0       0x5c build/obj/shell.o
 .debug_pubnames
                0x0000181c       0x1f build/obj/chprintf.o
 .debug_pubnames
                0x0000183b      0x107 build/obj/moto_ctrl.o
 .debug_pubnames
                0x00001942       0x3b build/obj/iwdg.o
 .debug_pubnames
                0x0000197d       0x54 build/obj/iwdg_lld.o
 .debug_pubnames
                0x000019d1       0x1b build/obj/main.o
 .debug_pubnames
                0x000019ec       0x5d build/obj/cpu_io.o
 .debug_pubnames
                0x00001a49       0x6d build/obj/led_ctrl.o
 .debug_pubnames
                0x00001ab6       0x26 build/obj/dfu_ctrl.o
 .debug_pubnames
                0x00001adc       0x63 build/obj/shutter_ctrl.o
 .debug_pubnames
                0x00001b3f      0x11c build/obj/eeprom_ctrl.o

.debug_pubtypes
                0x00000000     0x45ff
 .debug_pubtypes
                0x00000000       0x44 build/obj/crt0.o
 .debug_pubtypes
                0x00000044       0x12 build/obj/vectors.o
 .debug_pubtypes
                0x00000056       0x12 build/obj/chcore.o
 .debug_pubtypes
                0x00000068      0x13e build/obj/chcore_v7m.o
 .debug_pubtypes
                0x000001a6       0x38 build/obj/nvic.o
 .debug_pubtypes
                0x000001de      0x16d build/obj/chsys.o
 .debug_pubtypes
                0x0000034b      0x18a build/obj/chdebug.o
 .debug_pubtypes
                0x000004d5       0x12 build/obj/chlists.o
 .debug_pubtypes
                0x000004e7       0x7e build/obj/chvt.o
 .debug_pubtypes
                0x00000565      0x172 build/obj/chschd.o
 .debug_pubtypes
                0x000006d7      0x178 build/obj/chthreads.o
 .debug_pubtypes
                0x0000084f       0x12 build/obj/chdynamic.o
 .debug_pubtypes
                0x00000861      0x127 build/obj/chregistry.o
 .debug_pubtypes
                0x00000988      0x143 build/obj/chsem.o
 .debug_pubtypes
                0x00000acb      0x132 build/obj/chmtx.o
 .debug_pubtypes
                0x00000bfd      0x13f build/obj/chcond.o
 .debug_pubtypes
                0x00000d3c      0x189 build/obj/chevents.o
 .debug_pubtypes
                0x00000ec5      0x127 build/obj/chmsg.o
 .debug_pubtypes
                0x00000fec      0x141 build/obj/chmboxes.o
 .debug_pubtypes
                0x0000112d      0x18c build/obj/chqueues.o
 .debug_pubtypes
                0x000012b9       0x36 build/obj/chmemcore.o
 .debug_pubtypes
                0x000012ef       0x12 build/obj/chheap.o
 .debug_pubtypes
                0x00001301       0x12 build/obj/chmempools.o
 .debug_pubtypes
                0x00001313      0x1b8 build/obj/test.o
 .debug_pubtypes
                0x000014cb      0x16e build/obj/testthd.o
 .debug_pubtypes
                0x00001639      0x19e build/obj/testsem.o
 .debug_pubtypes
                0x000017d7      0x191 build/obj/testmtx.o
 .debug_pubtypes
                0x00001968      0x134 build/obj/testmsg.o
 .debug_pubtypes
                0x00001a9c      0x15f build/obj/testmbox.o
 .debug_pubtypes
                0x00001bfb      0x1d0 build/obj/testevt.o
 .debug_pubtypes
                0x00001dcb       0x1f build/obj/testheap.o
 .debug_pubtypes
                0x00001dea       0x1f build/obj/testpools.o
 .debug_pubtypes
                0x00001e09       0x1f build/obj/testdyn.o
 .debug_pubtypes
                0x00001e28      0x1aa build/obj/testqueues.o
 .debug_pubtypes
                0x00001fd2      0x1d4 build/obj/testbmk.o
 .debug_pubtypes
                0x000021a6       0x76 build/obj/hal.o
 .debug_pubtypes
                0x0000221c       0x1e build/obj/adc.o
 .debug_pubtypes
                0x0000223a       0x1e build/obj/can.o
 .debug_pubtypes
                0x00002258       0xa9 build/obj/ext.o
 .debug_pubtypes
                0x00002301       0xae build/obj/gpt.o
 .debug_pubtypes
                0x000023af      0x1df build/obj/i2c.o
 .debug_pubtypes
                0x0000258e       0x1e build/obj/icu.o
 .debug_pubtypes
                0x000025ac       0x1e build/obj/mac.o
 .debug_pubtypes
                0x000025ca       0x84 build/obj/pal.o
 .debug_pubtypes
                0x0000264e       0x1e build/obj/pwm.o
 .debug_pubtypes
                0x0000266c       0x1e build/obj/sdc.o
 .debug_pubtypes
                0x0000268a      0x287 build/obj/serial.o
 .debug_pubtypes
                0x00002911       0x1e build/obj/spi.o
 .debug_pubtypes
                0x0000292f       0x1e build/obj/uart.o
 .debug_pubtypes
                0x0000294d       0x1e build/obj/usb.o
 .debug_pubtypes
                0x0000296b       0x1e build/obj/tm.o
 .debug_pubtypes
                0x00002989       0x1e build/obj/mmc_spi.o
 .debug_pubtypes
                0x000029a7       0x1e build/obj/serial_usb.o
 .debug_pubtypes
                0x000029c5       0x1e build/obj/rtc.o
 .debug_pubtypes
                0x000029e3       0xce build/obj/stm32_dma.o
 .debug_pubtypes
                0x00002ab1       0x93 build/obj/hal_lld.o
 .debug_pubtypes
                0x00002b44       0x1e build/obj/adc_lld.o
 .debug_pubtypes
                0x00002b62       0x1e build/obj/can_lld.o
 .debug_pubtypes
                0x00002b80       0xd4 build/obj/ext_lld.o
 .debug_pubtypes
                0x00002c54       0xd3 build/obj/gpt_lld.o
 .debug_pubtypes
                0x00002d27      0x25d build/obj/i2c_lld.o
 .debug_pubtypes
                0x00002f84       0x1e build/obj/icu_lld.o
 .debug_pubtypes
                0x00002fa2       0x1e build/obj/mac_lld.o
 .debug_pubtypes
                0x00002fc0       0x1e build/obj/pwm_lld.o
 .debug_pubtypes
                0x00002fde      0x265 build/obj/serial_lld.o
 .debug_pubtypes
                0x00003243       0x1e build/obj/sdc_lld.o
 .debug_pubtypes
                0x00003261       0x1e build/obj/spi_lld.o
 .debug_pubtypes
                0x0000327f       0x1e build/obj/uart_lld.o
 .debug_pubtypes
                0x0000329d       0xaa build/obj/pal_lld.o
 .debug_pubtypes
                0x00003347       0x1e build/obj/usb_lld.o
 .debug_pubtypes
                0x00003365       0x1e build/obj/rtc_lld.o
 .debug_pubtypes
                0x00003383       0x50 build/obj/board.o
 .debug_pubtypes
                0x000033d3      0x18e build/obj/evtimer.o
 .debug_pubtypes
                0x00003561      0x19b build/obj/syscalls.o
 .debug_pubtypes
                0x000036fc      0x20e build/obj/shell.o
 .debug_pubtypes
                0x0000390a       0xb5 build/obj/chprintf.o
 .debug_pubtypes
                0x000039bf      0x29e build/obj/moto_ctrl.o
 .debug_pubtypes
                0x00003c5d       0x92 build/obj/iwdg.o
 .debug_pubtypes
                0x00003cef       0x92 build/obj/iwdg_lld.o
 .debug_pubtypes
                0x00003d81       0x1e build/obj/main.o
 .debug_pubtypes
                0x00003d9f      0x2cc build/obj/cpu_io.o
 .debug_pubtypes
                0x0000406b      0x165 build/obj/led_ctrl.o
 .debug_pubtypes
                0x000041d0       0x44 build/obj/dfu_ctrl.o
 .debug_pubtypes
                0x00004214      0x193 build/obj/shutter_ctrl.o
 .debug_pubtypes
                0x000043a7      0x258 build/obj/eeprom_ctrl.o

.debug_aranges  0x00000000     0x1420
 .debug_aranges
                0x00000000       0x38 build/obj/crt0.o
 .debug_aranges
                0x00000038       0x20 build/obj/vectors.o
 .debug_aranges
                0x00000058       0x20 build/obj/chcore.o
 .debug_aranges
                0x00000078       0x50 build/obj/chcore_v7m.o
 .debug_aranges
                0x000000c8       0x30 build/obj/nvic.o
 .debug_aranges
                0x000000f8       0x30 build/obj/chsys.o
 .debug_aranges
                0x00000128       0x88 build/obj/chdebug.o
 .debug_aranges
                0x000001b0       0x38 build/obj/chvt.o
 .debug_aranges
                0x000001e8       0x68 build/obj/chschd.o
 .debug_aranges
                0x00000250       0x90 build/obj/chthreads.o
 .debug_aranges
                0x000002e0       0x28 build/obj/chregistry.o
 .debug_aranges
                0x00000308       0x88 build/obj/chsem.o
 .debug_aranges
                0x00000390       0x70 build/obj/chmtx.o
 .debug_aranges
                0x00000400       0x70 build/obj/chcond.o
 .debug_aranges
                0x00000470       0x90 build/obj/chevents.o
 .debug_aranges
                0x00000500       0x40 build/obj/chmsg.o
 .debug_aranges
                0x00000540       0x70 build/obj/chmboxes.o
 .debug_aranges
                0x000005b0       0x80 build/obj/chqueues.o
 .debug_aranges
                0x00000630       0x38 build/obj/chmemcore.o
 .debug_aranges
                0x00000668       0xb0 build/obj/test.o
 .debug_aranges
                0x00000718       0x40 build/obj/testthd.o
 .debug_aranges
                0x00000758       0x70 build/obj/testsem.o
 .debug_aranges
                0x000007c8      0x108 build/obj/testmtx.o
 .debug_aranges
                0x000008d0       0x28 build/obj/testmsg.o
 .debug_aranges
                0x000008f8       0x28 build/obj/testmbox.o
 .debug_aranges
                0x00000920       0x70 build/obj/testevt.o
 .debug_aranges
                0x00000990       0x50 build/obj/testqueues.o
 .debug_aranges
                0x000009e0       0xd0 build/obj/testbmk.o
 .debug_aranges
                0x00000ab0       0x30 build/obj/hal.o
 .debug_aranges
                0x00000ae0       0x48 build/obj/ext.o
 .debug_aranges
                0x00000b28       0x70 build/obj/gpt.o
 .debug_aranges
                0x00000b98       0x50 build/obj/i2c.o
 .debug_aranges
                0x00000be8       0x30 build/obj/pal.o
 .debug_aranges
                0x00000c18       0x90 build/obj/serial.o
 .debug_aranges
                0x00000ca8       0x68 build/obj/stm32_dma.o
 .debug_aranges
                0x00000d10       0x30 build/obj/hal_lld.o
 .debug_aranges
                0x00000d40       0x90 build/obj/ext_lld.o
 .debug_aranges
                0x00000dd0       0x70 build/obj/gpt_lld.o
 .debug_aranges
                0x00000e40       0x90 build/obj/i2c_lld.o
 .debug_aranges
                0x00000ed0       0x60 build/obj/serial_lld.o
 .debug_aranges
                0x00000f30       0x28 build/obj/pal_lld.o
 .debug_aranges
                0x00000f58       0x28 build/obj/board.o
 .debug_aranges
                0x00000f80       0x30 build/obj/evtimer.o
 .debug_aranges
                0x00000fb0       0x50 build/obj/syscalls.o
 .debug_aranges
                0x00001000       0x68 build/obj/shell.o
 .debug_aranges
                0x00001068       0x28 build/obj/chprintf.o
 .debug_aranges
                0x00001090      0x118 build/obj/moto_ctrl.o
 .debug_aranges
                0x000011a8       0x30 build/obj/iwdg.o
 .debug_aranges
                0x000011d8       0x30 build/obj/iwdg_lld.o
 .debug_aranges
                0x00001208       0x20 build/obj/main.o
 .debug_aranges
                0x00001228       0xd8 build/obj/cpu_io.o
 .debug_aranges
                0x00001300       0x48 build/obj/led_ctrl.o
 .debug_aranges
                0x00001348       0x28 build/obj/dfu_ctrl.o
 .debug_aranges
                0x00001370       0x38 build/obj/shutter_ctrl.o
 .debug_aranges
                0x000013a8       0x78 build/obj/eeprom_ctrl.o

.debug_ranges   0x00000000     0x10c8
 .debug_ranges  0x00000000       0x28 build/obj/crt0.o
 .debug_ranges  0x00000028       0x10 build/obj/vectors.o
 .debug_ranges  0x00000038       0x10 build/obj/chcore.o
 .debug_ranges  0x00000048       0x40 build/obj/chcore_v7m.o
 .debug_ranges  0x00000088       0x20 build/obj/nvic.o
 .debug_ranges  0x000000a8       0x20 build/obj/chsys.o
 .debug_ranges  0x000000c8       0x78 build/obj/chdebug.o
 .debug_ranges  0x00000140       0x28 build/obj/chvt.o
 .debug_ranges  0x00000168       0x58 build/obj/chschd.o
 .debug_ranges  0x000001c0       0x80 build/obj/chthreads.o
 .debug_ranges  0x00000240       0x18 build/obj/chregistry.o
 .debug_ranges  0x00000258       0x78 build/obj/chsem.o
 .debug_ranges  0x000002d0       0x60 build/obj/chmtx.o
 .debug_ranges  0x00000330       0x60 build/obj/chcond.o
 .debug_ranges  0x00000390       0x80 build/obj/chevents.o
 .debug_ranges  0x00000410       0x30 build/obj/chmsg.o
 .debug_ranges  0x00000440       0x60 build/obj/chmboxes.o
 .debug_ranges  0x000004a0       0x70 build/obj/chqueues.o
 .debug_ranges  0x00000510       0x28 build/obj/chmemcore.o
 .debug_ranges  0x00000538       0xa0 build/obj/test.o
 .debug_ranges  0x000005d8       0x30 build/obj/testthd.o
 .debug_ranges  0x00000608       0x60 build/obj/testsem.o
 .debug_ranges  0x00000668       0xf8 build/obj/testmtx.o
 .debug_ranges  0x00000760       0x18 build/obj/testmsg.o
 .debug_ranges  0x00000778       0x18 build/obj/testmbox.o
 .debug_ranges  0x00000790       0x60 build/obj/testevt.o
 .debug_ranges  0x000007f0       0x40 build/obj/testqueues.o
 .debug_ranges  0x00000830       0xc0 build/obj/testbmk.o
 .debug_ranges  0x000008f0       0x20 build/obj/hal.o
 .debug_ranges  0x00000910       0x38 build/obj/ext.o
 .debug_ranges  0x00000948       0x60 build/obj/gpt.o
 .debug_ranges  0x000009a8       0x40 build/obj/i2c.o
 .debug_ranges  0x000009e8       0x20 build/obj/pal.o
 .debug_ranges  0x00000a08       0x80 build/obj/serial.o
 .debug_ranges  0x00000a88       0x58 build/obj/stm32_dma.o
 .debug_ranges  0x00000ae0       0x20 build/obj/hal_lld.o
 .debug_ranges  0x00000b00       0x80 build/obj/ext_lld.o
 .debug_ranges  0x00000b80       0x60 build/obj/gpt_lld.o
 .debug_ranges  0x00000be0       0x80 build/obj/i2c_lld.o
 .debug_ranges  0x00000c60       0x50 build/obj/serial_lld.o
 .debug_ranges  0x00000cb0       0x18 build/obj/pal_lld.o
 .debug_ranges  0x00000cc8       0x18 build/obj/board.o
 .debug_ranges  0x00000ce0       0x20 build/obj/evtimer.o
 .debug_ranges  0x00000d00       0x40 build/obj/syscalls.o
 .debug_ranges  0x00000d40       0x58 build/obj/shell.o
 .debug_ranges  0x00000d98       0x18 build/obj/chprintf.o
 .debug_ranges  0x00000db0      0x120 build/obj/moto_ctrl.o
 .debug_ranges  0x00000ed0       0x20 build/obj/iwdg.o
 .debug_ranges  0x00000ef0       0x20 build/obj/iwdg_lld.o
 .debug_ranges  0x00000f10       0x10 build/obj/main.o
 .debug_ranges  0x00000f20       0xc8 build/obj/cpu_io.o
 .debug_ranges  0x00000fe8       0x38 build/obj/led_ctrl.o
 .debug_ranges  0x00001020       0x18 build/obj/dfu_ctrl.o
 .debug_ranges  0x00001038       0x28 build/obj/shutter_ctrl.o
 .debug_ranges  0x00001060       0x68 build/obj/eeprom_ctrl.o

.debug_str      0x00000000     0x3f27
 .debug_str     0x00000000      0x1d7 build/obj/crt0.o
                                0x210 (size before relaxing)
 .debug_str     0x000001d7       0x57 build/obj/vectors.o
                                0x11e (size before relaxing)
 .debug_str     0x0000022e       0x38 build/obj/chcore.o
                                 0xff (size before relaxing)
 .debug_str     0x00000266      0x281 build/obj/chcore_v7m.o
                                0x38e (size before relaxing)
 .debug_str     0x000004e7       0xc6 build/obj/nvic.o
                                0x1f6 (size before relaxing)
 .debug_str     0x000005ad       0xdd build/obj/chsys.o
                                0x35f (size before relaxing)
 .debug_str     0x0000068a      0x1ae build/obj/chdebug.o
                                0x47e (size before relaxing)
 .debug_str     0x00000838       0x29 build/obj/chlists.o
                                 0xf0 (size before relaxing)
 .debug_str     0x00000861       0x60 build/obj/chvt.o
                                0x1a3 (size before relaxing)
 .debug_str     0x000008c1       0xc9 build/obj/chschd.o
                                0x38f (size before relaxing)
 .debug_str     0x0000098a      0x113 build/obj/chthreads.o
                                0x3fa (size before relaxing)
 .debug_str     0x00000a9d       0x2b build/obj/chdynamic.o
                                 0xf2 (size before relaxing)
 .debug_str     0x00000ac8       0x4d build/obj/chregistry.o
                                0x2c7 (size before relaxing)
 .debug_str     0x00000b15       0xd3 build/obj/chsem.o
                                0x376 (size before relaxing)
 .debug_str     0x00000be8       0x95 build/obj/chmtx.o
                                0x332 (size before relaxing)
 .debug_str     0x00000c7d       0xbb build/obj/chcond.o
                                0x352 (size before relaxing)
 .debug_str     0x00000d38      0x184 build/obj/chevents.o
                                0x408 (size before relaxing)
 .debug_str     0x00000ebc       0x48 build/obj/chmsg.o
                                0x2db (size before relaxing)
 .debug_str     0x00000f04       0xed build/obj/chmboxes.o
                                0x33b (size before relaxing)
 .debug_str     0x00000ff1      0x11d build/obj/chqueues.o
                                0x3c8 (size before relaxing)
 .debug_str     0x0000110e       0x86 build/obj/chmemcore.o
                                0x16a (size before relaxing)
 .debug_str     0x00001194       0x28 build/obj/chheap.o
                                 0xef (size before relaxing)
 .debug_str     0x000011bc       0x2c build/obj/chmempools.o
                                 0xf3 (size before relaxing)
 .debug_str     0x000011e8      0x286 build/obj/test.o
                                0x5ad (size before relaxing)
 .debug_str     0x0000146e       0x78 build/obj/testthd.o
                                0x391 (size before relaxing)
 .debug_str     0x000014e6       0xe1 build/obj/testsem.o
                                0x406 (size before relaxing)
 .debug_str     0x000015c7      0x19f build/obj/testmtx.o
                                0x4d0 (size before relaxing)
 .debug_str     0x00001766       0x36 build/obj/testmsg.o
                                0x2ef (size before relaxing)
 .debug_str     0x0000179c       0x4a build/obj/testmbox.o
                                0x324 (size before relaxing)
 .debug_str     0x000017e6       0x8a build/obj/testevt.o
                                0x402 (size before relaxing)
 .debug_str     0x00001870       0x21 build/obj/testheap.o
                                0x119 (size before relaxing)
 .debug_str     0x00001891       0x22 build/obj/testpools.o
                                0x11b (size before relaxing)
 .debug_str     0x000018b3       0x20 build/obj/testdyn.o
                                0x117 (size before relaxing)
 .debug_str     0x000018d3       0x77 build/obj/testqueues.o
                                0x3d4 (size before relaxing)
 .debug_str     0x0000194a      0x184 build/obj/testbmk.o
                                0x53c (size before relaxing)
 .debug_str     0x00001ace       0xef build/obj/hal.o
                                0x1e9 (size before relaxing)
 .debug_str     0x00001bbd       0x22 build/obj/adc.o
                                 0xfe (size before relaxing)
 .debug_str     0x00001bdf       0x22 build/obj/can.o
                                 0xfe (size before relaxing)
 .debug_str     0x00001c01       0xf2 build/obj/ext.o
                                0x1f1 (size before relaxing)
 .debug_str     0x00001cf3      0x1fa build/obj/gpt.o
                                0x304 (size before relaxing)
 .debug_str     0x00001eed      0x2ac build/obj/i2c.o
                                0x518 (size before relaxing)
 .debug_str     0x00002199       0x22 build/obj/icu.o
                                 0xfe (size before relaxing)
 .debug_str     0x000021bb       0x22 build/obj/mac.o
                                 0xfe (size before relaxing)
 .debug_str     0x000021dd       0x9e build/obj/pal.o
                                0x194 (size before relaxing)
 .debug_str     0x0000227b       0x22 build/obj/pwm.o
                                 0xfe (size before relaxing)
 .debug_str     0x0000229d       0x22 build/obj/sdc.o
                                 0xfe (size before relaxing)
 .debug_str     0x000022bf      0x176 build/obj/serial.o
                                0x512 (size before relaxing)
 .debug_str     0x00002435       0x22 build/obj/spi.o
                                 0xfe (size before relaxing)
 .debug_str     0x00002457       0x23 build/obj/uart.o
                                 0xff (size before relaxing)
 .debug_str     0x0000247a       0x22 build/obj/usb.o
                                 0xfe (size before relaxing)
 .debug_str     0x0000249c       0x21 build/obj/tm.o
                                 0xfd (size before relaxing)
 .debug_str     0x000024bd       0x26 build/obj/mmc_spi.o
                                0x102 (size before relaxing)
 .debug_str     0x000024e3       0x29 build/obj/serial_usb.o
                                0x105 (size before relaxing)
 .debug_str     0x0000250c       0x22 build/obj/rtc.o
                                 0xfe (size before relaxing)
 .debug_str     0x0000252e      0x42e build/obj/stm32_dma.o
                                0x59d (size before relaxing)
 .debug_str     0x0000295c       0xd7 build/obj/hal_lld.o
                                0x248 (size before relaxing)
 .debug_str     0x00002a33       0x36 build/obj/adc_lld.o
                                0x112 (size before relaxing)
 .debug_str     0x00002a69       0x32 build/obj/can_lld.o
                                0x10e (size before relaxing)
 .debug_str     0x00002a9b      0x13f build/obj/ext_lld.o
                                0x59b (size before relaxing)
 .debug_str     0x00002bda       0xea build/obj/gpt_lld.o
                                0x647 (size before relaxing)
 .debug_str     0x00002cc4      0x1b2 build/obj/i2c_lld.o
                                0xa17 (size before relaxing)
 .debug_str     0x00002e76       0x32 build/obj/icu_lld.o
                                0x10e (size before relaxing)
 .debug_str     0x00002ea8       0x32 build/obj/mac_lld.o
                                0x10e (size before relaxing)
 .debug_str     0x00002eda       0x32 build/obj/pwm_lld.o
                                0x10e (size before relaxing)
 .debug_str     0x00002f0c       0x8d build/obj/serial_lld.o
                                0x7f7 (size before relaxing)
 .debug_str     0x00002f99       0x32 build/obj/sdc_lld.o
                                0x10e (size before relaxing)
 .debug_str     0x00002fcb       0x32 build/obj/spi_lld.o
                                0x10e (size before relaxing)
 .debug_str     0x00002ffd       0x33 build/obj/uart_lld.o
                                0x10f (size before relaxing)
 .debug_str     0x00003030       0x69 build/obj/pal_lld.o
                                0x21e (size before relaxing)
 .debug_str     0x00003099       0x38 build/obj/usb_lld.o
                                0x114 (size before relaxing)
 .debug_str     0x000030d1       0x38 build/obj/rtc_lld.o
                                0x114 (size before relaxing)
 .debug_str     0x00003109       0x1a build/obj/board.o
                                0x15f (size before relaxing)
 .debug_str     0x00003123       0x5d build/obj/evtimer.o
                                0x303 (size before relaxing)
 .debug_str     0x00003180      0x49c build/obj/syscalls.o
                                0x5d9 (size before relaxing)
 .debug_str     0x0000361c      0x11a build/obj/shell.o
                                0x4b6 (size before relaxing)
 .debug_str     0x00003736       0x9a build/obj/chprintf.o
                                0x1ef (size before relaxing)
 .debug_str     0x000037d0      0x27a build/obj/moto_ctrl.o
                                0x77e (size before relaxing)
 .debug_str     0x00003a4a       0x8a build/obj/iwdg.o
                                0x195 (size before relaxing)
 .debug_str     0x00003ad4       0x48 build/obj/iwdg_lld.o
                                0x1a7 (size before relaxing)
 .debug_str     0x00003b1c        0xd build/obj/main.o
                                 0xee (size before relaxing)
 .debug_str     0x00003b29      0x1c3 build/obj/cpu_io.o
                                0x74a (size before relaxing)
 .debug_str     0x00003cec       0x6c build/obj/led_ctrl.o
                                0x339 (size before relaxing)
 .debug_str     0x00003d58       0x46 build/obj/dfu_ctrl.o
                                0x183 (size before relaxing)
 .debug_str     0x00003d9e       0x6a build/obj/shutter_ctrl.o
                                0x37a (size before relaxing)
 .debug_str     0x00003e08      0x11f build/obj/eeprom_ctrl.o
                                0x66a (size before relaxing)

.comment        0x00000000       0x2a
 .comment       0x00000000       0x2a build/obj/crt0.o
                                 0x2b (size before relaxing)
 .comment       0x00000000       0x2b build/obj/vectors.o
 .comment       0x00000000       0x2b build/obj/chcore.o
 .comment       0x00000000       0x2b build/obj/chcore_v7m.o
 .comment       0x00000000       0x2b build/obj/nvic.o
 .comment       0x00000000       0x2b build/obj/chsys.o
 .comment       0x00000000       0x2b build/obj/chdebug.o
 .comment       0x00000000       0x2b build/obj/chlists.o
 .comment       0x00000000       0x2b build/obj/chvt.o
 .comment       0x00000000       0x2b build/obj/chschd.o
 .comment       0x00000000       0x2b build/obj/chthreads.o
 .comment       0x00000000       0x2b build/obj/chdynamic.o
 .comment       0x00000000       0x2b build/obj/chregistry.o
 .comment       0x00000000       0x2b build/obj/chsem.o
 .comment       0x00000000       0x2b build/obj/chmtx.o
 .comment       0x00000000       0x2b build/obj/chcond.o
 .comment       0x00000000       0x2b build/obj/chevents.o
 .comment       0x00000000       0x2b build/obj/chmsg.o
 .comment       0x00000000       0x2b build/obj/chmboxes.o
 .comment       0x00000000       0x2b build/obj/chqueues.o
 .comment       0x00000000       0x2b build/obj/chmemcore.o
 .comment       0x00000000       0x2b build/obj/chheap.o
 .comment       0x00000000       0x2b build/obj/chmempools.o
 .comment       0x00000000       0x2b build/obj/test.o
 .comment       0x00000000       0x2b build/obj/testthd.o
 .comment       0x00000000       0x2b build/obj/testsem.o
 .comment       0x00000000       0x2b build/obj/testmtx.o
 .comment       0x00000000       0x2b build/obj/testmsg.o
 .comment       0x00000000       0x2b build/obj/testmbox.o
 .comment       0x00000000       0x2b build/obj/testevt.o
 .comment       0x00000000       0x2b build/obj/testheap.o
 .comment       0x00000000       0x2b build/obj/testpools.o
 .comment       0x00000000       0x2b build/obj/testdyn.o
 .comment       0x00000000       0x2b build/obj/testqueues.o
 .comment       0x00000000       0x2b build/obj/testbmk.o
 .comment       0x00000000       0x2b build/obj/hal.o
 .comment       0x00000000       0x2b build/obj/adc.o
 .comment       0x00000000       0x2b build/obj/can.o
 .comment       0x00000000       0x2b build/obj/ext.o
 .comment       0x00000000       0x2b build/obj/gpt.o
 .comment       0x00000000       0x2b build/obj/i2c.o
 .comment       0x00000000       0x2b build/obj/icu.o
 .comment       0x00000000       0x2b build/obj/mac.o
 .comment       0x00000000       0x2b build/obj/pal.o
 .comment       0x00000000       0x2b build/obj/pwm.o
 .comment       0x00000000       0x2b build/obj/sdc.o
 .comment       0x00000000       0x2b build/obj/serial.o
 .comment       0x00000000       0x2b build/obj/spi.o
 .comment       0x00000000       0x2b build/obj/uart.o
 .comment       0x00000000       0x2b build/obj/usb.o
 .comment       0x00000000       0x2b build/obj/tm.o
 .comment       0x00000000       0x2b build/obj/mmc_spi.o
 .comment       0x00000000       0x2b build/obj/serial_usb.o
 .comment       0x00000000       0x2b build/obj/rtc.o
 .comment       0x00000000       0x2b build/obj/stm32_dma.o
 .comment       0x00000000       0x2b build/obj/hal_lld.o
 .comment       0x00000000       0x2b build/obj/adc_lld.o
 .comment       0x00000000       0x2b build/obj/can_lld.o
 .comment       0x00000000       0x2b build/obj/ext_lld.o
 .comment       0x00000000       0x2b build/obj/gpt_lld.o
 .comment       0x00000000       0x2b build/obj/i2c_lld.o
 .comment       0x00000000       0x2b build/obj/icu_lld.o
 .comment       0x00000000       0x2b build/obj/mac_lld.o
 .comment       0x00000000       0x2b build/obj/pwm_lld.o
 .comment       0x00000000       0x2b build/obj/serial_lld.o
 .comment       0x00000000       0x2b build/obj/sdc_lld.o
 .comment       0x00000000       0x2b build/obj/spi_lld.o
 .comment       0x00000000       0x2b build/obj/uart_lld.o
 .comment       0x00000000       0x2b build/obj/pal_lld.o
 .comment       0x00000000       0x2b build/obj/usb_lld.o
 .comment       0x00000000       0x2b build/obj/rtc_lld.o
 .comment       0x00000000       0x2b build/obj/board.o
 .comment       0x00000000       0x2b build/obj/evtimer.o
 .comment       0x00000000       0x2b build/obj/syscalls.o
 .comment       0x00000000       0x2b build/obj/shell.o
 .comment       0x00000000       0x2b build/obj/chprintf.o
 .comment       0x00000000       0x2b build/obj/moto_ctrl.o
 .comment       0x00000000       0x2b build/obj/iwdg.o
 .comment       0x00000000       0x2b build/obj/iwdg_lld.o
 .comment       0x00000000       0x2b build/obj/main.o
 .comment       0x00000000       0x2b build/obj/cpu_io.o
 .comment       0x00000000       0x2b build/obj/led_ctrl.o
 .comment       0x00000000       0x2b build/obj/dfu_ctrl.o
 .comment       0x00000000       0x2b build/obj/shutter_ctrl.o
 .comment       0x00000000       0x2b build/obj/eeprom_ctrl.o

.ARM.attributes
                0x00000000       0x31
 .ARM.attributes
                0x00000000       0x31 build/obj/crt0.o
 .ARM.attributes
                0x00000031       0x31 build/obj/vectors.o
 .ARM.attributes
                0x00000062       0x31 build/obj/chcore.o
 .ARM.attributes
                0x00000093       0x31 build/obj/chcore_v7m.o
 .ARM.attributes
                0x000000c4       0x31 build/obj/nvic.o
 .ARM.attributes
                0x000000f5       0x31 build/obj/chsys.o
 .ARM.attributes
                0x00000126       0x31 build/obj/chdebug.o
 .ARM.attributes
                0x00000157       0x31 build/obj/chlists.o
 .ARM.attributes
                0x00000188       0x31 build/obj/chvt.o
 .ARM.attributes
                0x000001b9       0x31 build/obj/chschd.o
 .ARM.attributes
                0x000001ea       0x31 build/obj/chthreads.o
 .ARM.attributes
                0x0000021b       0x31 build/obj/chdynamic.o
 .ARM.attributes
                0x0000024c       0x31 build/obj/chregistry.o
 .ARM.attributes
                0x0000027d       0x31 build/obj/chsem.o
 .ARM.attributes
                0x000002ae       0x31 build/obj/chmtx.o
 .ARM.attributes
                0x000002df       0x31 build/obj/chcond.o
 .ARM.attributes
                0x00000310       0x31 build/obj/chevents.o
 .ARM.attributes
                0x00000341       0x31 build/obj/chmsg.o
 .ARM.attributes
                0x00000372       0x31 build/obj/chmboxes.o
 .ARM.attributes
                0x000003a3       0x31 build/obj/chqueues.o
 .ARM.attributes
                0x000003d4       0x31 build/obj/chmemcore.o
 .ARM.attributes
                0x00000405       0x31 build/obj/chheap.o
 .ARM.attributes
                0x00000436       0x31 build/obj/chmempools.o
 .ARM.attributes
                0x00000467       0x31 build/obj/test.o
 .ARM.attributes
                0x00000498       0x31 build/obj/testthd.o
 .ARM.attributes
                0x000004c9       0x31 build/obj/testsem.o
 .ARM.attributes
                0x000004fa       0x31 build/obj/testmtx.o
 .ARM.attributes
                0x0000052b       0x31 build/obj/testmsg.o
 .ARM.attributes
                0x0000055c       0x31 build/obj/testmbox.o
 .ARM.attributes
                0x0000058d       0x31 build/obj/testevt.o
 .ARM.attributes
                0x000005be       0x31 build/obj/testheap.o
 .ARM.attributes
                0x000005ef       0x31 build/obj/testpools.o
 .ARM.attributes
                0x00000620       0x31 build/obj/testdyn.o
 .ARM.attributes
                0x00000651       0x31 build/obj/testqueues.o
 .ARM.attributes
                0x00000682       0x31 build/obj/testbmk.o
 .ARM.attributes
                0x000006b3       0x31 build/obj/hal.o
 .ARM.attributes
                0x000006e4       0x31 build/obj/adc.o
 .ARM.attributes
                0x00000715       0x31 build/obj/can.o
 .ARM.attributes
                0x00000746       0x31 build/obj/ext.o
 .ARM.attributes
                0x00000777       0x31 build/obj/gpt.o
 .ARM.attributes
                0x000007a8       0x31 build/obj/i2c.o
 .ARM.attributes
                0x000007d9       0x31 build/obj/icu.o
 .ARM.attributes
                0x0000080a       0x31 build/obj/mac.o
 .ARM.attributes
                0x0000083b       0x31 build/obj/pal.o
 .ARM.attributes
                0x0000086c       0x31 build/obj/pwm.o
 .ARM.attributes
                0x0000089d       0x31 build/obj/sdc.o
 .ARM.attributes
                0x000008ce       0x31 build/obj/serial.o
 .ARM.attributes
                0x000008ff       0x31 build/obj/spi.o
 .ARM.attributes
                0x00000930       0x31 build/obj/uart.o
 .ARM.attributes
                0x00000961       0x31 build/obj/usb.o
 .ARM.attributes
                0x00000992       0x31 build/obj/tm.o
 .ARM.attributes
                0x000009c3       0x31 build/obj/mmc_spi.o
 .ARM.attributes
                0x000009f4       0x31 build/obj/serial_usb.o
 .ARM.attributes
                0x00000a25       0x31 build/obj/rtc.o
 .ARM.attributes
                0x00000a56       0x31 build/obj/stm32_dma.o
 .ARM.attributes
                0x00000a87       0x31 build/obj/hal_lld.o
 .ARM.attributes
                0x00000ab8       0x31 build/obj/adc_lld.o
 .ARM.attributes
                0x00000ae9       0x31 build/obj/can_lld.o
 .ARM.attributes
                0x00000b1a       0x31 build/obj/ext_lld.o
 .ARM.attributes
                0x00000b4b       0x31 build/obj/gpt_lld.o
 .ARM.attributes
                0x00000b7c       0x31 build/obj/i2c_lld.o
 .ARM.attributes
                0x00000bad       0x31 build/obj/icu_lld.o
 .ARM.attributes
                0x00000bde       0x31 build/obj/mac_lld.o
 .ARM.attributes
                0x00000c0f       0x31 build/obj/pwm_lld.o
 .ARM.attributes
                0x00000c40       0x31 build/obj/serial_lld.o
 .ARM.attributes
                0x00000c71       0x31 build/obj/sdc_lld.o
 .ARM.attributes
                0x00000ca2       0x31 build/obj/spi_lld.o
 .ARM.attributes
                0x00000cd3       0x31 build/obj/uart_lld.o
 .ARM.attributes
                0x00000d04       0x31 build/obj/pal_lld.o
 .ARM.attributes
                0x00000d35       0x31 build/obj/usb_lld.o
 .ARM.attributes